ets Jul 29 2019 12:21:46

rst:0x1 (POWERON_RESET),boot:0x17 (SPI_FAST_FLASH_BOOT)
configsip: 0, SPIWP:0xee
clk_drv:0x00,q_drv:0x00,d_drv:0x00,cs0_drv:0x00,hd_drv:0x00,wp_drv:0x00
mode:DIO, clock div:2
load:0x3fff0030,len:7172
load:0x40078000,len:15620
load:0x40080400,len:4
ho 8 tail 4 room 4
load:0x40080404,len:3904
entry 0x40080640
[0;32mI (31) boot: ESP-IDF v5.2.5-dirty 2nd stage bootloader[0m
[0;32mI (31) boot: compile time Jun  7 2025 18:27:38[0m
[0;32mI (31) boot: Multicore bootloader[0m
[0;32mI (36) boot: chip revision: v3.1[0m
[0;32mI (40) boot.esp32: SPI Speed      : 40MHz[0m
[0;32mI (44) boot.esp32: SPI Mode       : DIO[0m
[0;32mI (49) boot.esp32: SPI Flash Size : 4MB[0m
[0;32mI (53) boot: Enabling RNG early entropy source...[0m
[0;32mI (59) boot: Partition Table:[0m
[0;32mI (62) boot: ## Label            Usage          Type ST Offset   Length[0m
[0;32mI (70) boot:  0 nvs              WiFi data        01 02 00009000 00006000[0m
[0;32mI (77) boot:  1 phy_init         RF data          01 01 0000f000 00001000[0m
[0;32mI (85) boot:  2 factory          factory app      00 00 00010000 00180000[0m
[0;32mI (92) boot: End of partition table[0m
[0;32mI (96) esp_image: segment 0: paddr=00010020 vaddr=3f400020 size=09e14h ( 40468) map[0m
[0;32mI (119) esp_image: segment 1: paddr=00019e3c vaddr=3ffbdb60 size=03550h ( 13648) load[0m
[0;32mI (124) esp_image: segment 2: paddr=0001d394 vaddr=40080000 size=02c84h ( 11396) load[0m
[0;32mI (129) esp_image: segment 3: paddr=00020020 vaddr=400d0020 size=17c48h ( 97352) map[0m
[0;32mI (166) esp_image: segment 4: paddr=00037c70 vaddr=40082c84 size=09f40h ( 40768) load[0m
[0;32mI (189) boot: Loaded app from partition at offset 0x10000[0m
[0;32mI (189) boot: Disabling RNG early entropy source...[0m
[0;32mI (201) cpu_start: Multicore app[0m
[0;32mI (210) cpu_start: Pro cpu start user code[0m
[0;32mI (210) cpu_start: cpu freq: 160000000 Hz[0m
[0;32mI (210) cpu_start: Application information:[0m
[0;32mI (213) cpu_start: Project name:     main[0m
[0;32mI (218) cpu_start: App version:      2486dbd-dirty[0m
[0;32mI (223) cpu_start: Compile time:     Jun  7 2025 18:27:24[0m
[0;32mI (229) cpu_start: ELF file SHA256:  4f5034d79...[0m
[0;32mI (235) cpu_start: ESP-IDF:          v5.2.5-dirty[0m
[0;32mI (240) cpu_start: Min chip rev:     v0.0[0m
[0;32mI (245) cpu_start: Max chip rev:     v3.99 [0m
[0;32mI (250) cpu_start: Chip rev:         v3.1[0m
[0;32mI (255) heap_init: Initializing. RAM available for dynamic allocation:[0m
[0;32mI (262) heap_init: At 3FFAE6E0 len 0000F480 (61 KiB): DRAM[0m
[0;32mI (268) heap_init: At 3FFC1998 len 0001E668 (121 KiB): DRAM[0m
[0;32mI (274) heap_init: At 3FFE0440 len 00003AE0 (14 KiB): D/IRAM[0m
[0;32mI (280) heap_init: At 3FFE4350 len 0001BCB0 (111 KiB): D/IRAM[0m
[0;32mI (287) heap_init: At 4008CBC4 len 0001343C (77 KiB): IRAM[0m
[0;32mI (294) spi_flash: detected chip: generic[0m
[0;32mI (297) spi_flash: flash io: dio[0m
[0;32mI (302) coexist: coex firmware version: 994b23e[0m
[0;32mI (307) main_task: Started on CPU0[0m
[0;32mI (311) main_task: Calling app_main()[0m
[0;32mI (314) DS18B20_1_WIRE: Initializating DS18B20[0m
31.875
31.750
31.875
31.750
31.875
31.875
32.000
32.250
32.500
32.750
33.000
33.125
33.375
33.500
33.625
33.750
34.000
34.250
34.375
34.500
34.625
34.750
34.875
34.875
35.000
35.000
35.125
35.125
35.250
35.250
35.250
35.250
35.375
35.375
35.375
35.375
35.375
35.500
35.500
35.500
35.500
35.625
35.625
35.625
35.625
35.625
35.625
35.625
35.625
35.625
35.750
35.750
35.750
35.625
35.750
35.750
35.750
35.750
35.750
35.750
35.875
35.875
35.875
35.875
35.875
35.875
35.875
35.875
35.875
35.875
35.875
36.000
36.000
35.875
36.000
36.000
36.000
36.000
36.000
36.000
36.000
36.000
36.000
36.000
36.000
36.000
36.000
36.125
36.125
36.000
36.125
ï¿½ï¿½ï¿½ï¿½ï¿½ï¿½ï¿½ï¿½ï¿½ï¿½ï¿½ï¿½ï¿½ï¿½ï¿½ï¿½ï¿½ï¿½ï¿½ï¿½ï¿½ï¿½ï¿½ï¿½ï¿½ï¿½ï¿½ï¿½ï¿½ï¿½ï¿½ï¿½ï¿½ï¿½ï¿½ï¿½ï¿½ï¿½ï¿½ï¿½ï¿½ï¿½ï¿½ï¿½ï¿½ï¿½ï¿½ï¿½ï¿½ï¿½ï¿½ï¿½ï¿½ï¿½ï¿½ï¿½ï¿½ï¿½ï¿½ï¿½ï¿½ï¿½ï¿½ï¿½.125
36.125
36.125
36.125
36.125
36.125
36.125
36.125
36.125
36.125
ï¿½ï¿½ï¿½ï¿½ï¿½ï¿½ï¿½ï¿½ï¿½ï¿½ï¿½ï¿½ï¿½ï¿½ï¿½ï¿½ï¿½ï¿½ï¿½ï¿½ï¿½ï¿½ï¿½ï¿½ï¿½ï¿½ï¿½ï¿½ï¿½ï¿½ï¿½ï¿½ï¿½ï¿½ï¿½ï¿½ï¿½ï¿½ï¿½ï¿½ï¿½ï¿½ï¿½ï¿½ï¿½ï¿½ï¿½ï¿½ï¿½ï¿½ï¿½ï¿½ï¿½ï¿½ï¿½ï¿½ï¿½ï¿½ï¿½ï¿½ï¿½ï¿½ï¿½ï¿½.125
36.125
36.125
36.125
36.125
36.125
36.125
36.125
36.125
36.125
36.125
36.250
36.250
36.125
36.125
36.250
36.250
36.125
36.125
36.125
36.250
