ets Jul 29 2019 12:21:46

rst:0x1 (POWERON_RESET),boot:0x17 (SPI_FAST_FLASH_BOOT)
configsip: 0, SPIWP:0xee
clk_drv:0x00,q_drv:0x00,d_drv:0x00,cs0_drv:0x00,hd_drv:0x00,wp_drv:0x00
mode:DIO, clock div:2
load:0x3fff0030,len:7172
load:0x40078000,len:15620
load:0x40080400,len:4
ho 8 tail 4 room 4
load:0x40080404,len:3904
entry 0x40080640
[0;32mI (31) boot: ESP-IDF v5.2.5-dirty 2nd stage bootloader[0m
[0;32mI (31) boot: compile time Jun  7 2025 18:27:38[0m
[0;32mI (31) boot: Multicore bootloader[0m
[0;32mI (36) boot: chip revision: v3.1[0m
[0;32mI (40) boot.esp32: SPI Speed      : 40MHz[0m
[0;32mI (44) boot.esp32: SPI Mode       : DIO[0m
[0;32mI (49) boot.esp32: SPI Flash Size : 4MB[0m
[0;32mI (53) boot: Enabling RNG early entropy source...[0m
[0;32mI (59) boot: Partition Table:[0m
[0;32mI (62) boot: ## Label            Usage          Type ST Offset   Length[0m
[0;32mI (70) boot:  0 nvs              WiFi data        01 02 00009000 00006000[0m
[0;32mI (77) boot:  1 phy_init         RF data          01 01 0000f000 00001000[0m
[0;32mI (85) boot:  2 factory          factory app      00 00 00010000 00180000[0m
[0;32mI (92) boot: End of partition table[0m
[0;32mI (96) esp_image: segment 0: paddr=00010020 vaddr=3f400020 size=11d94h ( 73108) map[0m
[0;32mI (130) esp_image: segment 1: paddr=00021dbc vaddr=3ffbdb60 size=03be0h ( 15328) load[0m
[0;32mI (136) esp_image: segment 2: paddr=000259a4 vaddr=40080000 size=0a674h ( 42612) load[0m
[0;32mI (153) esp_image: segment 3: paddr=00030020 vaddr=400d0020 size=2c414h (181268) map[0m
[0;32mI (215) esp_image: segment 4: paddr=0005c43c vaddr=4008a674 size=067b8h ( 26552) load[0m
[0;32mI (234) boot: Loaded app from partition at offset 0x10000[0m
[0;32mI (235) boot: Disabling RNG early entropy source...[0m
[0;32mI (246) cpu_start: Multicore app[0m
[0;32mI (255) cpu_start: Pro cpu start user code[0m
[0;32mI (255) cpu_start: cpu freq: 160000000 Hz[0m
[0;32mI (255) cpu_start: Application information:[0m
[0;32mI (258) cpu_start: Project name:     main[0m
[0;32mI (263) cpu_start: App version:      2486dbd-dirty[0m
[0;32mI (269) cpu_start: Compile time:     Jun  7 2025 18:27:24[0m
[0;32mI (275) cpu_start: ELF file SHA256:  805626a59...[0m
[0;32mI (280) cpu_start: ESP-IDF:          v5.2.5-dirty[0m
[0;32mI (285) cpu_start: Min chip rev:     v0.0[0m
[0;32mI (290) cpu_start: Max chip rev:     v3.99 [0m
[0;32mI (295) cpu_start: Chip rev:         v3.1[0m
[0;32mI (300) heap_init: Initializing. RAM available for dynamic allocation:[0m
[0;32mI (307) heap_init: At 3FFAE6E0 len 0000F480 (61 KiB): DRAM[0m
[0;32mI (313) heap_init: At 3FFCA850 len 000157B0 (85 KiB): DRAM[0m
[0;32mI (319) heap_init: At 3FFE0440 len 00003AE0 (14 KiB): D/IRAM[0m
[0;32mI (325) heap_init: At 3FFE4350 len 0001BCB0 (111 KiB): D/IRAM[0m
[0;32mI (332) heap_init: At 40090E2C len 0000F1D4 (60 KiB): IRAM[0m
[0;32mI (340) spi_flash: detected chip: generic[0m
[0;32mI (343) spi_flash: flash io: dio[0m
[0;33mW (347) i2c: This driver is an old driver, please migrate your application code to adapt `driver/i2c_master.h`[0m
[0;32mI (358) coexist: coex firmware version: 994b23e[0m
[0;32mI (363) main_task: Started on CPU0[0m
[0;32mI (366) main_task: Calling app_main()[0m
[0;32mI (371) SD_CARD_SPI: Mounting SD card at /data[0m
[0;32mI (376) gpio: GPIO[5]| InputEn: 0| OutputEn: 1| OpenDrain: 0| Pullup: 0| Pulldown: 0| Intr:0 [0m
[0;32mI (386) sdspi_transaction: cmd=52, R1 response: command not supported[0m
[0;32mI (434) sdspi_transaction: cmd=5, R1 response: command not supported[0m
Name: 00000
Type: SDHC/SDXC
Speed: 20.00 MHz (limit: 20.00 MHz)
Size: 14910MB
CSD: ver=2, sector_size=512, capacity=30535680 read_bl_len=9
SSR: bus_width=1
[0;32mI (462) gpio: GPIO[0]| InputEn: 1| OutputEn: 0| OpenDrain: 0| Pullup: 1| Pulldown: 0| Intr:0 [0m
[0;32mI (471) gpio: GPIO[15]| InputEn: 0| OutputEn: 1| OpenDrain: 0| Pullup: 0| Pulldown: 0| Intr:0 [0m
[0;32mI (481) MPU6500: Initializating MPU6500[0m
[0;32mI (486) INMP441_I2S: INMP441 I2S initialized with 16000, 32 bit, mono (left)[0m
[0;32mI (492) BMP280: Initializating BMP280[0m
[0;32mI (497) main_task: Returned from app_main()[0m
[0;32mI (608) DS18B20_1_WIRE: Initializating DS18B20[0m
593.484253                   32.250000                    1215108
991.409363                   32.375000                    2493108
989.406006                   32.250000                    3683108
990.623291                   32.250000                    4873108
991.840454                   32.375000                    6063108
991.028992                   32.375000                    7253108
992.246277                   32.375000                    8443108
991.434753                   32.375000                    9463108
989.811707                   32.250000                    10653108
989.811707                   32.375000                    11843108
986.971741                   32.250000                    13033108
987.377441                   32.375000                    14223108
986.971741                   32.250000                    15413108
993.032471                   32.250000                    16603108
988.594543                   32.375000                    17793108
991.434753                   32.375000                    18983108
988.188721                   32.250000                    20173108
989.406006                   32.250000                    21363108
988.594543                   32.250000                    22553108
988.594543                   32.375000                    23743108
992.246277                   32.250000                    24933108
988.214233                   32.375000                    26123108
988.214233                   32.250000                    27313108
987.808411                   32.250000                    28503108
989.025635                   32.375000                    29693108
988.214233                   32.375000                    30883108
992.652039                   32.375000                    32073108
992.652039                   32.375000                    33263108
991.028992                   32.375000                    34453108
989.000305                   32.250000                    35643108
988.594543                   32.250000                    36833108
989.811707                   32.250000                    38023108
990.623291                   32.375000                    39213108
989.811707                   32.250000                    40403108
989.811707                   -127.000000                    41593108
990.217529                   32.250000                    42783108
991.434753                   32.375000                    43973108
991.840454                   32.375000                    45163108
990.623291                   32.375000                    46353108
989.406006                   -127.000000                    47543108
988.188721                   32.375000                    48733108
ï¿½ï¿½ï¿½ï¿½ï¿½ï¿½ï¿½ï¿½ï¿½ï¿½ï¿½ï¿½ï¿½ï¿½ï¿½ï¿½ï¿½ï¿½ï¿½ï¿½ï¿½ï¿½ï¿½ï¿½ï¿½ï¿½ï¿½ï¿½ï¿½ï¿½ï¿½ï¿½ï¿½ï¿½ï¿½ï¿½ï¿½ï¿½ï¿½ï¿½ï¿½ï¿½ï¿½ï¿½ï¿½ï¿½ï¿½ï¿½ï¿½ï¿½ï¿½ï¿½ï¿½ï¿½ï¿½ï¿½ï¿½ï¿½ï¿½ï¿½ï¿½ï¿½ï¿½ï¿½9.000305                   32.250000                    49923108
992.246277                   32.250000                    51113108
993.057800                   32.375000                    52303108
993.057800                   32.250000                    53493108
991.840454                   32.375000                    54683108
990.623291                   32.375000                    55873108
989.000305                   32.375000                    57063108
990.217529                   32.375000                    58253108
991.028992                   32.250000                    59443108
991.840454                   32.250000                    60633108
992.652039                   32.375000                    61823108
991.840454                   32.375000                    63013108
989.406006                   32.375000                    64203108
987.377441                   32.375000                    65393108
992.626709                   32.250000                    66583108
991.409363                   32.375000                    67773108
990.597900                   32.375000                    68963108
991.815186                   32.375000                    70153108
993.032471                   32.250000                    71343108
992.220947                   32.375000                    72533108
991.815186                   32.375000                    73723108
992.626709                   32.250000                    74913108
989.786377                   32.375000                    76103108
990.192139                   32.375000                    77293108
990.597900                   -127.000000                    78483108
991.003601                   32.250000                    79673108
991.003601                   32.375000                    80863108
991.409363                   32.375000                    82053108
989.786377                   32.375000                    83243108
990.192139                   32.375000                    84433108
988.163452                   32.250000                    85623108
989.786377                   32.250000                    86813108
988.569214                   32.375000                    88003108
988.569214                   32.250000                    89193108
989.786377                   32.375000                    90383108
990.192139                   32.375000                    91573108
990.192139                   32.250000                    92763108
ï¿½ï¿½ï¿½ï¿½ï¿½ï¿½ï¿½ï¿½ï¿½ï¿½ï¿½ï¿½ï¿½ï¿½ï¿½ï¿½ï¿½ï¿½ï¿½ï¿½ï¿½ï¿½ï¿½ï¿½ï¿½ï¿½ï¿½ï¿½ï¿½ï¿½ï¿½ï¿½ï¿½ï¿½ï¿½ï¿½ï¿½ï¿½ï¿½ï¿½ï¿½ï¿½ï¿½ï¿½ï¿½ï¿½ï¿½ï¿½ï¿½ï¿½ï¿½ï¿½ï¿½ï¿½ï¿½ï¿½ï¿½ï¿½ï¿½ï¿½ï¿½ï¿½ï¿½ï¿½1.003601                   32.250000                    93911108
991.003601                   32.250000                    95102108
990.192139                   32.250000                    96293108
988.974915                   32.375000                    97483108
987.757812                   32.375000                    98673108
987.352051                   32.375000                    99864108
987.757812                   32.250000                    101055109
993.007080                   32.250000                    102246108
992.601379                   32.250000                    103437183
