ets Jul 29 2019 12:21:46

rst:0x1 (POWERON_RESET),boot:0x17 (SPI_FAST_FLASH_BOOT)
configsip: 0, SPIWP:0xee
clk_drv:0x00,q_drv:0x00,d_drv:0x00,cs0_drv:0x00,hd_drv:0x00,wp_drv:0x00
mode:DIO, clock div:2
load:0x3fff0030,len:7172
load:0x40078000,len:15620
load:0x40080400,len:4
ho 8 tail 4 room 4
load:0x40080404,len:3904
entry 0x40080640
[0;32mI (31) boot: ESP-IDF v5.2.5-dirty 2nd stage bootloader[0m
[0;32mI (31) boot: compile time Jun  7 2025 18:27:38[0m
[0;32mI (31) boot: Multicore bootloader[0m
[0;32mI (36) boot: chip revision: v3.1[0m
[0;32mI (40) boot.esp32: SPI Speed      : 40MHz[0m
[0;32mI (44) boot.esp32: SPI Mode       : DIO[0m
[0;32mI (49) boot.esp32: SPI Flash Size : 4MB[0m
[0;32mI (53) boot: Enabling RNG early entropy source...[0m
[0;32mI (59) boot: Partition Table:[0m
[0;32mI (62) boot: ## Label            Usage          Type ST Offset   Length[0m
[0;32mI (70) boot:  0 nvs              WiFi data        01 02 00009000 00006000[0m
[0;32mI (77) boot:  1 phy_init         RF data          01 01 0000f000 00001000[0m
[0;32mI (85) boot:  2 factory          factory app      00 00 00010000 00180000[0m
[0;32mI (92) boot: End of partition table[0m
[0;32mI (96) esp_image: segment 0: paddr=00010020 vaddr=3f400020 size=2dfa0h (188320) map[0m
[0;32mI (169) esp_image: segment 1: paddr=0003dfc8 vaddr=3ffbdb60 size=02050h (  8272) load[0m
[0;32mI (173) esp_image: segment 2: paddr=00040020 vaddr=400d0020 size=c5988h (809352) map[0m
[0;32mI (452) esp_image: segment 3: paddr=001059b0 vaddr=3ffbfbb0 size=0408ch ( 16524) load[0m
[0;32mI (459) esp_image: segment 4: paddr=00109a44 vaddr=40080000 size=1e1d8h (123352) load[0m
[0;32mI (522) boot: Loaded app from partition at offset 0x10000[0m
[0;32mI (523) boot: Disabling RNG early entropy source...[0m
[0;32mI (534) cpu_start: Multicore app[0m
[0;32mI (543) cpu_start: Pro cpu start user code[0m
[0;32mI (543) cpu_start: cpu freq: 160000000 Hz[0m
[0;32mI (543) cpu_start: Application information:[0m
[0;32mI (546) cpu_start: Project name:     main[0m
[0;32mI (551) cpu_start: App version:      c9125ae-dirty[0m
[0;32mI (557) cpu_start: Compile time:     Jun 11 2025 15:42:32[0m
[0;32mI (563) cpu_start: ELF file SHA256:  282a26b8a...[0m
[0;32mI (568) cpu_start: ESP-IDF:          v5.2.5-dirty[0m
[0;32mI (573) cpu_start: Min chip rev:     v0.0[0m
[0;32mI (578) cpu_start: Max chip rev:     v3.99 [0m
[0;32mI (583) cpu_start: Chip rev:         v3.1[0m
[0;32mI (588) heap_init: Initializing. RAM available for dynamic allocation:[0m
[0;32mI (595) heap_init: At 3FFAFF10 len 000000F0 (0 KiB): DRAM[0m
[0;32mI (601) heap_init: At 3FFB6388 len 00001C78 (7 KiB): DRAM[0m
[0;32mI (607) heap_init: At 3FFB9A20 len 00004108 (16 KiB): DRAM[0m
[0;32mI (613) heap_init: At 3FFCCF98 len 00013068 (76 KiB): DRAM[0m
[0;32mI (619) heap_init: At 3FFE0440 len 00003AE0 (14 KiB): D/IRAM[0m
[0;32mI (626) heap_init: At 3FFE4350 len 0001BCB0 (111 KiB): D/IRAM[0m
[0;32mI (632) heap_init: At 4009E1D8 len 00001E28 (7 KiB): IRAM[0m
[0;32mI (640) spi_flash: detected chip: generic[0m
[0;32mI (643) spi_flash: flash io: dio[0m
[0;33mW (647) i2c: This driver is an old driver, please migrate your application code to adapt `driver/i2c_master.h`[0m
[0;32mI (658) coexist: coex firmware version: 994b23e[0m
[0;32mI (664) main_task: Started on CPU0[0m
[0;32mI (668) main_task: Calling app_main()[0m
[0;32mI (706) BTDM_INIT: BT controller compile version [f7360be][0m
[0;32mI (709) BTDM_INIT: Bluetooth MAC: cc:7b:5c:27:ec:d6[0m
[0;32mI (711) phy_init: phy_version 4840,02e0d70,Sep  2 2024,19:39:07[0m
[0;32mI (797) phy_init: Saving new calibration data due to checksum failure or outdated calibration data, mode(0)[0m
[0;32mI (1376) WIFI_UART: GAP event: 10[0m
[0;32mI (1383) WIFI_UART: Bluetooth ready[0m
[0;32mI (1388) SD_CARD_SPI: Mounting SD card at /data[0m
[0;32mI (1393) gpio: GPIO[5]| InputEn: 0| OutputEn: 1| OpenDrain: 0| Pullup: 0| Pulldown: 0| Intr:0 [0m
[0;32mI (1397) sdspi_transaction: cmd=52, R1 response: command not supported[0m
[0;32mI (1445) sdspi_transaction: cmd=5, R1 response: command not supported[0m
[0;31mE (2463) sdmmc_sd: sdmmc_init_sd_ssr: sdmmc_send_cmd returned 0x107[0m
[0;31mE (2464) vfs_fat_sdmmc: sdmmc_card_init failed (0x107).[0m
[0;32mI (2466) gpio: GPIO[5]| InputEn: 1| OutputEn: 0| OpenDrain: 0| Pullup: 0| Pulldown: 0| Intr:0 [0m
[0;31mE (2475) SD_CARD_SPI: Failed to mount SD card: ESP_ERR_TIMEOUT[0m
[0;32mI (2481) main_task: Returned from app_main()[0m
ets Jul 29 2019 12:21:46

rst:0x1 (POWERON_RESET),boot:0x17 (SPI_FAST_FLASH_BOOT)
configsip: 0, SPIWP:0xee
clk_drv:0x00,q_drv:0x00,d_drv:0x00,cs0_drv:0x00,hd_drv:0x00,wp_drv:0x00
mode:DIO, clock div:2
load:0x3fff0030,len:7172
load:0x40078000,len:15620
load:0x40080400,len:4
ho 8 tail 4 room 4
load:0x40080404,len:3904
entry 0x40080640
[0;32mI (31) boot: ESP-IDF v5.2.5-dirty 2nd stage bootloader[0m
[0;32mI (31) boot: compile time Jun  7 2025 18:27:38[0m
[0;32mI (31) boot: Multicore bootloader[0m
[0;32mI (36) boot: chip revision: v3.1[0m
[0;32mI (40) boot.esp32: SPI Speed      : 40MHz[0m
[0;32mI (44) boot.esp32: SPI Mode       : DIO[0m
[0;32mI (49) boot.esp32: SPI Flash Size : 4MB[0m
[0;32mI (53) boot: Enabling RNG early entropy source...[0m
[0;32mI (59) boot: Partition Table:[0m
[0;32mI (62) boot: ## Label            Usage          Type ST Offset   Length[0m
[0;32mI (70) boot:  0 nvs              WiFi data        01 02 00009000 00006000[0m
[0;32mI (77) boot:  1 phy_init         RF data          01 01 0000f000 00001000[0m
[0;32mI (85) boot:  2 factory          factory app      00 00 00010000 00180000[0m
[0;32mI (92) boot: End of partition table[0m
[0;32mI (96) esp_image: segment 0: paddr=00010020 vaddr=3f400020 size=2dfa0h (188320) map[0m
[0;32mI (169) esp_image: segment 1: paddr=0003dfc8 vaddr=3ffbdb60 size=02050h (  8272) load[0m
[0;32mI (173) esp_image: segment 2: paddr=00040020 vaddr=400d0020 size=c5988h (809352) map[0m
[0;32mI (452) esp_image: segment 3: paddr=001059b0 vaddr=3ffbfbb0 size=0408ch ( 16524) load[0m
[0;32mI (459) esp_image: segment 4: paddr=00109a44 vaddr=40080000 size=1e1d8h (123352) load[0m
[0;32mI (522) boot: Loaded app from partition at offset 0x10000[0m
[0;32mI (523) boot: Disabling RNG early entropy source...[0m
[0;32mI (534) cpu_start: Multicore app[0m
[0;32mI (543) cpu_start: Pro cpu start user code[0m
[0;32mI (543) cpu_start: cpu freq: 160000000 Hz[0m
[0;32mI (543) cpu_start: Application information:[0m
[0;32mI (546) cpu_start: Project name:     main[0m
[0;32mI (551) cpu_start: App version:      c9125ae-dirty[0m
[0;32mI (557) cpu_start: Compile time:     Jun 11 2025 15:42:32[0m
[0;32mI (563) cpu_start: ELF file SHA256:  282a26b8a...[0m
[0;32mI (568) cpu_start: ESP-IDF:          v5.2.5-dirty[0m
[0;32mI (573) cpu_start: Min chip rev:     v0.0[0m
[0;32mI (578) cpu_start: Max chip rev:     v3.99 [0m
[0;32mI (583) cpu_start: Chip rev:         v3.1[0m
[0;32mI (588) heap_init: Initializing. RAM available for dynamic allocation:[0m
[0;32mI (595) heap_init: At 3FFAFF10 len 000000F0 (0 KiB): DRAM[0m
[0;32mI (601) heap_init: At 3FFB6388 len 00001C78 (7 KiB): DRAM[0m
[0;32mI (607) heap_init: At 3FFB9A20 len 00004108 (16 KiB): DRAM[0m
[0;32mI (613) heap_init: At 3FFCCF98 len 00013068 (76 KiB): DRAM[0m
[0;32mI (619) heap_init: At 3FFE0440 len 00003AE0 (14 KiB): D/IRAM[0m
[0;32mI (626) heap_init: At 3FFE4350 len 0001BCB0 (111 KiB): D/IRAM[0m
[0;32mI (632) heap_init: At 4009E1D8 len 00001E28 (7 KiB): IRAM[0m
[0;32mI (640) spi_flash: detected chip: generic[0m
[0;32mI (643) spi_flash: flash io: dio[0m
[0;33mW (647) i2c: This driver is an old driver, please migrate your application code to adapt `driver/i2c_master.h`[0m
[0;32mI (658) coexist: coex firmware version: 994b23e[0m
[0;32mI (664) main_task: Started on CPU0[0m
[0;32mI (668) main_task: Calling app_main()[0m
[0;32mI (708) BTDM_INIT: BT controller compile version [f7360be][0m
[0;32mI (710) BTDM_INIT: Bluetooth MAC: cc:7b:5c:27:ec:d6[0m
[0;32mI (713) phy_init: phy_version 4840,02e0d70,Sep  2 2024,19:39:07[0m
[0;32mI (797) phy_init: Saving new calibration data due to checksum failure or outdated calibration data, mode(0)[0m
[0;32mI (1369) WIFI_UART: GAP event: 10[0m
[0;32mI (1376) WIFI_UART: Bluetooth ready[0m
[0;32mI (1380) SD_CARD_SPI: Mounting SD card at /data[0m
[0;32mI (1385) gpio: GPIO[5]| InputEn: 0| OutputEn: 1| OpenDrain: 0| Pullup: 0| Pulldown: 0| Intr:0 [0m
[0;32mI (1389) sdspi_transaction: cmd=52, R1 response: command not supported[0m
[0;32mI (1437) sdspi_transaction: cmd=5, R1 response: command not supported[0m
[0;31mE (2455) sdmmc_sd: sdmmc_init_sd_ssr: sdmmc_send_cmd returned 0x107[0m
[0;31mE (2456) vfs_fat_sdmmc: sdmmc_card_init failed (0x107).[0m
[0;32mI (2458) gpio: GPIO[5]| InputEn: 1| OutputEn: 0| OpenDrain: 0| Pullup: 0| Pulldown: 0| Intr:0 [0m
[0;31mE (2467) SD_CARD_SPI: Failed to mount SD card: ESP_ERR_TIMEOUT[0m
[0;32mI (2473) main_task: Returned from app_main()[0m
ets Jul 29 2019 12:21:46

rst:0x1 (POWERON_RESET),boot:0x17 (SPI_FAST_FLASH_BOOT)
configsip: 0, SPIWP:0xee
clk_drv:0x00,q_drv:0x00,d_drv:0x00,cs0_drv:0x00,hd_drv:0x00,wp_drv:0x00
mode:DIO, clock div:2
load:0x3fff0030,len:7172
load:0x40078000,len:15620
load:0x40080400,len:4
ho 8 tail 4 room 4
load:0x40080404,len:3904
entry 0x40080640
[0;32mI (31) boot: ESP-IDF v5.2.5-dirty 2nd stage bootloader[0m
[0;32mI (31) boot: compile time Jun  7 2025 18:27:38[0m
[0;32mI (31) boot: Multicore bootloader[0m
[0;32mI (36) boot: chip revision: v3.1[0m
[0;32mI (40) boot.esp32: SPI Speed      : 40MHz[0m
[0;32mI (44) boot.esp32: SPI Mode       : DIO[0m
[0;32mI (49) boot.esp32: SPI Flash Size : 4MB[0m
[0;32mI (53) boot: Enabling RNG early entropy source...[0m
[0;32mI (59) boot: Partition Table:[0m
[0;32mI (62) boot: ## Label            Usage          Type ST Offset   Length[0m
[0;32mI (70) boot:  0 nvs              WiFi data        01 02 00009000 00006000[0m
[0;32mI (77) boot:  1 phy_init         RF data          01 01 0000f000 00001000[0m
[0;32mI (85) boot:  2 factory          factory app      00 00 00010000 00180000[0m
[0;32mI (92) boot: End of partition table[0m
[0;32mI (96) esp_image: segment 0: paddr=00010020 vaddr=3f400020 size=2dfa0h (188320) map[0m
[0;32mI (169) esp_image: segment 1: paddr=0003dfc8 vaddr=3ffbdb60 size=02050h (  8272) load[0m
[0;32mI (173) esp_image: segment 2: paddr=00040020 vaddr=400d0020 size=c5988h (809352) map[0m
[0;32mI (452) esp_image: segment 3: paddr=001059b0 vaddr=3ffbfbb0 size=0408ch ( 16524) load[0m
[0;32mI (459) esp_image: segment 4: paddr=00109a44 vaddr=40080000 size=1e1d8h (123352) load[0m
[0;32mI (522) boot: Loaded app from partition at offset 0x10000[0m
[0;32mI (523) boot: Disabling RNG early entropy source...[0m
[0;32mI (534) cpu_start: Multicore app[0m
[0;32mI (543) cpu_start: Pro cpu start user code[0m
[0;32mI (543) cpu_start: cpu freq: 160000000 Hz[0m
[0;32mI (543) cpu_start: Application information:[0m
[0;32mI (546) cpu_start: Project name:     main[0m
[0;32mI (551) cpu_start: App version:      c9125ae-dirty[0m
[0;32mI (557) cpu_start: Compile time:     Jun 11 2025 15:42:32[0m
[0;32mI (563) cpu_start: ELF file SHA256:  282a26b8a...[0m
[0;32mI (568) cpu_start: ESP-IDF:          v5.2.5-dirty[0m
[0;32mI (573) cpu_start: Min chip rev:     v0.0[0m
[0;32mI (578) cpu_start: Max chip rev:     v3.99 [0m
[0;32mI (583) cpu_start: Chip rev:         v3.1[0m
[0;32mI (588) heap_init: Initializing. RAM available for dynamic allocation:[0m
[0;32mI (595) heap_init: At 3FFAFF10 len 000000F0 (0 KiB): DRAM[0m
[0;32mI (601) heap_init: At 3FFB6388 len 00001C78 (7 KiB): DRAM[0m
[0;32mI (607) heap_init: At 3FFB9A20 len 00004108 (16 KiB): DRAM[0m
[0;32mI (613) heap_init: At 3FFCCF98 len 00013068 (76 KiB): DRAM[0m
[0;32mI (619) heap_init: At 3FFE0440 len 00003AE0 (14 KiB): D/IRAM[0m
[0;32mI (626) heap_init: At 3FFE4350 len 0001BCB0 (111 KiB): D/IRAM[0m
[0;32mI (632) heap_init: At 4009E1D8 len 00001E28 (7 KiB): IRAM[0m
[0;32mI (640) spi_flash: detected chip: generic[0m
[0;32mI (643) spi_flash: flash io: dio[0m
[0;33mW (647) i2c: This driver is an old driver, please migrate your application code to adapt `driver/i2c_master.h`[0m
[0;32mI (658) coexist: coex firmware version: 994b23e[0m
[0;32mI (664) main_task: Started on CPU0[0m
[0;32mI (668) main_task: Calling app_main()[0m
[0;32mI (708) BTDM_INIT: BT controller compile version [f7360be][0m
[0;32mI (710) BTDM_INIT: Bluetooth MAC: cc:7b:5c:27:ec:d6[0m
[0;32mI (713) phy_init: phy_version 4840,02e0d70,Sep  2 2024,19:39:07[0m
[0;32mI (1369) WIFI_UART: GAP event: 10[0m
[0;32mI (1375) WIFI_UART: Bluetooth ready[0m
[0;32mI (1380) SD_CARD_SPI: Mounting SD card at /data[0m
[0;32mI (1385) gpio: GPIO[5]| InputEn: 0| OutputEn: 1| OpenDrain: 0| Pullup: 0| Pulldown: 0| Intr:0 [0m
[0;32mI (1389) sdspi_transaction: cmd=52, R1 response: command not supported[0m
[0;32mI (1437) sdspi_transaction: cmd=5, R1 response: command not supported[0m
Name: 00000
Type: SDHC/SDXC
Speed: 20.00 MHz (limit: 20.00 MHz)
Size: 14910MB
CSD: ver=2, sector_size=512, capacity=30535680 read_bl_len=9
SSR: bus_width=1
[0;32mI (1464) gpio: GPIO[0]| InputEn: 1| OutputEn: 0| OpenDrain: 0| Pullup: 1| Pulldown: 0| Intr:0 [0m
[0;32mI (1473) gpio: GPIO[15]| InputEn: 0| OutputEn: 1| OpenDrain: 0| Pullup: 0| Pulldown: 0| Intr:0 [0m
[0;32mI (1483) gpio: GPIO[22]| InputEn: 0| OutputEn: 1| OpenDrain: 0| Pullup: 0| Pulldown: 0| Intr:0 [0m
[0;32mI (1493) main_task: Returned from app_main()[0m
[0;32mI (1495) INMP441_I2S: INMP441 I2S initialized with 16000, 32 bit, mono (left)[0m
[0;32mI (1496) MPU6500: Initializating MPU6500[0m
[0;32mI (1496) BMP280: Initializating BMP280[0m
[0;32mI (1627) DS18B20_1_WIRE: Initializating DS18B20[0m
[0;31mE (1632) MAIN:  Failed to initialize DS18B20[0m
ets Jul 29 2019 12:21:46

rst:0x1 (POWERON_RESET),boot:0x17 (SPI_FAST_FLASH_BOOT)
configsip: 0, SPIWP:0xee
clk_drv:0x00,q_drv:0x00,d_drv:0x00,cs0_drv:0x00,hd_drv:0x00,wp_drv:0x00
mode:DIO, clock div:2
load:0x3fff0030,len:7172
load:0x40078000,len:15620
load:0x40080400,len:4
ho 8 tail 4 room 4
load:0x40080404,len:3904
entry 0x40080640
[0;32mI (31) boot: ESP-IDF v5.2.5-dirty 2nd stage bootloader[0m
[0;32mI (31) boot: compile time Jun  7 2025 18:27:38[0m
[0;32mI (31) boot: Multicore bootloader[0m
[0;32mI (36) boot: chip revision: v3.1[0m
[0;32mI (40) boot.esp32: SPI Speed      : 40MHz[0m
[0;32mI (44) boot.esp32: SPI Mode       : DIO[0m
[0;32mI (49) boot.esp32: SPI Flash Size : 4MB[0m
[0;32mI (53) boot: Enabling RNG early entropy source...[0m
[0;32mI (59) boot: Partition Table:[0m
[0;32mI (62) boot: ## Label            Usage          Type ST Offset   Length[0m
[0;32mI (70) boot:  0 nvs              WiFi data        01 02 00009000 00006000[0m
[0;32mI (77) boot:  1 phy_init         RF data          01 01 0000f000 00001000[0m
[0;32mI (85) boot:  2 factory          factory app      00 00 00010000 00180000[0m
[0;32mI (92) boot: End of partition table[0m
[0;32mI (96) esp_image: segment 0: paddr=00010020 vaddr=3f400020 size=2dfa0h (188320) map[0m
[0;32mI (169) esp_image: segment 1: paddr=0003dfc8 vaddr=3ffbdb60 size=02050h (  8272) load[0m
[0;32mI (173) esp_image: segment 2: paddr=00040020 vaddr=400d0020 size=c5988h (809352) map[0m
[0;32mI (452) esp_image: segment 3: paddr=001059b0 vaddr=3ffbfbb0 size=0408ch ( 16524) load[0m
[0;32mI (459) esp_image: segment 4: paddr=00109a44 vaddr=40080000 size=1e1d8h (123352) load[0m
[0;32mI (522) boot: Loaded app from partition at offset 0x10000[0m
[0;32mI (523) boot: Disabling RNG early entropy source...[0m
[0;32mI (534) cpu_start: Multicore app[0m
[0;32mI (543) cpu_start: Pro cpu start user code[0m
[0;32mI (543) cpu_start: cpu freq: 160000000 Hz[0m
[0;32mI (543) cpu_start: Application information:[0m
[0;32mI (546) cpu_start: Project name:     main[0m
[0;32mI (551) cpu_start: App version:      c9125ae-dirty[0m
[0;32mI (557) cpu_start: Compile time:     Jun 11 2025 15:42:32[0m
[0;32mI (563) cpu_start: ELF file SHA256:  282a26b8a...[0m
[0;32mI (568) cpu_start: ESP-IDF:          v5.2.5-dirty[0m
[0;32mI (573) cpu_start: Min chip rev:     v0.0[0m
[0;32mI (578) cpu_start: Max chip rev:     v3.99 [0m
[0;32mI (583) cpu_start: Chip rev:         v3.1[0m
[0;32mI (588) heap_init: Initializing. RAM available for dynamic allocation:[0m
[0;32mI (595) heap_init: At 3FFAFF10 len 000000F0 (0 KiB): DRAM[0m
[0;32mI (601) heap_init: At 3FFB6388 len 00001C78 (7 KiB): DRAM[0m
[0;32mI (607) heap_init: At 3FFB9A20 len 00004108 (16 KiB): DRAM[0m
[0;32mI (613) heap_init: At 3FFCCF98 len 00013068 (76 KiB): DRAM[0m
[0;32mI (619) heap_init: At 3FFE0440 len 00003AE0 (14 KiB): D/IRAM[0m
[0;32mI (626) heap_init: At 3FFE4350 len 0001BCB0 (111 KiB): D/IRAM[0m
[0;32mI (632) heap_init: At 4009E1D8 len 00001E28 (7 KiB): IRAM[0m
[0;32mI (640) spi_flash: detected chip: generic[0m
[0;32mI (643) spi_flash: flash io: dio[0m
[0;33mW (647) i2c: This driver is an old driver, please migrate your application code to adapt `driver/i2c_master.h`[0m
[0;32mI (658) coexist: coex firmware version: 994b23e[0m
[0;32mI (664) main_task: Started on CPU0[0m
[0;32mI (668) main_task: Calling app_main()[0m
[0;32mI (708) BTDM_INIT: BT controller compile version [f7360be][0m
[0;32mI (710) BTDM_INIT: Bluetooth MAC: cc:7b:5c:27:ec:d6[0m
[0;32mI (713) phy_init: phy_version 4840,02e0d70,Sep  2 2024,19:39:07[0m
[0;32mI (1363) WIFI_UART: GAP event: 10[0m
[0;32mI (1370) WIFI_UART: Bluetooth ready[0m
[0;32mI (1375) SD_CARD_SPI: Mounting SD card at /data[0m
[0;32mI (1380) gpio: GPIO[5]| InputEn: 0| OutputEn: 1| OpenDrain: 0| Pullup: 0| Pulldown: 0| Intr:0 [0m
[0;32mI (1381) sdspi_transaction: cmd=52, R1 response: command not supported[0m
[0;32mI (1429) sdspi_transaction: cmd=5, R1 response: command not supported[0m
Name: 00000
Type: SDHC/SDXC
Speed: 20.00 MHz (limit: 20.00 MHz)
Size: 14910MB
CSD: ver=2, sector_size=512, capacity=30535680 read_bl_len=9
SSR: bus_width=1
[0;32mI (1456) gpio: GPIO[0]| InputEn: 1| OutputEn: 0| OpenDrain: 0| Pullup: 1| Pulldown: 0| Intr:0 [0m
[0;32mI (1465) gpio: GPIO[15]| InputEn: 0| OutputEn: 1| OpenDrain: 0| Pullup: 0| Pulldown: 0| Intr:0 [0m
[0;32mI (1475) gpio: GPIO[22]| InputEn: 0| OutputEn: 1| OpenDrain: 0| Pullup: 0| Pulldown: 0| Intr:0 [0m
[0;32mI (1485) main_task: Returned from app_main()[0m
[0;32mI (1487) INMP441_I2S: INMP441 I2S initialized with 16000, 32 bit, mono (left)[0m
[0;32mI (1488) MPU6500: Initializating MPU6500[0m
[0;32mI (1488) BMP280: Initializating BMP280[0m
[0;32mI (1619) DS18B20_1_WIRE: Initializating DS18B20[0m
[0;31mE (1624) MAIN:  Failed to initialize DS18B20[0m
ets Jul 29 2019 12:21:46

rst:0x1 (POWERON_RESET),boot:0x17 (SPI_FAST_FLASH_BOOT)
configsip: 0, SPIWP:0xee
clk_drv:0x00,q_drv:0x00,d_drv:0x00,cs0_drv:0x00,hd_drv:0x00,wp_drv:0x00
mode:DIO, clock div:2
load:0x3fff0030,len:7172
load:0x40078000,len:15620
load:0x40080400,len:4
ho 8 tail 4 room 4
load:0x40080404,len:3904
entry 0x40080640
[0;32mI (31) boot: ESP-IDF v5.2.5-dirty 2nd stage bootloader[0m
[0;32mI (31) boot: compile time Jun  7 2025 18:27:38[0m
[0;32mI (31) boot: Multicore bootloader[0m
[0;32mI (36) boot: chip revision: v3.1[0m
[0;32mI (40) boot.esp32: SPI Speed      : 40MHz[0m
[0;32mI (44) boot.esp32: SPI Mode       : DIO[0m
[0;32mI (49) boot.esp32: SPI Flash Size : 4MB[0m
[0;32mI (53) boot: Enabling RNG early entropy source...[0m
[0;32mI (59) boot: Partition Table:[0m
[0;32mI (62) boot: ## Label            Usage          Type ST Offset   Length[0m
[0;32mI (70) boot:  0 nvs              WiFi data        01 02 00009000 00006000[0m
[0;32mI (77) boot:  1 phy_init         RF data          01 01 0000f000 00001000[0m
[0;32mI (85) boot:  2 factory          factory app      00 00 00010000 00180000[0m
[0;32mI (92) boot: End of partition table[0m
[0;32mI (96) esp_image: segment 0: paddr=00010020 vaddr=3f400020 size=2dfa0h (188320) map[0m
[0;32mI (169) esp_image: segment 1: paddr=0003dfc8 vaddr=3ffbdb60 size=02050h (  8272) load[0m
[0;32mI (173) esp_image: segment 2: paddr=00040020 vaddr=400d0020 size=c5988h (809352) map[0m
[0;32mI (452) esp_image: segment 3: paddr=001059b0 vaddr=3ffbfbb0 size=0408ch ( 16524) load[0m
[0;32mI (459) esp_image: segment 4: paddr=00109a44 vaddr=40080000 size=1e1d8h (123352) load[0m
[0;32mI (522) boot: Loaded app from partition at offset 0x10000[0m
[0;32mI (523) boot: Disabling RNG early entropy source...[0m
[0;32mI (534) cpu_start: Multicore app[0m
[0;32mI (543) cpu_start: Pro cpu start user code[0m
[0;32mI (543) cpu_start: cpu freq: 160000000 Hz[0m
[0;32mI (543) cpu_start: Application information:[0m
[0;32mI (546) cpu_start: Project name:     main[0m
[0;32mI (551) cpu_start: App version:      c9125ae-dirty[0m
[0;32mI (557) cpu_start: Compile time:     Jun 11 2025 15:42:32[0m
[0;32mI (563) cpu_start: ELF file SHA256:  282a26b8a...[0m
[0;32mI (568) cpu_start: ESP-IDF:          v5.2.5-dirty[0m
[0;32mI (573) cpu_start: Min chip rev:     v0.0[0m
[0;32mI (578) cpu_start: Max chip rev:     v3.99 [0m
[0;32mI (583) cpu_start: Chip rev:         v3.1[0m
[0;32mI (588) heap_init: Initializing. RAM available for dynamic allocation:[0m
[0;32mI (595) heap_init: At 3FFAFF10 len 000000F0 (0 KiB): DRAM[0m
[0;32mI (601) heap_init: At 3FFB6388 len 00001C78 (7 KiB): DRAM[0m
[0;32mI (607) heap_init: At 3FFB9A20 len 00004108 (16 KiB): DRAM[0m
[0;32mI (613) heap_init: At 3FFCCF98 len 00013068 (76 KiB): DRAM[0m
[0;32mI (619) heap_init: At 3FFE0440 len 00003AE0 (14 KiB): D/IRAM[0m
[0;32mI (626) heap_init: At 3FFE4350 len 0001BCB0 (111 KiB): D/IRAM[0m
[0;32mI (632) heap_init: At 4009E1D8 len 00001E28 (7 KiB): IRAM[0m
[0;32mI (640) spi_flash: detected chip: generic[0m
[0;32mI (643) spi_flash: flash io: dio[0m
[0;33mW (647) i2c: This driver is an old driver, please migrate your application code to adapt `driver/i2c_master.h`[0m
[0;32mI (658) coexist: coex firmware version: 994b23e[0m
[0;32mI (664) main_task: Started on CPU0[0m
[0;32mI (668) main_task: Calling app_main()[0m
[0;32mI (708) BTDM_INIT: BT controller compile version [f7360be][0m
[0;32mI (710) BTDM_INIT: Bluetooth MAC: cc:7b:5c:27:ec:d6[0m
[0;32mI (713) phy_init: phy_version 4840,02e0d70,Sep  2 2024,19:39:07[0m
[0;32mI (798) phy_init: Saving new calibration data due to checksum failure or outdated calibration data, mode(0)[0m
[0;32mI (1378) WIFI_UART: GAP event: 10[0m
[0;32mI (1385) WIFI_UART: Bluetooth ready[0m
[0;32mI (1390) SD_CARD_SPI: Mounting SD card at /data[0m
[0;32mI (1395) gpio: GPIO[5]| InputEn: 0| OutputEn: 1| OpenDrain: 0| Pullup: 0| Pulldown: 0| Intr:0 [0m
[0;32mI (1399) sdspi_transaction: cmd=52, R1 response: command not supported[0m
[0;32mI (1447) sdspi_transaction: cmd=5, R1 response: command not supported[0m
Name: 00000
Type: SDHC/SDXC
Speed: 20.00 MHz (limit: 20.00 MHz)
Size: 14910MB
CSD: ver=2, sector_size=512, capacity=30535680 read_bl_len=9
SSR: bus_width=1
[0;32mI (1474) gpio: GPIO[0]| InputEn: 1| OutputEn: 0| OpenDrain: 0| Pullup: 1| Pulldown: 0| Intr:0 [0m
[0;32mI (1483) gpio: GPIO[15]| InputEn: 0| OutputEn: 1| OpenDrain: 0| Pullup: 0| Pulldown: 0| Intr:0 [0m
[0;32mI (1493) gpio: GPIO[22]| InputEn: 0| OutputEn: 1| OpenDrain: 0| Pullup: 0| Pulldown: 0| Intr:0 [0m
[0;32mI (1503) main_task: Returned from app_main()[0m
[0;32mI (1505) INMP441_I2S: INMP441 I2S initialized with 16000, 32 bit, mono (left)[0m
[0;32mI (1506) MPU6500: Initializating MPU6500[0m
[0;32mI (1506) BMP280: Initializating BMP280[0m
[0;32mI (1637) DS18B20_1_WIRE: Initializating DS18B20[0m
[0;31mE (1642) MAIN:  Failed to initialize DS18B20[0m
ets Jul 29 2019 12:21:46

rst:0x1 (POWERON_RESET),boot:0x17 (SPI_FAST_FLASH_BOOT)
configsip: 0, SPIWP:0xee
clk_drv:0x00,q_drv:0x00,d_drv:0x00,cs0_drv:0x00,hd_drv:0x00,wp_drv:0x00
mode:DIO, clock div:2
load:0x3fff0030,len:7172
load:0x40078000,len:15620
load:0x40080400,len:4
ho 8 tail 4 room 4
load:0x40080404,len:3904
entry 0x40080640
[0;32mI (31) boot: ESP-IDF v5.2.5-dirty 2nd stage bootloader[0m
[0;32mI (31) boot: compile time Jun  7 2025 18:27:38[0m
[0;32mI (31) boot: Multicore bootloader[0m
[0;32mI (36) boot: chip revision: v3.1[0m
[0;32mI (40) boot.esp32: SPI Speed      : 40MHz[0m
[0;32mI (44) boot.esp32: SPI Mode       : DIO[0m
[0;32mI (49) boot.esp32: SPI Flash Size : 4MB[0m
[0;32mI (53) boot: Enabling RNG early entropy source...[0m
[0;32mI (59) boot: Partition Table:[0m
[0;32mI (62) boot: ## Label            Usage          Type ST Offset   Length[0m
[0;32mI (70) boot:  0 nvs              WiFi data        01 02 00009000 00006000[0m
[0;32mI (77) boot:  1 phy_init         RF data          01 01 0000f000 00001000[0m
[0;32mI (85) boot:  2 factory          factory app      00 00 00010000 00180000[0m
[0;32mI (92) boot: End of partition table[0m
[0;32mI (96) esp_image: segment 0: paddr=00010020 vaddr=3f400020 size=2dfa0h (188320) map[0m
[0;32mI (169) esp_image: segment 1: paddr=0003dfc8 vaddr=3ffbdb60 size=02050h (  8272) load[0m
[0;32mI (173) esp_image: segment 2: paddr=00040020 vaddr=400d0020 size=c5988h (809352) map[0m
[0;32mI (452) esp_image: segment 3: paddr=001059b0 vaddr=3ffbfbb0 size=0408ch ( 16524) load[0m
[0;32mI (459) esp_image: segment 4: paddr=00109a44 vaddr=40080000 size=1e1d8h (123352) load[0m
[0;32mI (522) boot: Loaded app from partition at offset 0x10000[0m
[0;32mI (523) boot: Disabling RNG early entropy source...[0m
[0;32mI (534) cpu_start: Multicore app[0m
[0;32mI (543) cpu_start: Pro cpu start user code[0m
[0;32mI (543) cpu_start: cpu freq: 160000000 Hz[0m
[0;32mI (543) cpu_start: Application information:[0m
[0;32mI (546) cpu_start: Project name:     main[0m
[0;32mI (551) cpu_start: App version:      c9125ae-dirty[0m
[0;32mI (557) cpu_start: Compile time:     Jun 11 2025 15:42:32[0m
[0;32mI (563) cpu_start: ELF file SHA256:  282a26b8a...[0m
[0;32mI (568) cpu_start: ESP-IDF:          v5.2.5-dirty[0m
[0;32mI (573) cpu_start: Min chip rev:     v0.0[0m
[0;32mI (578) cpu_start: Max chip rev:     v3.99 [0m
[0;32mI (583) cpu_start: Chip rev:         v3.1[0m
[0;32mI (588) heap_init: Initializing. RAM available for dynamic allocation:[0m
[0;32mI (595) heap_init: At 3FFAFF10 len 000000F0 (0 KiB): DRAM[0m
[0;32mI (601) heap_init: At 3FFB6388 len 00001C78 (7 KiB): DRAM[0m
[0;32mI (607) heap_init: At 3FFB9A20 len 00004108 (16 KiB): DRAM[0m
[0;32mI (613) heap_init: At 3FFCCF98 len 00013068 (76 KiB): DRAM[0m
[0;32mI (619) heap_init: At 3FFE0440 len 00003AE0 (14 KiB): D/IRAM[0m
[0;32mI (626) heap_init: At 3FFE4350 len 0001BCB0 (111 KiB): D/IRAM[0m
[0;32mI (632) heap_init: At 4009E1D8 len 00001E28 (7 KiB): IRAM[0m
[0;32mI (640) spi_flash: detected chip: generic[0m
[0;32mI (643) spi_flash: flash io: dio[0m
[0;33mW (647) i2c: This driver is an old driver, please migrate your application code to adapt `driver/i2c_master.h`[0m
[0;32mI (658) coexist: coex firmware version: 994b23e[0m
[0;32mI (664) main_task: Started on CPU0[0m
[0;32mI (668) main_task: Calling app_main()[0m
[0;32mI (706) BTDM_INIT: BT controller compile version [f7360be][0m
[0;32mI (709) BTDM_INIT: Bluetooth MAC: cc:7b:5c:27:ec:d6[0m
[0;32mI (711) phy_init: phy_version 4840,02e0d70,Sep  2 2024,19:39:07[0m
[0;32mI (796) phy_init: Saving new calibration data due to checksum failure or outdated calibration data, mode(0)[0m
[0;32mI (1377) WIFI_UART: GAP event: 10[0m
[0;32mI (1384) WIFI_UART: Bluetooth ready[0m
[0;32mI (1389) SD_CARD_SPI: Mounting SD card at /data[0m
[0;32mI (1394) gpio: GPIO[5]| InputEn: 0| OutputEn: 1| OpenDrain: 0| Pullup: 0| Pulldown: 0| Intr:0 [0m
[0;32mI (1397) sdspi_transaction: cmd=52, R1 response: command not supported[0m
[0;32mI (1446) sdspi_transaction: cmd=5, R1 response: command not supported[0m
Name: 00000
Type: SDHC/SDXC
Speed: 20.00 MHz (limit: 20.00 MHz)
Size: 14910MB
CSD: ver=2, sector_size=512, capacity=30535680 read_bl_len=9
SSR: bus_width=1
[0;32mI (1473) gpio: GPIO[0]| InputEn: 1| OutputEn: 0| OpenDrain: 0| Pullup: 1| Pulldown: 0| Intr:0 [0m
[0;32mI (1482) gpio: GPIO[15]| InputEn: 0| OutputEn: 1| OpenDrain: 0| Pullup: 0| Pulldown: 0| Intr:0 [0m
[0;32mI (1492) gpio: GPIO[22]| InputEn: 0| OutputEn: 1| OpenDrain: 0| Pullup: 0| Pulldown: 0| Intr:0 [0m
[0;32mI (1502) main_task: Returned from app_main()[0m
[0;32mI (1504) INMP441_I2S: INMP441 I2S initialized with 16000, 32 bit, mono (left)[0m
[0;32mI (1505) MPU6500: Initializating MPU6500[0m
[0;32mI (1505) BMP280: Initializating BMP280[0m
[0;32mI (1636) DS18B20_1_WIRE: Initializating DS18B20[0m
[0;31mE (1641) MAIN:  Failed to initialize DS18B20[0m
ets Jul 29 2019 12:21:46

rst:0x1 (POWERON_RESET),boot:0x17 (SPI_FAST_FLASH_BOOT)
configsip: 0, SPIWP:0xee
clk_drv:0x00,q_drv:0x00,d_drv:0x00,cs0_drv:0x00,hd_drv:0x00,wp_drv:0x00
mode:DIO, clock div:2
load:0x3fff0030,len:7172
load:0x40078000,len:15620
load:0x40080400,len:4
ho 8 tail 4 room 4
load:0x40080404,len:3904
entry 0x40080640
[0;32mI (31) boot: ESP-IDF v5.2.5-dirty 2nd stage bootloader[0m
[0;32mI (31) boot: compile time Jun  7 2025 18:27:38[0m
[0;32mI (31) boot: Multicore bootloader[0m
[0;32mI (36) boot: chip revision: v3.1[0m
[0;32mI (40) boot.esp32: SPI Speed      : 40MHz[0m
[0;32mI (44) boot.esp32: SPI Mode       : DIO[0m
[0;32mI (49) boot.esp32: SPI Flash Size : 4MB[0m
[0;32mI (53) boot: Enabling RNG early entropy source...[0m
[0;32mI (59) boot: Partition Table:[0m
[0;32mI (62) boot: ## Label            Usage          Type ST Offset   Length[0m
[0;32mI (70) boot:  0 nvs              WiFi data        01 02 00009000 00006000[0m
[0;32mI (77) boot:  1 phy_init         RF data          01 01 0000f000 00001000[0m
[0;32mI (85) boot:  2 factory          factory app      00 00 00010000 00180000[0m
[0;32mI (92) boot: End of partition table[0m
[0;32mI (96) esp_image: segment 0: paddr=00010020 vaddr=3f400020 size=2dfa0h (188320) map[0m
[0;32mI (169) esp_image: segment 1: paddr=0003dfc8 vaddr=3ffbdb60 size=02050h (  8272) load[0m
[0;32mI (173) esp_image: segment 2: paddr=00040020 vaddr=400d0020 size=c5988h (809352) map[0m
[0;32mI (452) esp_image: segment 3: paddr=001059b0 vaddr=3ffbfbb0 size=0408ch ( 16524) load[0m
[0;32mI (459) esp_image: segment 4: paddr=00109a44 vaddr=40080000 size=1e1d8h (123352) load[0m
[0;32mI (522) boot: Loaded app from partition at offset 0x10000[0m
[0;32mI (523) boot: Disabling RNG early entropy source...[0m
[0;32mI (534) cpu_start: Multicore app[0m
[0;32mI (543) cpu_start: Pro cpu start user code[0m
[0;32mI (543) cpu_start: cpu freq: 160000000 Hz[0m
[0;32mI (543) cpu_start: Application information:[0m
[0;32mI (546) cpu_start: Project name:     main[0m
[0;32mI (551) cpu_start: App version:      c9125ae-dirty[0m
[0;32mI (557) cpu_start: Compile time:     Jun 11 2025 15:42:32[0m
[0;32mI (563) cpu_start: ELF file SHA256:  282a26b8a...[0m
[0;32mI (568) cpu_start: ESP-IDF:          v5.2.5-dirty[0m
[0;32mI (573) cpu_start: Min chip rev:     v0.0[0m
[0;32mI (578) cpu_start: Max chip rev:     v3.99 [0m
[0;32mI (583) cpu_start: Chip rev:         v3.1[0m
[0;32mI (588) heap_init: Initializing. RAM available for dynamic allocation:[0m
[0;32mI (595) heap_init: At 3FFAFF10 len 000000F0 (0 KiB): DRAM[0m
[0;32mI (601) heap_init: At 3FFB6388 len 00001C78 (7 KiB): DRAM[0m
[0;32mI (607) heap_init: At 3FFB9A20 len 00004108 (16 KiB): DRAM[0m
[0;32mI (613) heap_init: At 3FFCCF98 len 00013068 (76 KiB): DRAM[0m
[0;32mI (619) heap_init: At 3FFE0440 len 00003AE0 (14 KiB): D/IRAM[0m
[0;32mI (626) heap_init: At 3FFE4350 len 0001BCB0 (111 KiB): D/IRAM[0m
[0;32mI (632) heap_init: At 4009E1D8 len 00001E28 (7 KiB): IRAM[0m
[0;32mI (640) spi_flash: detected chip: generic[0m
[0;32mI (643) spi_flash: flash io: dio[0m
[0;33mW (647) i2c: This driver is an old driver, please migrate your application code to adapt `driver/i2c_master.h`[0m
[0;32mI (658) coexist: coex firmware version: 994b23e[0m
[0;32mI (664) main_task: Started on CPU0[0m
[0;32mI (668) main_task: Calling app_main()[0m
[0;32mI (707) BTDM_INIT: BT controller compile version [f7360be][0m
[0;32mI (709) BTDM_INIT: Bluetooth MAC: cc:7b:5c:27:ec:d6[0m
[0;32mI (712) phy_init: phy_version 4840,02e0d70,Sep  2 2024,19:39:07[0m
[0;32mI (1338) WIFI_UART: GAP event: 10[0m
[0;32mI (1344) WIFI_UART: Bluetooth ready[0m
[0;32mI (1349) SD_CARD_SPI: Mounting SD card at /data[0m
[0;32mI (1354) gpio: GPIO[5]| InputEn: 0| OutputEn: 1| OpenDrain: 0| Pullup: 0| Pulldown: 0| Intr:0 [0m
[0;32mI (1358) sdspi_transaction: cmd=52, R1 response: command not supported[0m
[0;32mI (1406) sdspi_transaction: cmd=5, R1 response: command not supported[0m
Name: 00000
Type: SDHC/SDXC
Speed: 20.00 MHz (limit: 20.00 MHz)
Size: 14910MB
CSD: ver=2, sector_size=512, capacity=30535680 read_bl_len=9
SSR: bus_width=1
[0;32mI (1433) gpio: GPIO[0]| InputEn: 1| OutputEn: 0| OpenDrain: 0| Pullup: 1| Pulldown: 0| Intr:0 [0m
[0;32mI (1442) gpio: GPIO[15]| InputEn: 0| OutputEn: 1| OpenDrain: 0| Pullup: 0| Pulldown: 0| Intr:0 [0m
[0;32mI (1452) gpio: GPIO[22]| InputEn: 0| OutputEn: 1| OpenDrain: 0| Pullup: 0| Pulldown: 0| Intr:0 [0m
[0;32mI (1462) main_task: Returned from app_main()[0m
[0;32mI (1464) INMP441_I2S: INMP441 I2S initialized with 16000, 32 bit, mono (left)[0m
[0;32mI (1465) MPU6500: Initializating MPU6500[0m
[0;32mI (1465) BMP280: Initializating BMP280[0m
[0;32mI (1596) DS18B20_1_WIRE: Initializating DS18B20[0m
[0;31mE (1601) MAIN:  Failed to initialize DS18B20[0m
ets Jul 29 2019 12:21:46

rst:0x1 (POWERON_RESET),boot:0x17 (SPI_FAST_FLASH_BOOT)
configsip: 0, SPIWP:0xee
clk_drv:0x00,q_drv:0x00,d_drv:0x00,cs0_drv:0x00,hd_drv:0x00,wp_drv:0x00
mode:DIO, clock div:2
load:0x3fff0030,len:7172
load:0x40078000,len:15620
load:0x40080400,len:4
ho 8 tail 4 room 4
load:0x40080404,len:3904
entry 0x40080640
[0;32mI (31) boot: ESP-IDF v5.2.5-dirty 2nd stage bootloader[0m
[0;32mI (31) boot: compile time Jun  7 2025 18:27:38[0m
[0;32mI (31) boot: Multicore bootloader[0m
[0;32mI (36) boot: chip revision: v3.1[0m
[0;32mI (40) boot.esp32: SPI Speed      : 40MHz[0m
[0;32mI (44) boot.esp32: SPI Mode       : DIO[0m
[0;32mI (49) boot.esp32: SPI Flash Size : 4MB[0m
[0;32mI (53) boot: Enabling RNG early entropy source...[0m
[0;32mI (59) boot: Partition Table:[0m
[0;32mI (62) boot: ## Label            Usage          Type ST Offset   Length[0m
[0;32mI (70) boot:  0 nvs              WiFi data        01 02 00009000 00006000[0m
[0;32mI (77) boot:  1 phy_init         RF data          01 01 0000f000 00001000[0m
[0;32mI (85) boot:  2 factory          factory app      00 00 00010000 00180000[0m
[0;32mI (92) boot: End of partition table[0m
[0;32mI (96) esp_image: segment 0: paddr=00010020 vaddr=3f400020 size=2dfa0h (188320) map[0m
[0;32mI (169) esp_image: segment 1: paddr=0003dfc8 vaddr=3ffbdb60 size=02050h (  8272) load[0m
[0;32mI (173) esp_image: segment 2: paddr=00040020 vaddr=400d0020 size=c5988h (809352) map[0m
[0;32mI (452) esp_image: segment 3: paddr=001059b0 vaddr=3ffbfbb0 size=0408ch ( 16524) load[0m
[0;32mI (459) esp_image: segment 4: paddr=00109a44 vaddr=40080000 size=1e1d8h (123352) load[0m
[0;32mI (522) boot: Loaded app from partition at offset 0x10000[0m
[0;32mI (523) boot: Disabling RNG early entropy source...[0m
[0;32mI (534) cpu_start: Multicore app[0m
[0;32mI (543) cpu_start: Pro cpu start user code[0m
[0;32mI (543) cpu_start: cpu freq: 160000000 Hz[0m
[0;32mI (543) cpu_start: Application information:[0m
[0;32mI (546) cpu_start: Project name:     main[0m
[0;32mI (551) cpu_start: App version:      c9125ae-dirty[0m
[0;32mI (557) cpu_start: Compile time:     Jun 11 2025 15:42:32[0m
[0;32mI (563) cpu_start: ELF file SHA256:  282a26b8a...[0m
[0;32mI (568) cpu_start: ESP-IDF:          v5.2.5-dirty[0m
[0;32mI (573) cpu_start: Min chip rev:     v0.0[0m
[0;32mI (578) cpu_start: Max chip rev:     v3.99 [0m
[0;32mI (583) cpu_start: Chip rev:         v3.1[0m
[0;32mI (588) heap_init: Initializing. RAM available for dynamic allocation:[0m
[0;32mI (595) heap_init: At 3FFAFF10 len 000000F0 (0 KiB): DRAM[0m
[0;32mI (601) heap_init: At 3FFB6388 len 00001C78 (7 KiB): DRAM[0m
[0;32mI (607) heap_init: At 3FFB9A20 len 00004108 (16 KiB): DRAM[0m
[0;32mI (613) heap_init: At 3FFCCF98 len 00013068 (76 KiB): DRAM[0m
[0;32mI (619) heap_init: At 3FFE0440 len 00003AE0 (14 KiB): D/IRAM[0m
[0;32mI (626) heap_init: At 3FFE4350 len 0001BCB0 (111 KiB): D/IRAM[0m
[0;32mI (632) heap_init: At 4009E1D8 len 00001E28 (7 KiB): IRAM[0m
[0;32mI (640) spi_flash: detected chip: generic[0m
[0;32mI (643) spi_flash: flash io: dio[0m
[0;33mW (647) i2c: This driver is an old driver, please migrate your application code to adapt `driver/i2c_master.h`[0m
[0;32mI (658) coexist: coex firmware version: 994b23e[0m
[0;32mI (664) main_task: Started on CPU0[0m
[0;32mI (668) main_task: Calling app_main()[0m
[0;32mI (707) BTDM_INIT: BT controller compile version [f7360be][0m
[0;32mI (709) BTDM_INIT: Bluetooth MAC: cc:7b:5c:27:ec:d6[0m
[0;32mI (712) phy_init: phy_version 4840,02e0d70,Sep  2 2024,19:39:07[0m
[0;32mI (1352) WIFI_UART: GAP event: 10[0m
[0;32mI (1359) WIFI_UART: Bluetooth ready[0m
[0;32mI (1363) SD_CARD_SPI: Mounting SD card at /data[0m
[0;32mI (1368) gpio: GPIO[5]| InputEn: 0| OutputEn: 1| OpenDrain: 0| Pullup: 0| Pulldown: 0| Intr:0 [0m
[0;32mI (1370) sdspi_transaction: cmd=52, R1 response: command not supported[0m
[0;32mI (1418) sdspi_transaction: cmd=5, R1 response: command not supported[0m
Name: 00000
Type: SDHC/SDXC
Speed: 20.00 MHz (limit: 20.00 MHz)
Size: 14910MB
CSD: ver=2, sector_size=512, capacity=30535680 read_bl_len=9
SSR: bus_width=1
[0;32mI (1445) gpio: GPIO[0]| InputEn: 1| OutputEn: 0| OpenDrain: 0| Pullup: 1| Pulldown: 0| Intr:0 [0m
[0;32mI (1454) gpio: GPIO[15]| InputEn: 0| OutputEn: 1| OpenDrain: 0| Pullup: 0| Pulldown: 0| Intr:0 [0m
[0;32mI (1464) gpio: GPIO[22]| InputEn: 0| OutputEn: 1| OpenDrain: 0| Pullup: 0| Pulldown: 0| Intr:0 [0m
[0;32mI (1474) main_task: Returned from app_main()[0m
[0;32mI (1476) INMP441_I2S: INMP441 I2S initialized with 16000, 32 bit, mono (left)[0m
[0;32mI (1477) MPU6500: Initializating MPU6500[0m
[0;32mI (1477) BMP280: Initializating BMP280[0m
[0;32mI (1608) DS18B20_1_WIRE: Initializating DS18B20[0m
[0;31mE (1613) MAIN:  Failed to initialize DS18B20[0m
[0;32mI (8523) MAIN: Recording: ON[0m
[0;32mI (8554) SD_CARD_SPI: Started writing to file: /data/data20.bin[0m
Guru Meditation Error: Core  1 panic'ed (Interrupt wdt timeout on CPU1). 

Core  1 register dump:
PC      : 0x4008f944  PS      : 0x00060435  A0      : 0x80092352  A1      : 0x3ffde390  
A2      : 0x3ffdb2cc  A3      : 0xffffffff  A4      : 0x4cbac9d3  A5      : 0x00060423  
A6      : 0xb33fffff  A7      : 0x0000abab  A8      : 0x80092c58  A9      : 0x3ffde370  
A10     : 0x3ffdb2cc  A11     : 0xb33fffff  A12     : 0x0000abab  A13     : 0x00000000  
A14     : 0x00001ef0  A15     : 0x3ffe3e64  SAR     : 0x0000001f  EXCCAUSE: 0x00000006  
EXCVADDR: 0x00000000  LBEG    : 0x4000c2e0  LEND    : 0x4000c2f6  LCOUNT  : 0xffffffff  


Backtrace: 0x4008f941:0x3ffde390 0x4009234f:0x3ffde3c0 0x400d81e5:0x3ffde400 0x40092a01:0x3ffde440


Core  0 register dump:
PC      : 0x4008f952  PS      : 0x00060235  A0      : 0x80092c58  A1      : 0x3ffd9de0  
A2      : 0x00000001  A3      : 0xb289c27f  A4      : 0x00b63d80  A5      : 0x3ffda688  
A6      : 0x00339600  A7      : 0x002bcb80  A8      : 0x00000000  A9      : 0x00060023  
A10     : 0x00000001  A11     : 0x00000001  A12     : 0x80092db5  A13     : 0x3ffbc110  
A14     : 0x00000003  A15     : 0x00060023  SAR     : 0x00000004  EXCCAUSE: 0x00000006  
EXCVADDR: 0x00000000  LBEG    : 0x4000c2e0  LEND    : 0x4000c2f6  LCOUNT  : 0x00000000  


Backtrace: 0x4008f94f:0x3ffd9de0 0x40092c55:0x3ffd9e00 0x40092713:0x3ffd9e30 0x400d85a8:0x3ffd9e70 0x40092a01:0x3ffe2210




ELF file SHA256: 282a26b8a

Rebooting...
ets Jul 29 2019 12:21:46

rst:0xc (SW_CPU_RESET),boot:0x17 (SPI_FAST_FLASH_BOOT)
configsip: 0, SPIWP:0xee
clk_drv:0x00,q_drv:0x00,d_drv:0x00,cs0_drv:0x00,hd_drv:0x00,wp_drv:0x00
mode:DIO, clock div:2
load:0x3fff0030,len:7172
load:0x40078000,len:15620
load:0x40080400,len:4
ho 8 tail 4 room 4
load:0x40080404,len:3904
entry 0x40080640
[0;32mI (31) boot: ESP-IDF v5.2.5-dirty 2nd stage bootloader[0m
[0;32mI (31) boot: compile time Jun  7 2025 18:27:38[0m
[0;32mI (31) boot: Multicore bootloader[0m
[0;32mI (36) boot: chip revision: v3.1[0m
[0;32mI (40) boot.esp32: SPI Speed      : 40MHz[0m
[0;32mI (44) boot.esp32: SPI Mode       : DIO[0m
[0;32mI (49) boot.esp32: SPI Flash Size : 4MB[0m
[0;32mI (53) boot: Enabling RNG early entropy source...[0m
[0;32mI (59) boot: Partition Table:[0m
[0;32mI (62) boot: ## Label            Usage          Type ST Offset   Length[0m
[0;32mI (70) boot:    Fatal exception (28): LoadProhibited
epc1=0x40008044, epc2=0x00000000, epc3=0x00000000, excvaddr=0xa32f0000, depc=0x00000000
ets Jul 29 2019 12:21:46

rst:0x1 (POWERON_RESET),boot:0x17 (SPI_FAST_FLASH_BOOT)
configsip: 0, SPIWP:0xee
clk_drv:0x00,q_drv:0x00,d_drv:0x00,cs0_drv:0x00,hd_drv:0x00,wp_drv:0x00
mode:DIO, clock div:2
load:0x3fff0030,len:7172
load:0x40078000,len:15620
load:0x40080400,len:4
ho 8 tail 4 room 4
load:0x40080404,len:3904
entry 0x40080640
[0;32mI (31) boot: ESP-IDF v5.2.5-dirty 2nd stage bootloader[0m
[0;32mI (31) boot: compile time Jun  7 2025 18:27:38[0m
[0;32mI (31) boot: Multicore bootloader[0m
[0;32mI (36) boot: chip revision: v3.1[0m
[0;32mI (40) boot.esp32: SPI Speed      : 40MHz[0m
[0;32mI (44) boot.esp32: SPI Mode       : DIO[0m
[0;32mI (49) boot.esp32: SPI Flash Size : 4MB[0m
[0;32mI (53) boot: Enabling RNG early entropy source...[0m
[0;32mI (59) boot: Partition Table:[0m
[0;32mI (62) boot: ## Label            Usage          Type ST Offset   Length[0m
[0;32mI (70) boot:  0 nvs              WiFi data        01 02 00009000 00006000[0m
[0;32mI (77) boot:  1 phy_init         RF data          01 01 0000f000 00001000[0m
[0;32mI (85) boot:  2 factory          factory app      00 00 00010000 00180000[0m
[0;32mI (92) boot: End of partition table[0m
[0;32mI (96) esp_image: segment 0: paddr=00010020 vaddr=3f400020 size=2dfa0h (188320) map[0m
[0;32mI (169) esp_image: segment 1: paddr=0003dfc8 vaddr=3ffbdb60 size=02050h (  8272) load[0m
[0;32mI (173) esp_image: segment 2: paddr=00040020 vaddr=400d0020 size=c5988h (809352) map[0m
[0;32mI (452) esp_image: segment 3: paddr=001059b0 vaddr=3ffbfbb0 size=0408ch ( 16524) load[0m
[0;32mI (459) esp_image: segment 4: paddr=00109a44 vaddr=40080000 size=1e1d8h (123352) load[0m
[0;32mI (522) boot: Loaded app from partition at offset 0x10000[0m
[0;32mI (523) boot: Disabling RNG early entropy source...[0m
[0;32mI (534) cpu_start: Multicore app[0m
[0;32mI (543) cpu_start: Pro cpu start user code[0m
[0;32mI (543) cpu_start: cpu freq: 160000000 Hz[0m
[0;32mI (543) cpu_start: Application information:[0m
[0;32mI (546) cpu_start: Project name:     main[0m
[0;32mI (551) cpu_start: App version:      c9125ae-dirty[0m
[0;32mI (557) cpu_start: Compile time:     Jun 11 2025 15:42:32[0m
[0;32mI (563) cpu_start: ELF file SHA256:  282a26b8a...[0m
[0;32mI (568) cpu_start: ESP-IDF:          v5.2.5-dirty[0m
[0;32mI (573) cpu_start: Min chip rev:     v0.0[0m
[0;32mI (578) cpu_start: Max chip rev:     v3.99 [0m
[0;32mI (583) cpu_start: Chip rev:         v3.1[0m
[0;32mI (588) heap_init: Initializing. RAM available for dynamic allocation:[0m
[0;32mI (595) heap_init: At 3FFAFF10 len 000000F0 (0 KiB): DRAM[0m
[0;32mI (601) heap_init: At 3FFB6388 len 00001C78 (7 KiB): DRAM[0m
[0;32mI (607) heap_init: At 3FFB9A20 len 00004108 (16 KiB): DRAM[0m
[0;32mI (613) heap_init: At 3FFCCF98 len 00013068 (76 KiB): DRAM[0m
[0;32mI (619) heap_init: At 3FFE0440 len 00003AE0 (14 KiB): D/IRAM[0m
[0;32mI (626) heap_init: At 3FFE4350 len 0001BCB0 (111 KiB): D/IRAM[0m
[0;32mI (632) heap_init: At 4009E1D8 len 00001E28 (7 KiB): IRAM[0m
[0;32mI (640) spi_flash: detected chip: generic[0m
[0;32mI (643) spi_flash: flash io: dio[0m
[0;33mW (647) i2c: This driver is an old driver, please migrate your application code to adapt `driver/i2c_master.h`[0m
[0;32mI (658) coexist: coex firmware version: 994b23e[0m
[0;32mI (664) main_task: Started on CPU0[0m
[0;32mI (668) main_task: Calling app_main()[0m
[0;32mI (707) BTDM_INIT: BT controller compile version [f7360be][0m
[0;32mI (709) BTDM_INIT: Bluetooth MAC: cc:7b:5c:27:ec:d6[0m
[0;32mI (712) phy_init: phy_version 4840,02e0d70,Sep  2 2024,19:39:07[0m
[0;32mI (797) phy_init: Saving new calibration data due to checksum failure or outdated calibration data, mode(0)[0m
[0;32mI (1386) WIFI_UART: GAP event: 10[0m
[0;32mI (1393) WIFI_UART: Bluetooth ready[0m
[0;32mI (1397) SD_CARD_SPI: Mounting SD card at /data[0m
[0;32mI (1402) gpio: GPIO[5]| InputEn: 0| OutputEn: 1| OpenDrain: 0| Pullup: 0| Pulldown: 0| Intr:0 [0m
[0;32mI (1404) sdspi_transaction: cmd=52, R1 response: command not supported[0m
[0;32mI (1452) sdspi_transaction: cmd=5, R1 response: command not supported[0m
Name: 00000
Type: SDHC/SDXC
Speed: 20.00 MHz (limit: 20.00 MHz)
Size: 14910MB
CSD: ver=2, sector_size=512, capacity=30535680 read_bl_len=9
SSR: bus_width=1
[0;32mI (1480) gpio: GPIO[0]| InputEn: 1| OutputEn: 0| OpenDrain: 0| Pullup: 1| Pulldown: 0| Intr:0 [0m
[0;32mI (1489) gpio: GPIO[15]| InputEn: 0| OutputEn: 1| OpenDrain: 0| Pullup: 0| Pulldown: 0| Intr:0 [0m
[0;32mI (1498) gpio: GPIO[22]| InputEn: 0| OutputEn: 1| OpenDrain: 0| Pullup: 0| Pulldown: 0| Intr:0 [0m
[0;32mI (1508) main_task: Returned from app_main()[0m
[0;32mI (1510) INMP441_I2S: INMP441 I2S initialized with 16000, 32 bit, mono (left)[0m
[0;32mI (1511) MPU6500: Initializating MPU6500[0m
[0;32mI (1511) BMP280: Initializating BMP280[0m
[0;32mI (1642) DS18B20_1_WIRE: Initializating DS18B20[0m
[0;31mE (1648) MAIN:  Failed to initialize DS18B20[0m
ets Jul 29 2019 12:21:46

rst:0x1 (POWERON_RESET),boot:0x17 (SPI_FAST_FLASH_BOOT)
configsip: 0, SPIWP:0xee
clk_drv:0x00,q_drv:0x00,d_drv:0x00,cs0_drv:0x00,hd_drv:0x00,wp_drv:0x00
mode:DIO, clock div:2
load:0x3fff0030,len:7172
load:0x40078000,len:15620
load:0x40080400,len:4
ho 8 tail 4 room 4
load:0x40080404,len:3904
entry 0x40080640
[0;32mI (31) boot: ESP-IDF v5.2.5-dirty 2nd stage bootloader[0m
[0;32mI (31) boot: compile time Jun  7 2025 18:27:38[0m
[0;32mI (31) boot: Multicore bootloader[0m
[0;32mI (36) boot: chip revision: v3.1[0m
[0;32mI (40) boot.esp32: SPI Speed      : 40MHz[0m
[0;32mI (44) boot.esp32: SPI Mode       : DIO[0m
[0;32mI (49) boot.esp32: SPI Flash Size : 4MB[0m
[0;32mI (53) boot: Enabling RNG early entropy source...[0m
[0;32mI (59) boot: Partition Table:[0m
[0;32mI (62) boot: ## Label            Usage          Type ST Offset   Length[0m
[0;32mI (70) boot:  0 nvs              WiFi data        01 02 00009000 00006000[0m
[0;32mI (77) boot:  1 phy_init         RF data          01 01 0000f000 00001000[0m
[0;32mI (85) boot:  2 factory          factory app      00 00 00010000 00180000[0m
[0;32mI (92) boot: End of partition table[0m
[0;32mI (96) esp_image: segment 0: paddr=00010020 vaddr=3f400020 size=2dfa0h (188320) map[0m
[0;32mI (169) esp_image: segment 1: paddr=0003dfc8 vaddr=3ffbdb60 size=02050h (  8272) load[0m
[0;32mI (173) esp_image: segment 2: paddr=00040020 vaddr=400d0020 size=c5988h (809352) map[0m
[0;32mI (452) esp_image: segment 3: paddr=001059b0 vaddr=3ffbfbb0 size=0408ch ( 16524) load[0m
[0;32mI (459) esp_image: segment 4: paddr=00109a44 vaddr=40080000 size=1e1d8h (123352) load[0m
[0;32mI (522) boot: Loaded app from partition at offset 0x10000[0m
[0;32mI (523) boot: Disabling RNG early entropy source...[0m
[0;32mI (534) cpu_start: Multicore app[0m
[0;32mI (543) cpu_start: Pro cpu start user code[0m
[0;32mI (543) cpu_start: cpu freq: 160000000 Hz[0m
[0;32mI (543) cpu_start: Application information:[0m
[0;32mI (546) cpu_start: Project name:     main[0m
[0;32mI (551) cpu_start: App version:      c9125ae-dirty[0m
[0;32mI (557) cpu_start: Compile time:     Jun 11 2025 15:42:32[0m
[0;32mI (563) cpu_start: ELF file SHA256:  282a26b8a...[0m
[0;32mI (568) cpu_start: ESP-IDF:          v5.2.5-dirty[0m
[0;32mI (573) cpu_start: Min chip rev:     v0.0[0m
[0;32mI (578) cpu_start: Max chip rev:     v3.99 [0m
[0;32mI (583) cpu_start: Chip rev:         v3.1[0m
[0;32mI (588) heap_init: Initializing. RAM available for dynamic allocation:[0m
[0;32mI (595) heap_init: At 3FFAFF10 len 000000F0 (0 KiB): DRAM[0m
[0;32mI (601) heap_init: At 3FFB6388 len 00001C78 (7 KiB): DRAM[0m
[0;32mI (607) heap_init: At 3FFB9A20 len 00004108 (16 KiB): DRAM[0m
[0;32mI (613) heap_init: At 3FFCCF98 len 00013068 (76 KiB): DRAM[0m
[0;32mI (619) heap_init: At 3FFE0440 len 00003AE0 (14 KiB): D/IRAM[0m
[0;32mI (626) heap_init: At 3FFE4350 len 0001BCB0 (111 KiB): D/IRAM[0m
[0;32mI (632) heap_init: At 4009E1D8 len 00001E28 (7 KiB): IRAM[0m
[0;32mI (640) spi_flash: detected chip: generic[0m
[0;32mI (643) spi_flash: flash io: dio[0m
[0;33mW (647) i2c: This driver is an old driver, please migrate your application code to adapt `driver/i2c_master.h`[0m
[0;32mI (658) coexist: coex firmware version: 994b23e[0m
[0;32mI (664) main_task: Started on CPU0[0m
[0;32mI (668) main_task: Calling app_main()[0m
[0;32mI (708) BTDM_INIT: BT controller compile version [f7360be][0m
[0;32mI (710) BTDM_INIT: Bluetooth MAC: cc:7b:5c:27:ec:d6[0m
[0;32mI (713) phy_init: phy_version 4840,02e0d70,Sep  2 2024,19:39:07[0m
[0;32mI (799) phy_init: Saving new calibration data due to checksum failure or outdated calibration data, mode(0)[0m
[0;32mI (1402) WIFI_UART: GAP event: 10[0m
[0;32mI (1408) WIFI_UART: Bluetooth ready[0m
[0;32mI (1413) SD_CARD_SPI: Mounting SD card at /data[0m
[0;32mI (1418) gpio: GPIO[5]| InputEn: 0| OutputEn: 1| OpenDrain: 0| Pullup: 0| Pulldown: 0| Intr:0 [0m
[0;32mI (1422) sdspi_transaction: cmd=52, R1 response: command not supported[0m
[0;32mI (1470) sdspi_transaction: cmd=5, R1 response: command not supported[0m
Name: 00000
Type: SDHC/SDXC
Speed: 20.00 MHz (limit: 20.00 MHz)
Size: 14910MB
CSD: ver=2, sector_size=512, capacity=30535680 read_bl_len=9
SSR: bus_width=1
[0;32mI (1497) gpio: GPIO[0]| InputEn: 1| OutputEn: 0| OpenDrain: 0| Pullup: 1| Pulldown: 0| Intr:0 [0m
[0;32mI (1506) gpio: GPIO[15]| InputEn: 0| OutputEn: 1| OpenDrain: 0| Pullup: 0| Pulldown: 0| Intr:0 [0m
[0;32mI (1516) gpio: GPIO[22]| InputEn: 0| OutputEn: 1| OpenDrain: 0| Pullup: 0| Pulldown: 0| Intr:0 [0m
[0;32mI (1526) main_task: Returned from app_main()[0m
[0;32mI (1528) INMP441_I2S: INMP441 I2S initialized with 16000, 32 bit, mono (left)[0m
[0;32mI (1529) MPU6500: Initializating MPU6500[0m
[0;32mI (1529) BMP280: Initializating BMP280[0m
[0;32mI (1660) DS18B20_1_WIRE: Initializating DS18B20[0m
[0;31mE (1665) MAIN:  Failed to initialize DS18B20[0m
ets Jul 29 2019 12:21:46

rst:0x1 (POWERON_RESET),boot:0x17 (SPI_FAST_FLASH_BOOT)
configsip: 0, SPIWP:0xee
clk_drv:0x00,q_drv:0x00,d_drv:0x00,cs0_drv:0x00,hd_drv:0x00,wp_drv:0x00
mode:DIO, clock div:2
load:0x3fff0030,len:7172
load:0x40078000,len:15620
load:0x40080400,len:4
ho 8 tail 4 room 4
load:0x40080404,len:3904
entry 0x40080640
[0;32mI (31) boot: ESP-IDF v5.2.5-dirty 2nd stage bootloader[0m
[0;32mI (31) boot: compile time Jun  7 2025 18:27:38[0m
[0;32mI (31) boot: Multicore bootloader[0m
[0;32mI (36) boot: chip revision: v3.1[0m
[0;32mI (40) boot.esp32: SPI Speed      : 40MHz[0m
[0;32mI (44) boot.esp32: SPI Mode       : DIO[0m
[0;32mI (49) boot.esp32: SPI Flash Size : 4MB[0m
[0;32mI (53) boot: Enabling RNG early entropy source...[0m
[0;32mI (59) boot: Partition Table:[0m
[0;32mI (62) boot: ## Label            Usage          Type ST Offset   Length[0m
[0;32mI (70) boot:  0 nvs              WiFi data        01 02 00009000 00006000[0m
[0;32mI (77) boot:  1 phy_init         RF data          01 01 0000f000 00001000[0m
[0;32mI (85) boot:  2 factory          factory app      00 00 00010000 00180000[0m
[0;32mI (92) boot: End of partition table[0m
[0;32mI (96) esp_image: segment 0: paddr=00010020 vaddr=3f400020 size=2dfa0h (188320) map[0m
[0;32mI (169) esp_image: segment 1: paddr=0003dfc8 vaddr=3ffbdb60 size=02050h (  8272) load[0m
[0;32mI (173) esp_image: segment 2: paddr=00040020 vaddr=400d0020 size=c5988h (809352) map[0m
[0;32mI (452) esp_image: segment 3: paddr=001059b0 vaddr=3ffbfbb0 size=0408ch ( 16524) load[0m
[0;32mI (459) esp_image: segment 4: paddr=00109a44 vaddr=40080000 size=1e1d8h (123352) load[0m
[0;32mI (522) boot: Loaded app from partition at offset 0x10000[0m
[0;32mI (523) boot: Disabling RNG early entropy source...[0m
[0;32mI (534) cpu_start: Multicore app[0m
[0;32mI (543) cpu_start: Pro cpu start user code[0m
[0;32mI (543) cpu_start: cpu freq: 160000000 Hz[0m
[0;32mI (543) cpu_start: Application information:[0m
[0;32mI (546) cpu_start: Project name:     main[0m
[0;32mI (551) cpu_start: App version:      c9125ae-dirty[0m
[0;32mI (557) cpu_start: Compile time:     Jun 11 2025 15:42:32[0m
[0;32mI (563) cpu_start: ELF file SHA256:  282a26b8a...[0m
[0;32mI (568) cpu_start: ESP-IDF:          v5.2.5-dirty[0m
[0;32mI (573) cpu_start: Min chip rev:     v0.0[0m
[0;32mI (578) cpu_start: Max chip rev:     v3.99 [0m
[0;32mI (583) cpu_start: Chip rev:         v3.1[0m
[0;32mI (588) heap_init: Initializing. RAM available for dynamic allocation:[0m
[0;32mI (595) heap_init: At 3FFAFF10 len 000000F0 (0 KiB): DRAM[0m
[0;32mI (601) heap_init: At 3FFB6388 len 00001C78 (7 KiB): DRAM[0m
[0;32mI (607) heap_init: At 3FFB9A20 len 00004108 (16 KiB): DRAM[0m
[0;32mI (613) heap_init: At 3FFCCF98 len 00013068 (76 KiB): DRAM[0m
[0;32mI (619) heap_init: At 3FFE0440 len 00003AE0 (14 KiB): D/IRAM[0m
[0;32mI (626) heap_init: At 3FFE4350 len 0001BCB0 (111 KiB): D/IRAM[0m
[0;32mI (632) heap_init: At 4009E1D8 len 00001E28 (7 KiB): IRAM[0m
[0;32mI (640) spi_flash: detected chip: generic[0m
[0;32mI (643) spi_flash: flash io: dio[0m
[0;33mW (647) i2c: This driver is an old driver, please migrate your application code to adapt `driver/i2c_master.h`[0m
[0;32mI (658) coexist: coex firmware version: 994b23e[0m
[0;32mI (664) main_task: Started on CPU0[0m
[0;32mI (668) main_task: Calling app_main()[0m
[0;32mI (707) BTDM_INIT: BT controller compile version [f7360be][0m
[0;32mI (709) BTDM_INIT: Bluetooth MAC: cc:7b:5c:27:ec:d6[0m
[0;32mI (712) phy_init: phy_version 4840,02e0d70,Sep  2 2024,19:39:07[0m
[0;32mI (796) phy_init: Saving new calibration data due to checksum failure or outdated calibration data, mode(0)[0m
[0;32mI (1369) WIFI_UART: GAP event: 10[0m
[0;32mI (1376) WIFI_UART: Bluetooth ready[0m
[0;32mI (1380) SD_CARD_SPI: Mounting SD card at /data[0m
[0;32mI (1385) gpio: GPIO[5]| InputEn: 0| OutputEn: 1| OpenDrain: 0| Pullup: 0| Pulldown: 0| Intr:0 [0m
[0;32mI (1389) sdspi_transaction: cmd=52, R1 response: command not supported[0m
[0;32mI (1437) sdspi_transaction: cmd=5, R1 response: command not supported[0m
Name: 00000
Type: SDHC/SDXC
Speed: 20.00 MHz (limit: 20.00 MHz)
Size: 14910MB
CSD: ver=2, sector_size=512, capacity=30535680 read_bl_len=9
SSR: bus_width=1
[0;32mI (1464) gpio: GPIO[0]| InputEn: 1| OutputEn: 0| OpenDrain: 0| Pullup: 1| Pulldown: 0| Intr:0 [0m
[0;32mI (1473) gpio: GPIO[15]| InputEn: 0| OutputEn: 1| OpenDrain: 0| Pullup: 0| Pulldown: 0| Intr:0 [0m
[0;32mI (1483) gpio: GPIO[22]| InputEn: 0| OutputEn: 1| OpenDrain: 0| Pullup: 0| Pulldown: 0| Intr:0 [0m
[0;32mI (1493) main_task: Returned from app_main()[0m
[0;32mI (1495) INMP441_I2S: INMP441 I2S initialized with 16000, 32 bit, mono (left)[0m
[0;32mI (1496) MPU6500: Initializating MPU6500[0m
[0;32mI (1496) BMP280: Initializating BMP280[0m
[0;32mI (1627) DS18B20_1_WIRE: Initializating DS18B20[0m
[0;31mE (1632) MAIN:  Failed to initialize DS18B20[0m
ets Jul 29 2019 12:21:46

rst:0x1 (POWERON_RESET),boot:0x17 (SPI_FAST_FLASH_BOOT)
configsip: 0, SPIWP:0xee
clk_drv:0x00,q_drv:0x00,d_drv:0x00,cs0_drv:0x00,hd_drv:0x00,wp_drv:0x00
mode:DIO, clock div:2
load:0x3fff0030,len:7172
load:0x40078000,len:15620
load:0x40080400,len:4
ho 8 tail 4 room 4
load:0x40080404,len:3904
entry 0x40080640
[0;32mI (31) boot: ESP-IDF v5.2.5-dirty 2nd stage bootloader[0m
[0;32mI (31) boot: compile time Jun  7 2025 18:27:38[0m
[0;32mI (31) boot: Multicore bootloader[0m
[0;32mI (36) boot: chip revision: v3.1[0m
[0;32mI (40) boot.esp32: SPI Speed      : 40MHz[0m
[0;32mI (44) boot.esp32: SPI Mode       : DIO[0m
[0;32mI (49) boot.esp32: SPI Flash Size : 4MB[0m
[0;32mI (53) boot: Enabling RNG early entropy source...[0m
[0;32mI (59) boot: Partition Table:[0m
[0;32mI (62) boot: ## Label            Usage          Type ST Offset   Length[0m
[0;32mI (70) boot:  0 nvs              WiFi data        01 02 00009000 00006000[0m
[0;32mI (77) boot:  1 phy_init         RF data          01 01 0000f000 00001000[0m
[0;32mI (85) boot:  2 factory          factory app      00 00 00010000 00180000[0m
[0;32mI (92) boot: End of partition table[0m
[0;32mI (96) esp_image: segment 0: paddr=00010020 vaddr=3f400020 size=2dfa0h (188320) map[0m
[0;32mI (169) esp_image: segment 1: paddr=0003dfc8 vaddr=3ffbdb60 size=02050h (  8272) load[0m
[0;32mI (173) esp_image: segment 2: paddr=00040020 vaddr=400d0020 size=c5988h (809352) map[0m
[0;32mI (452) esp_image: segment 3: paddr=001059b0 vaddr=3ffbfbb0 size=0408ch ( 16524) load[0m
[0;32mI (459) esp_image: segment 4: paddr=00109a44 vaddr=40080000 size=1e1d8h (123352) load[0m
[0;32mI (522) boot: Loaded app from partition at offset 0x10000[0m
[0;32mI (523) boot: Disabling RNG early entropy source...[0m
[0;32mI (534) cpu_start: Multicore app[0m
[0;32mI (543) cpu_start: Pro cpu start user code[0m
[0;32mI (543) cpu_start: cpu freq: 160000000 Hz[0m
[0;32mI (543) cpu_start: Application information:[0m
[0;32mI (546) cpu_start: Project name:     main[0m
[0;32mI (551) cpu_start: App version:      c9125ae-dirty[0m
[0;32mI (557) cpu_start: Compile time:     Jun 11 2025 15:42:32[0m
[0;32mI (563) cpu_start: ELF file SHA256:  282a26b8a...[0m
[0;32mI (568) cpu_start: ESP-IDF:          v5.2.5-dirty[0m
[0;32mI (573) cpu_start: Min chip rev:     v0.0[0m
[0;32mI (578) cpu_start: Max chip rev:     v3.99 [0m
[0;32mI (583) cpu_start: Chip rev:         v3.1[0m
[0;32mI (588) heap_init: Initializing. RAM available for dynamic allocation:[0m
[0;32mI (595) heap_init: At 3FFAFF10 len 000000F0 (0 KiB): DRAM[0m
[0;32mI (601) heap_init: At 3FFB6388 len 00001C78 (7 KiB): DRAM[0m
[0;32mI (607) heap_init: At 3FFB9A20 len 00004108 (16 KiB): DRAM[0m
[0;32mI (613) heap_init: At 3FFCCF98 len 00013068 (76 KiB): DRAM[0m
[0;32mI (619) heap_init: At 3FFE0440 len 00003AE0 (14 KiB): D/IRAM[0m
[0;32mI (626) heap_init: At 3FFE4350 len 0001BCB0 (111 KiB): D/IRAM[0m
[0;32mI (632) heap_init: At 4009E1D8 len 00001E28 (7 KiB): IRAM[0m
[0;32mI (640) spi_flash: detected chip: generic[0m
[0;32mI (643) spi_flash: flash io: dio[0m
[0;33mW (647) i2c: This driver is an old driver, please migrate your application code to adapt `driver/i2c_master.h`[0m
[0;32mI (658) coexist: coex firmware version: 994b23e[0m
[0;32mI (664) main_task: Started on CPU0[0m
[0;32mI (668) main_task: Calling app_main()[0m
[0;32mI (706) BTDM_INIT: BT controller compile version [f7360be][0m
[0;32mI (709) BTDM_INIT: Bluetooth MAC: cc:7b:5c:27:ec:d6[0m
[0;32mI (711) phy_init: phy_version 4840,02e0d70,Sep  2 2024,19:39:07[0m
[0;32mI (796) phy_init: Saving new calibration data due to checksum failure or outdated calibration data, mode(0)[0m
[0;32mI (1367) WIFI_UART: GAP event: 10[0m
[0;32mI (1373) WIFI_UART: Bluetooth ready[0m
[0;32mI (1378) SD_CARD_SPI: Mounting SD card at /data[0m
[0;32mI (1383) gpio: GPIO[5]| InputEn: 0| OutputEn: 1| OpenDrain: 0| Pullup: 0| Pulldown: 0| Intr:0 [0m
[0;32mI (1385) sdspi_transaction: cmd=52, R1 response: command not supported[0m
[0;32mI (1433) sdspi_transaction: cmd=5, R1 response: command not supported[0m
Name: 00000
Type: SDHC/SDXC
Speed: 20.00 MHz (limit: 20.00 MHz)
Size: 14910MB
CSD: ver=2, sector_size=512, capacity=30535680 read_bl_len=9
SSR: bus_width=1
[0;32mI (1460) gpio: GPIO[0]| InputEn: 1| OutputEn: 0| OpenDrain: 0| Pullup: 1| Pulldown: 0| Intr:0 [0m
[0;32mI (1469) gpio: GPIO[15]| InputEn: 0| OutputEn: 1| OpenDrain: 0| Pullup: 0| Pulldown: 0| Intr:0 [0m
[0;32mI (1479) gpio: GPIO[22]| InputEn: 0| OutputEn: 1| OpenDrain: 0| Pullup: 0| Pulldown: 0| Intr:0 [0m
[0;32mI (1489) main_task: Returned from app_main()[0m
[0;32mI (1491) INMP441_I2S: INMP441 I2S initialized with 16000, 32 bit, mono (left)[0m
[0;32mI (1492) MPU6500: Initializating MPU6500[0m
[0;32mI (1492) BMP280: Initializating BMP280[0m
[0;32mI (1623) DS18B20_1_WIRE: Initializating DS18B20[0m
[0;31mE (1628) MAIN:  Failed to initialize DS18B20[0m
ets Jul 29 2019 12:21:46

rst:0x1 (POWERON_RESET),boot:0x17 (SPI_FAST_FLASH_BOOT)
configsip: 0, SPIWP:0xee
clk_drv:0x00,q_drv:0x00,d_drv:0x00,cs0_drv:0x00,hd_drv:0x00,wp_drv:0x00
mode:DIO, clock div:2
load:0x3fff0030,len:7172
load:0x40078000,len:15620
load:0x40080400,len:4
ho 8 tail 4 room 4
load:0x40080404,len:3904
entry 0x40080640
[0;32mI (31) boot: ESP-IDF v5.2.5-dirty 2nd stage bootloader[0m
[0;32mI (31) boot: compile time Jun  7 2025 18:27:38[0m
[0;32mI (31) boot: Multicore bootloader[0m
[0;32mI (36) boot: chip revision: v3.1[0m
[0;32mI (40) boot.esp32: SPI Speed      : 40MHz[0m
[0;32mI (44) boot.esp32: SPI Mode       : DIO[0m
[0;32mI (49) boot.esp32: SPI Flash Size : 4MB[0m
[0;32mI (53) boot: Enabling RNG early entropy source...[0m
[0;32mI (59) boot: Partition Table:[0m
[0;32mI (62) boot: ## Label            Usage          Type ST Offset   Length[0m
[0;32mI (70) boot:  0 nvs              WiFi data        01 02 00009000 00006000[0m
[0;32mI (77) boot:  1 phy_init         RF data          01 01 0000f000 00001000[0m
[0;32mI (85) boot:  2 factory          factory app      00 00 00010000 00180000[0m
[0;32mI (92) boot: End of partition table[0m
[0;32mI (96) esp_image: segment 0: paddr=00010020 vaddr=3f400020 size=2dfa0h (188320) map[0m
[0;32mI (169) esp_image: segment 1: paddr=0003dfc8 vaddr=3ffbdb60 size=02050h (  8272) load[0m
[0;32mI (173) esp_image: segment 2: paddr=00040020 vaddr=400d0020 size=c5988h (809352) map[0m
[0;32mI (452) esp_image: segment 3: paddr=001059b0 vaddr=3ffbfbb0 size=0408ch ( 16524) load[0m
[0;32mI (459) esp_image: segment 4: paddr=00109a44 vaddr=40080000 size=1e1d8h (123352) load[0m
[0;32mI (522) boot: Loaded app from partition at offset 0x10000[0m
[0;32mI (523) boot: Disabling RNG early entropy source...[0m
[0;32mI (534) cpu_start: Multicore app[0m
[0;32mI (543) cpu_start: Pro cpu start user code[0m
[0;32mI (543) cpu_start: cpu freq: 160000000 Hz[0m
[0;32mI (543) cpu_start: Application information:[0m
[0;32mI (546) cpu_start: Project name:     main[0m
[0;32mI (551) cpu_start: App version:      c9125ae-dirty[0m
[0;32mI (557) cpu_start: Compile time:     Jun 11 2025 15:42:32[0m
[0;32mI (563) cpu_start: ELF file SHA256:  282a26b8a...[0m
[0;32mI (568) cpu_start: ESP-IDF:          v5.2.5-dirty[0m
[0;32mI (573) cpu_start: Min chip rev:     v0.0[0m
[0;32mI (578) cpu_start: Max chip rev:     v3.99 [0m
[0;32mI (583) cpu_start: Chip rev:         v3.1[0m
[0;32mI (588) heap_init: Initializing. RAM available for dynamic allocation:[0m
[0;32mI (595) heap_init: At 3FFAFF10 len 000000F0 (0 KiB): DRAM[0m
[0;32mI (601) heap_init: At 3FFB6388 len 00001C78 (7 KiB): DRAM[0m
[0;32mI (607) heap_init: At 3FFB9A20 len 00004108 (16 KiB): DRAM[0m
[0;32mI (613) heap_init: At 3FFCCF98 len 00013068 (76 KiB): DRAM[0m
[0;32mI (619) heap_init: At 3FFE0440 len 00003AE0 (14 KiB): D/IRAM[0m
[0;32mI (626) heap_init: At 3FFE4350 len 0001BCB0 (111 KiB): D/IRAM[0m
[0;32mI (632) heap_init: At 4009E1D8 len 00001E28 (7 KiB): IRAM[0m
[0;32mI (640) spi_flash: detected chip: generic[0m
[0;32mI (643) spi_flash: flash io: dio[0m
[0;33mW (647) i2c: This driver is an old driver, please migrate your application code to adapt `driver/i2c_master.h`[0m
[0;32mI (658) coexist: coex firmware version: 994b23e[0m
[0;32mI (664) main_task: Started on CPU0[0m
[0;32mI (668) main_task: Calling app_main()[0m
[0;32mI (708) BTDM_INIT: BT controller compile version [f7360be][0m
[0;32mI (710) BTDM_INIT: Bluetooth MAC: cc:7b:5c:27:ec:d6[0m
[0;32mI (713) phy_init: phy_version 4840,02e0d70,Sep  2 2024,19:39:07[0m
[0;32mI (797) phy_init: Saving new calibration data due to checksum failure or outdated calibration data, mode(0)[0m
[0;32mI (1376) WIFI_UART: GAP event: 10[0m
[0;32mI (1382) WIFI_UART: Bluetooth ready[0m
[0;32mI (1387) SD_CARD_SPI: Mounting SD card at /data[0m
[0;32mI (1392) gpio: GPIO[5]| InputEn: 0| OutputEn: 1| OpenDrain: 0| Pullup: 0| Pulldown: 0| Intr:0 [0m
[0;32mI (1396) sdspi_transaction: cmd=52, R1 response: command not supported[0m
[0;32mI (1444) sdspi_transaction: cmd=5, R1 response: command not supported[0m
Name: 00000
Type: SDHC/SDXC
Speed: 20.00 MHz (limit: 20.00 MHz)
Size: 14910MB
CSD: ver=2, sector_size=512, capacity=30535680 read_bl_len=9
SSR: bus_width=1
[0;32mI (1471) gpio: GPIO[0]| InputEn: 1| OutputEn: 0| OpenDrain: 0| Pullup: 1| Pulldown: 0| Intr:0 [0m
[0;32mI (1480) gpio: GPIO[15]| InputEn: 0| OutputEn: 1| OpenDrain: 0| Pullup: 0| Pulldown: 0| Intr:0 [0m
[0;32mI (1490) gpio: GPIO[22]| InputEn: 0| OutputEn: 1| OpenDrain: 0| Pullup: 0| Pulldown: 0| Intr:0 [0m
[0;32mI (1500) main_task: Returned from app_main()[0m
[0;32mI (1502) INMP441_I2S: INMP441 I2S initialized with 16000, 32 bit, mono (left)[0m
[0;32mI (1503) MPU6500: Initializating MPU6500[0m
[0;32mI (1503) BMP280: Initializating BMP280[0m
[0;32mI (1634) DS18B20_1_WIRE: Initializating DS18B20[0m
[0;31mE (1639) MAIN:  Failed to initialize DS18B20[0m
ets Jul 29 2019 12:21:46

rst:0x1 (POWERON_RESET),boot:0x17 (SPI_FAST_FLASH_BOOT)
configsip: 0, SPIWP:0xee
clk_drv:0x00,q_drv:0x00,d_drv:0x00,cs0_drv:0x00,hd_drv:0x00,wp_drv:0x00
mode:DIO, clock div:2
load:0x3fff0030,len:7172
load:0x40078000,len:15620
load:0x40080400,len:4
ho 8 tail 4 room 4
load:0x40080404,len:3904
entry 0x40080640
[0;32mI (31) boot: ESP-IDF v5.2.5-dirty 2nd stage bootloader[0m
[0;32mI (31) boot: compile time Jun  7 2025 18:27:38[0m
[0;32mI (31) boot: Multicore bootloader[0m
[0;32mI (36) boot: chip revision: v3.1[0m
[0;32mI (40) boot.esp32: SPI Speed      : 40MHz[0m
[0;32mI (44) boot.esp32: SPI Mode       : DIO[0m
[0;32mI (49) boot.esp32: SPI Flash Size : 4MB[0m
[0;32mI (53) boot: Enabling RNG early entropy source...[0m
[0;32mI (59) boot: Partition Table:[0m
[0;32mI (62) boot: ## Label            Usage          Type ST Offset   Length[0m
[0;32mI (70) boot:  0 nvs              WiFi data        01 02 00009000 00006000[0m
[0;32mI (77) boot:  1 phy_init         RF data          01 01 0000f000 00001000[0m
[0;32mI (85) boot:  2 factory          factory app      00 00 00010000 00180000[0m
[0;32mI (92) boot: End of partition table[0m
[0;32mI (96) esp_image: segment 0: paddr=00010020 vaddr=3f400020 size=2dfa0h (188320) map[0m
[0;32mI (169) esp_image: segment 1: paddr=0003dfc8 vaddr=3ffbdb60 size=02050h (  8272) load[0m
[0;32mI (173) esp_image: segment 2: paddr=00040020 vaddr=400d0020 size=c5988h (809352) map[0m
[0;32mI (452) esp_image: segment 3: paddr=001059b0 vaddr=3ffbfbb0 size=0408ch ( 16524) load[0m
[0;32mI (459) esp_image: segment 4: paddr=00109a44 vaddr=40080000 size=1e1d8h (123352) load[0m
[0;32mI (522) boot: Loaded app from partition at offset 0x10000[0m
[0;32mI (523) boot: Disabling RNG early entropy source...[0m
[0;32mI (534) cpu_start: Multicore app[0m
[0;32mI (543) cpu_start: Pro cpu start user code[0m
[0;32mI (543) cpu_start: cpu freq: 160000000 Hz[0m
[0;32mI (543) cpu_start: Application information:[0m
[0;32mI (546) cpu_start: Project name:     main[0m
[0;32mI (551) cpu_start: App version:      c9125ae-dirty[0m
[0;32mI (557) cpu_start: Compile time:     Jun 11 2025 15:42:32[0m
[0;32mI (563) cpu_start: ELF file SHA256:  282a26b8a...[0m
[0;32mI (568) cpu_start: ESP-IDF:          v5.2.5-dirty[0m
[0;32mI (573) cpu_start: Min chip rev:     v0.0[0m
[0;32mI (578) cpu_start: Max chip rev:     v3.99 [0m
[0;32mI (583) cpu_start: Chip rev:         v3.1[0m
[0;32mI (588) heap_init: Initializing. RAM available for dynamic allocation:[0m
[0;32mI (595) heap_init: At 3FFAFF10 len 000000F0 (0 KiB): DRAM[0m
[0;32mI (601) heap_init: At 3FFB6388 len 00001C78 (7 KiB): DRAM[0m
[0;32mI (607) heap_init: At 3FFB9A20 len 00004108 (16 KiB): DRAM[0m
[0;32mI (613) heap_init: At 3FFCCF98 len 00013068 (76 KiB): DRAM[0m
[0;32mI (619) heap_init: At 3FFE0440 len 00003AE0 (14 KiB): D/IRAM[0m
[0;32mI (626) heap_init: At 3FFE4350 len 0001BCB0 (111 KiB): D/IRAM[0m
[0;32mI (632) heap_init: At 4009E1D8 len 00001E28 (7 KiB): IRAM[0m
[0;32mI (640) spi_flash: detected chip: generic[0m
[0;32mI (643) spi_flash: flash io: dio[0m
[0;33mW (647) i2c: This driver is an old driver, please migrate your application code to adapt `driver/i2c_master.h`[0m
[0;32mI (658) coexist: coex firmware version: 994b23e[0m
[0;32mI (664) main_task: Started on CPU0[0m
[0;32mI (668) main_task: Calling app_main()[0m
[0;32mI (708) BTDM_INIT: BT controller compile version [f7360be][0m
[0;32mI (710) BTDM_INIT: Bluetooth MAC: cc:7b:5c:27:ec:d6[0m
[0;32mI (713) phy_init: phy_version 4840,02e0d70,Sep  2 2024,19:39:07[0m
[0;32mI (798) phy_init: Saving new calibration data due to checksum failure or outdated calibration data, mode(0)[0m
[0;32mI (1376) WIFI_UART: GAP event: 10[0m
[0;32mI (1382) WIFI_UART: Bluetooth ready[0m
[0;32mI (1387) SD_CARD_SPI: Mounting SD card at /data[0m
[0;32mI (1392) gpio: GPIO[5]| InputEn: 0| OutputEn: 1| OpenDrain: 0| Pullup: 0| Pulldown: 0| Intr:0 [0m
[0;32mI (1394) sdspi_transaction: cmd=52, R1 response: command not supported[0m
[0;32mI (1442) sdspi_transaction: cmd=5, R1 response: command not supported[0m
Name: 00000
Type: SDHC/SDXC
Speed: 20.00 MHz (limit: 20.00 MHz)
Size: 14910MB
CSD: ver=2, sector_size=512, capacity=30535680 read_bl_len=9
SSR: bus_width=1
[0;32mI (1469) gpio: GPIO[0]| InputEn: 1| OutputEn: 0| OpenDrain: 0| Pullup: 1| Pulldown: 0| Intr:0 [0m
[0;32mI (1478) gpio: GPIO[15]| InputEn: 0| OutputEn: 1| OpenDrain: 0| Pullup: 0| Pulldown: 0| Intr:0 [0m
[0;32mI (1488) gpio: GPIO[22]| InputEn: 0| OutputEn: 1| OpenDrain: 0| Pullup: 0| Pulldown: 0| Intr:0 [0m
[0;32mI (1498) main_task: Returned from app_main()[0m
[0;32mI (1500) INMP441_I2S: INMP441 I2S initialized with 16000, 32 bit, mono (left)[0m
[0;32mI (1501) MPU6500: Initializating MPU6500[0m
[0;32mI (1501) BMP280: Initializating BMP280[0m
[0;32mI (1632) DS18B20_1_WIRE: Initializating DS18B20[0m
[0;31mE (1637) MAIN:  Failed to initialize DS18B20[0m
ets Jul 29 2019 12:21:46

rst:0x1 (POWERON_RESET),boot:0x17 (SPI_FAST_FLASH_BOOT)
configsip: 0, SPIWP:0xee
clk_drv:0x00,q_drv:0x00,d_drv:0x00,cs0_drv:0x00,hd_drv:0x00,wp_drv:0x00
mode:DIO, clock div:2
load:0x3fff0030,len:7172
load:0x40078000,len:15620
load:0x40080400,len:4
ho 8 tail 4 room 4
load:0x40080404,len:3904
entry 0x40080640
[0;32mI (31) boot: ESP-IDF v5.2.5-dirty 2nd stage bootloader[0m
[0;32mI (31) boot: compile time Jun  7 2025 18:27:38[0m
[0;32mI (31) boot: Multicore bootloader[0m
[0;32mI (36) boot: chip revision: v3.1[0m
[0;32mI (40) boot.esp32: SPI Speed      : 40MHz[0m
[0;32mI (44) boot.esp32: SPI Mode       : DIO[0m
[0;32mI (49) boot.esp32: SPI Flash Size : 4MB[0m
[0;32mI (53) boot: Enabling RNG early entropy source...[0m
[0;32mI (59) boot: Partition Table:[0m
[0;32mI (62) boot: ## Label            Usage          Type ST Offset   Length[0m
[0;32mI (70) boot:  0 nvs              WiFi data        01 02 00009000 00006000[0m
[0;32mI (77) boot:  1 phy_init         RF data          01 01 0000f000 00001000[0m
[0;32mI (85) boot:  2 factory          factory app      00 00 00010000 00180000[0m
[0;32mI (92) boot: End of partition table[0m
[0;32mI (96) esp_image: segment 0: paddr=00010020 vaddr=3f400020 size=2dfa0h (188320) map[0m
[0;32mI (169) esp_image: segment 1: paddr=0003dfc8 vaddr=3ffbdb60 size=02050h (  8272) load[0m
[0;32mI (173) esp_image: segment 2: paddr=00040020 vaddr=400d0020 size=c5988h (809352) map[0m
[0;32mI (452) esp_image: segment 3: paddr=001059b0 vaddr=3ffbfbb0 size=0408ch ( 16524) load[0m
[0;32mI (459) esp_image: segment 4: paddr=00109a44 vaddr=40080000 size=1e1d8h (123352) load[0m
[0;32mI (522) boot: Loaded app from partition at offset 0x10000[0m
[0;32mI (523) boot: Disabling RNG early entropy source...[0m
[0;32mI (534) cpu_start: Multicore app[0m
[0;32mI (543) cpu_start: Pro cpu start user code[0m
[0;32mI (543) cpu_start: cpu freq: 160000000 Hz[0m
[0;32mI (543) cpu_start: Application information:[0m
[0;32mI (546) cpu_start: Project name:     main[0m
[0;32mI (551) cpu_start: App version:      c9125ae-dirty[0m
[0;32mI (557) cpu_start: Compile time:     Jun 11 2025 15:42:32[0m
[0;32mI (563) cpu_start: ELF file SHA256:  282a26b8a...[0m
[0;32mI (568) cpu_start: ESP-IDF:          v5.2.5-dirty[0m
[0;32mI (573) cpu_start: Min chip rev:     v0.0[0m
[0;32mI (578) cpu_start: Max chip rev:     v3.99 [0m
[0;32mI (583) cpu_start: Chip rev:         v3.1[0m
[0;32mI (588) heap_init: Initializing. RAM available for dynamic allocation:[0m
[0;32mI (595) heap_init: At 3FFAFF10 len 000000F0 (0 KiB): DRAM[0m
[0;32mI (601) heap_init: At 3FFB6388 len 00001C78 (7 KiB): DRAM[0m
[0;32mI (607) heap_init: At 3FFB9A20 len 00004108 (16 KiB): DRAM[0m
[0;32mI (613) heap_init: At 3FFCCF98 len 00013068 (76 KiB): DRAM[0m
[0;32mI (619) heap_init: At 3FFE0440 len 00003AE0 (14 KiB): D/IRAM[0m
[0;32mI (626) heap_init: At 3FFE4350 len 0001BCB0 (111 KiB): D/IRAM[0m
[0;32mI (632) heap_init: At 4009E1D8 len 00001E28 (7 KiB): IRAM[0m
[0;32mI (640) spi_flash: detected chip: generic[0m
[0;32mI (643) spi_flash: flash io: dio[0m
[0;33mW (647) i2c: This driver is an old driver, please migrate your application code to adapt `driver/i2c_master.h`[0m
[0;32mI (658) coexist: coex firmware version: 994b23e[0m
[0;32mI (664) main_task: Started on CPU0[0m
[0;32mI (668) main_task: Calling app_main()[0m
[0;32mI (707) BTDM_INIT: BT controller compile version [f7360be][0m
[0;32mI (709) BTDM_INIT: Bluetooth MAC: cc:7b:5c:27:ec:d6[0m
[0;32mI (712) phy_init: phy_version 4840,02e0d70,Sep  2 2024,19:39:07[0m
[0;32mI (1367) WIFI_UART: GAP event: 10[0m
[0;32mI (1373) WIFI_UART: Bluetooth ready[0m
[0;32mI (1378) SD_CARD_SPI: Mounting SD card at /data[0m
[0;32mI (1383) gpio: GPIO[5]| InputEn: 0| OutputEn: 1| OpenDrain: 0| Pullup: 0| Pulldown: 0| Intr:0 [0m
[0;32mI (1387) sdspi_transaction: cmd=52, R1 response: command not supported[0m
[0;32mI (1435) sdspi_transaction: cmd=5, R1 response: command not supported[0m
Name: 00000
Type: SDHC/SDXC
Speed: 20.00 MHz (limit: 20.00 MHz)
Size: 14910MB
CSD: ver=2, sector_size=512, capacity=30535680 read_bl_len=9
SSR: bus_width=1
[0;32mI (1462) gpio: GPIO[0]| InputEn: 1| OutputEn: 0| OpenDrain: 0| Pullup: 1| Pulldown: 0| Intr:0 [0m
[0;32mI (1471) gpio: GPIO[15]| InputEn: 0| OutputEn: 1| OpenDrain: 0| Pullup: 0| Pulldown: 0| Intr:0 [0m
[0;32mI (1481) gpio: GPIO[22]| InputEn: 0| OutputEn: 1| OpenDrain: 0| Pullup: 0| Pulldown: 0| Intr:0 [0m
[0;32mI (1491) main_task: Returned from app_main()[0m
[0;32mI (1493) INMP441_I2S: INMP441 I2S initialized with 16000, 32 bit, mono (left)[0m
[0;32mI (1494) MPU6500: Initializating MPU6500[0m
[0;32mI (1494) BMP280: Initializating BMP280[0m
[0;32mI (1625) DS18B20_1_WIRE: Initializating DS18B20[0m
[0;31mE (1630) MAIN:  Failed to initialize DS18B20[0m
ets Jul 29 2019 12:21:46

rst:0x1 (POWERON_RESET),boot:0x17 (SPI_FAST_FLASH_BOOT)
configsip: 0, SPIWP:0xee
clk_drv:0x00,q_drv:0x00,d_drv:0x00,cs0_drv:0x00,hd_drv:0x00,wp_drv:0x00
mode:DIO, clock div:2
load:0x3fff0030,len:7172
load:0x40078000,len:15620
load:0x40080400,len:4
ho 8 tail 4 room 4
load:0x40080404,len:3904
entry 0x40080640
[0;32mI (31) boot: ESP-IDF v5.2.5-dirty 2nd stage bootloader[0m
[0;32mI (31) boot: compile time Jun  7 2025 18:27:38[0m
[0;32mI (31) boot: Multicore bootloader[0m
[0;32mI (36) boot: chip revision: v3.1[0m
[0;32mI (40) boot.esp32: SPI Speed      : 40MHz[0m
[0;32mI (44) boot.esp32: SPI Mode       : DIO[0m
[0;32mI (49) boot.esp32: SPI Flash Size : 4MB[0m
[0;32mI (53) boot: Enabling RNG early entropy source...[0m
[0;32mI (59) boot: Partition Table:[0m
[0;32mI (62) boot: ## Label            Usage          Type ST Offset   Length[0m
[0;32mI (70) boot:  0 nvs              WiFi data        01 02 00009000 00006000[0m
[0;32mI (77) boot:  1 phy_init         RF data          01 01 0000f000 00001000[0m
[0;32mI (85) boot:  2 factory          factory app      00 00 00010000 00180000[0m
[0;32mI (92) boot: End of partition table[0m
[0;32mI (96) esp_image: segment 0: paddr=00010020 vaddr=3f400020 size=2dfa0h (188320) map[0m
[0;32mI (169) esp_image: segment 1: paddr=0003dfc8 vaddr=3ffbdb60 size=02050h (  8272) load[0m
[0;32mI (173) esp_image: segment 2: paddr=00040020 vaddr=400d0020 size=c5988h (809352) map[0m
[0;32mI (452) esp_image: segment 3: paddr=001059b0 vaddr=3ffbfbb0 size=0408ch ( 16524) load[0m
[0;32mI (459) esp_image: segment 4: paddr=00109a44 vaddr=40080000 size=1e1d8h (123352) load[0m
[0;32mI (522) boot: Loaded app from partition at offset 0x10000[0m
[0;32mI (523) boot: Disabling RNG early entropy source...[0m
[0;32mI (534) cpu_start: Multicore app[0m
[0;32mI (543) cpu_start: Pro cpu start user code[0m
[0;32mI (543) cpu_start: cpu freq: 160000000 Hz[0m
[0;32mI (543) cpu_start: Application information:[0m
[0;32mI (546) cpu_start: Project name:     main[0m
[0;32mI (551) cpu_start: App version:      c9125ae-dirty[0m
[0;32mI (557) cpu_start: Compile time:     Jun 11 2025 15:42:32[0m
[0;32mI (563) cpu_start: ELF file SHA256:  282a26b8a...[0m
[0;32mI (568) cpu_start: ESP-IDF:          v5.2.5-dirty[0m
[0;32mI (573) cpu_start: Min chip rev:     v0.0[0m
[0;32mI (578) cpu_start: Max chip rev:     v3.99 [0m
[0;32mI (583) cpu_start: Chip rev:         v3.1[0m
[0;32mI (588) heap_init: Initializing. RAM available for dynamic allocation:[0m
[0;32mI (595) heap_init: At 3FFAFF10 len 000000F0 (0 KiB): DRAM[0m
[0;32mI (601) heap_init: At 3FFB6388 len 00001C78 (7 KiB): DRAM[0m
[0;32mI (607) heap_init: At 3FFB9A20 len 00004108 (16 KiB): DRAM[0m
[0;32mI (613) heap_init: At 3FFCCF98 len 00013068 (76 KiB): DRAM[0m
[0;32mI (619) heap_init: At 3FFE0440 len 00003AE0 (14 KiB): D/IRAM[0m
[0;32mI (626) heap_init: At 3FFE4350 len 0001BCB0 (111 KiB): D/IRAM[0m
[0;32mI (632) heap_init: At 4009E1D8 len 00001E28 (7 KiB): IRAM[0m
[0;32mI (640) spi_flash: detected chip: generic[0m
[0;32mI (643) spi_flash: flash io: dio[0m
[0;33mW (647) i2c: This driver is an old driver, please migrate your application code to adapt `driver/i2c_master.h`[0m
[0;32mI (658) coexist: coex firmware version: 994b23e[0m
[0;32mI (664) main_task: Started on CPU0[0m
[0;32mI (668) main_task: Calling app_main()[0m
[0;32mI (707) BTDM_INIT: BT controller compile version [f7360be][0m
[0;32mI (709) BTDM_INIT: Bluetooth MAC: cc:7b:5c:27:ec:d6[0m
[0;32mI (712) phy_init: phy_version 4840,02e0d70,Sep  2 2024,19:39:07[0m
[0;32mI (797) phy_init: Saving new calibration data due to checksum failure or outdated calibration data, mode(0)[0m
[0;32mI (1383) WIFI_UART: GAP event: 10[0m
[0;32mI (1390) WIFI_UART: Bluetooth ready[0m
[0;32mI (1395) SD_CARD_SPI: Mounting SD card at /data[0m
[0;32mI (1400) gpio: GPIO[5]| InputEn: 0| OutputEn: 1| OpenDrain: 0| Pullup: 0| Pulldown: 0| Intr:0 [0m
[0;32mI (1401) sdspi_transaction: cmd=52, R1 response: command not supported[0m
[0;32mI (1449) sdspi_transaction: cmd=5, R1 response: command not supported[0m
Name: 00000
Type: SDHC/SDXC
Speed: 20.00 MHz (limit: 20.00 MHz)
Size: 14910MB
CSD: ver=2, sector_size=512, capacity=30535680 read_bl_len=9
SSR: bus_width=1
[0;32mI (1476) gpio: GPIO[0]| InputEn: 1| OutputEn: 0| OpenDrain: 0| Pullup: 1| Pulldown: 0| Intr:0 [0m
[0;32mI (1485) gpio: GPIO[15]| InputEn: 0| OutputEn: 1| OpenDrain: 0| Pullup: 0| Pulldown: 0| Intr:0 [0m
[0;32mI (1495) gpio: GPIO[22]| InputEn: 0| OutputEn: 1| OpenDrain: 0| Pullup: 0| Pulldown: 0| Intr:0 [0m
[0;32mI (1505) main_task: Returned from app_main()[0m
[0;32mI (1507) INMP441_I2S: INMP441 I2S initialized with 16000, 32 bit, mono (left)[0m
[0;32mI (1508) MPU6500: Initializating MPU6500[0m
[0;32mI (1508) BMP280: Initializating BMP280[0m
[0;32mI (1639) DS18B20_1_WIRE: Initializating DS18B20[0m
[0;31mE (1644) MAIN:  Failed to initialize DS18B20[0m
ets Jul 29 2019 12:21:46

rst:0x1 (POWERON_RESET),boot:0x17 (SPI_FAST_FLASH_BOOT)
configsip: 0, SPIWP:0xee
clk_drv:0x00,q_drv:0x00,d_drv:0x00,cs0_drv:0x00,hd_drv:0x00,wp_drv:0x00
mode:DIO, clock div:2
load:0x3fff0030,len:7172
load:0x40078000,len:15620
load:0x40080400,len:4
ho 8 tail 4 room 4
load:0x40080404,len:3904
entry 0x40080640
[0;32mI (31) boot: ESP-IDF v5.2.5-dirty 2nd stage bootloader[0m
[0;32mI (31) boot: compile time Jun  7 2025 18:27:38[0m
[0;32mI (31) boot: Multicore bootloader[0m
[0;32mI (36) boot: chip revision: v3.1[0m
[0;32mI (40) boot.esp32: SPI Speed      : 40MHz[0m
[0;32mI (44) boot.esp32: SPI Mode       : DIO[0m
[0;32mI (49) boot.esp32: SPI Flash Size : 4MB[0m
[0;32mI (53) boot: Enabling RNG early entropy source...[0m
[0;32mI (59) boot: Partition Table:[0m
[0;32mI (62) boot: ## Label            Usage          Type ST Offset   Length[0m
[0;32mI (70) boot:  0 nvs              WiFi data        01 02 00009000 00006000[0m
[0;32mI (77) boot:  1 phy_init         RF data          01 01 0000f000 00001000[0m
[0;32mI (85) boot:  2 factory          factory app      00 00 00010000 00180000[0m
[0;32mI (92) boot: End of partition table[0m
[0;32mI (96) esp_image: segment 0: paddr=00010020 vaddr=3f400020 size=2dfa0h (188320) map[0m
[0;32mI (169) esp_image: segment 1: paddr=0003dfc8 vaddr=3ffbdb60 size=02050h (  8272) load[0m
[0;32mI (173) esp_image: segment 2: paddr=00040020 vaddr=400d0020 size=c5988h (809352) map[0m
[0;32mI (452) esp_image: segment 3: paddr=001059b0 vaddr=3ffbfbb0 size=0408ch ( 16524) load[0m
[0;32mI (459) esp_image: segment 4: paddr=00109a44 vaddr=40080000 size=1e1d8h (123352) load[0m
[0;32mI (522) boot: Loaded app from partition at offset 0x10000[0m
[0;32mI (523) boot: Disabling RNG early entropy source...[0m
[0;32mI (534) cpu_start: Multicore app[0m
[0;32mI (543) cpu_start: Pro cpu start user code[0m
[0;32mI (543) cpu_start: cpu freq: 160000000 Hz[0m
[0;32mI (543) cpu_start: Application information:[0m
[0;32mI (546) cpu_start: Project name:     main[0m
[0;32mI (551) cpu_start: App version:      c9125ae-dirty[0m
[0;32mI (557) cpu_start: Compile time:     Jun 11 2025 15:42:32[0m
[0;32mI (563) cpu_start: ELF file SHA256:  282a26b8a...[0m
[0;32mI (568) cpu_start: ESP-IDF:          v5.2.5-dirty[0m
[0;32mI (573) cpu_start: Min chip rev:     v0.0[0m
[0;32mI (578) cpu_start: Max chip rev:     v3.99 [0m
[0;32mI (583) cpu_start: Chip rev:         v3.1[0m
[0;32mI (588) heap_init: Initializing. RAM available for dynamic allocation:[0m
[0;32mI (595) heap_init: At 3FFAFF10 len 000000F0 (0 KiB): DRAM[0m
[0;32mI (601) heap_init: At 3FFB6388 len 00001C78 (7 KiB): DRAM[0m
[0;32mI (607) heap_init: At 3FFB9A20 len 00004108 (16 KiB): DRAM[0m
[0;32mI (613) heap_init: At 3FFCCF98 len 00013068 (76 KiB): DRAM[0m
[0;32mI (619) heap_init: At 3FFE0440 len 00003AE0 (14 KiB): D/IRAM[0m
[0;32mI (626) heap_init: At 3FFE4350 len 0001BCB0 (111 KiB): D/IRAM[0m
[0;32mI (632) heap_init: At 4009E1D8 len 00001E28 (7 KiB): IRAM[0m
[0;32mI (640) spi_flash: detected chip: generic[0m
[0;32mI (643) spi_flash: flash io: dio[0m
[0;33mW (647) i2c: This driver is an old driver, please migrate your application code to adapt `driver/i2c_master.h`[0m
[0;32mI (658) coexist: coex firmware version: 994b23e[0m
[0;32mI (664) main_task: Started on CPU0[0m
[0;32mI (668) main_task: Calling app_main()[0m
[0;32mI (706) BTDM_INIT: BT controller compile version [f7360be][0m
[0;32mI (709) BTDM_INIT: Bluetooth MAC: cc:7b:5c:27:ec:d6[0m
[0;32mI (711) phy_init: phy_version 4840,02e0d70,Sep  2 2024,19:39:07[0m
[0;32mI (797) phy_init: Saving new calibration data due to checksum failure or outdated calibration data, mode(0)[0m
[0;32mI (1380) WIFI_UART: GAP event: 10[0m
[0;32mI (1386) WIFI_UART: Bluetooth ready[0m
[0;32mI (1391) SD_CARD_SPI: Mounting SD card at /data[0m
[0;32mI (1396) gpio: GPIO[5]| InputEn: 0| OutputEn: 1| OpenDrain: 0| Pullup: 0| Pulldown: 0| Intr:0 [0m
[0;32mI (1398) sdspi_transaction: cmd=52, R1 response: command not supported[0m
[0;32mI (1446) sdspi_transaction: cmd=5, R1 response: command not supported[0m
Name: 00000
Type: SDHC/SDXC
Speed: 20.00 MHz (limit: 20.00 MHz)
Size: 14910MB
CSD: ver=2, sector_size=512, capacity=30535680 read_bl_len=9
SSR: bus_width=1
[0;32mI (1473) gpio: GPIO[0]| InputEn: 1| OutputEn: 0| OpenDrain: 0| Pullup: 1| Pulldown: 0| Intr:0 [0m
[0;32mI (1482) gpio: GPIO[15]| InputEn: 0| OutputEn: 1| OpenDrain: 0| Pullup: 0| Pulldown: 0| Intr:0 [0m
[0;32mI (1492) gpio: GPIO[22]| InputEn: 0| OutputEn: 1| OpenDrain: 0| Pullup: 0| Pulldown: 0| Intr:0 [0m
[0;32mI (1502) main_task: Returned from app_main()[0m
[0;32mI (1504) INMP441_I2S: INMP441 I2S initialized with 16000, 32 bit, mono (left)[0m
[0;32mI (1505) MPU6500: Initializating MPU6500[0m
[0;32mI (1505) BMP280: Initializating BMP280[0m
[0;32mI (1636) DS18B20_1_WIRE: Initializating DS18B20[0m
[0;31mE (1641) MAIN:  Failed to initialize DS18B20[0m
ets Jul 29 2019 12:21:46

rst:0x1 (POWERON_RESET),boot:0x17 (SPI_FAST_FLASH_BOOT)
configsip: 0, SPIWP:0xee
clk_drv:0x00,q_drv:0x00,d_drv:0x00,cs0_drv:0x00,hd_drv:0x00,wp_drv:0x00
mode:DIO, clock div:2
load:0x3fff0030,len:7172
load:0x40078000,len:15620
load:0x40080400,len:4
ho 8 tail 4 room 4
load:0x40080404,len:3904
entry 0x40080640
[0;32mI (31) boot: ESP-IDF v5.2.5-dirty 2nd stage bootloader[0m
[0;32mI (31) boot: compile time Jun  7 2025 18:27:38[0m
[0;32mI (31) boot: Multicore bootloader[0m
[0;32mI (36) boot: chip revision: v3.1[0m
[0;32mI (40) boot.esp32: SPI Speed      : 40MHz[0m
[0;32mI (44) boot.esp32: SPI Mode       : DIO[0m
[0;32mI (49) boot.esp32: SPI Flash Size : 4MB[0m
[0;32mI (53) boot: Enabling RNG early entropy source...[0m
[0;32mI (59) boot: Partition Table:[0m
[0;32mI (62) boot: ## Label            Usage          Type ST Offset   Length[0m
[0;32mI (70) boot:  0 nvs              WiFi data        01 02 00009000 00006000[0m
[0;32mI (77) boot:  1 phy_init         RF data          01 01 0000f000 00001000[0m
[0;32mI (85) boot:  2 factory          factory app      00 00 00010000 00180000[0m
[0;32mI (92) boot: End of partition table[0m
[0;32mI (96) esp_image: segment 0: paddr=00010020 vaddr=3f400020 size=2dfa0h (188320) map[0m
[0;32mI (169) esp_image: segment 1: paddr=0003dfc8 vaddr=3ffbdb60 size=02050h (  8272) load[0m
[0;32mI (173) esp_image: segment 2: paddr=00040020 vaddr=400d0020 size=c5988h (809352) map[0m
[0;32mI (452) esp_image: segment 3: paddr=001059b0 vaddr=3ffbfbb0 size=0408ch ( 16524) load[0m
[0;32mI (459) esp_image: segment 4: paddr=00109a44 vaddr=40080000 size=1e1d8h (123352) load[0m
[0;32mI (522) boot: Loaded app from partition at offset 0x10000[0m
[0;32mI (523) boot: Disabling RNG early entropy source...[0m
[0;32mI (534) cpu_start: Multicore app[0m
[0;32mI (543) cpu_start: Pro cpu start user code[0m
[0;32mI (543) cpu_start: cpu freq: 160000000 Hz[0m
[0;32mI (543) cpu_start: Application information:[0m
[0;32mI (546) cpu_start: Project name:     main[0m
[0;32mI (551) cpu_start: App version:      c9125ae-dirty[0m
[0;32mI (557) cpu_start: Compile time:     Jun 11 2025 15:42:32[0m
[0;32mI (563) cpu_start: ELF file SHA256:  282a26b8a...[0m
[0;32mI (568) cpu_start: ESP-IDF:          v5.2.5-dirty[0m
[0;32mI (573) cpu_start: Min chip rev:     v0.0[0m
[0;32mI (578) cpu_start: Max chip rev:     v3.99 [0m
[0;32mI (583) cpu_start: Chip rev:         v3.1[0m
[0;32mI (588) heap_init: Initializing. RAM available for dynamic allocation:[0m
[0;32mI (595) heap_init: At 3FFAFF10 len 000000F0 (0 KiB): DRAM[0m
[0;32mI (601) heap_init: At 3FFB6388 len 00001C78 (7 KiB): DRAM[0m
[0;32mI (607) heap_init: At 3FFB9A20 len 00004108 (16 KiB): DRAM[0m
[0;32mI (613) heap_init: At 3FFCCF98 len 00013068 (76 KiB): DRAM[0m
[0;32mI (619) heap_init: At 3FFE0440 len 00003AE0 (14 KiB): D/IRAM[0m
[0;32mI (626) heap_init: At 3FFE4350 len 0001BCB0 (111 KiB): D/IRAM[0m
[0;32mI (632) heap_init: At 4009E1D8 len 00001E28 (7 KiB): IRAM[0m
[0;32mI (640) spi_flash: detected chip: generic[0m
[0;32mI (643) spi_flash: flash io: dio[0m
[0;33mW (647) i2c: This driver is an old driver, please migrate your application code to adapt `driver/i2c_master.h`[0m
[0;32mI (658) coexist: coex firmware version: 994b23e[0m
[0;32mI (664) main_task: Started on CPU0[0m
[0;32mI (668) main_task: Calling app_main()[0m
[0;32mI (708) BTDM_INIT: BT controller compile version [f7360be][0m
[0;32mI (710) BTDM_INIT: Bluetooth MAC: cc:7b:5c:27:ec:d6[0m
[0;32mI (713) phy_init: phy_version 4840,02e0d70,Sep  2 2024,19:39:07[0m
[0;32mI (798) phy_init: Saving new calibration data due to checksum failure or outdated calibration data, mode(0)[0m
[0;32mI (1376) WIFI_UART: GAP event: 10[0m
[0;32mI (1382) WIFI_UART: Bluetooth ready[0m
[0;32mI (1387) SD_CARD_SPI: Mounting SD card at /data[0m
[0;32mI (1392) gpio: GPIO[5]| InputEn: 0| OutputEn: 1| OpenDrain: 0| Pullup: 0| Pulldown: 0| Intr:0 [0m
[0;32mI (1394) sdspi_transaction: cmd=52, R1 response: command not supported[0m
[0;32mI (1442) sdspi_transaction: cmd=5, R1 response: command not supported[0m
Name: 00000
Type: SDHC/SDXC
Speed: 20.00 MHz (limit: 20.00 MHz)
Size: 14910MB
CSD: ver=2, sector_size=512, capacity=30535680 read_bl_len=9
SSR: bus_width=1
[0;32mI (1469) gpio: GPIO[0]| InputEn: 1| OutputEn: 0| OpenDrain: 0| Pullup: 1| Pulldown: 0| Intr:0 [0m
[0;32mI (1478) gpio: GPIO[15]| InputEn: 0| OutputEn: 1| OpenDrain: 0| Pullup: 0| Pulldown: 0| Intr:0 [0m
[0;32mI (1488) gpio: GPIO[22]| InputEn: 0| OutputEn: 1| OpenDrain: 0| Pullup: 0| Pulldown: 0| Intr:0 [0m
[0;32mI (1498) main_task: Returned from app_main()[0m
[0;32mI (1500) INMP441_I2S: INMP441 I2S initialized with 16000, 32 bit, mono (left)[0m
[0;32mI (1501) MPU6500: Initializating MPU6500[0m
[0;32mI (1501) BMP280: Initializating BMP280[0m
[0;32mI (1632) DS18B20_1_WIRE: Initializating DS18B20[0m
[0;31mE (1638) MAIN:  Failed to initialize DS18B20[0m
ets Jul 29 2019 12:21:46

rst:0x1 (POWERON_RESET),boot:0x17 (SPI_FAST_FLASH_BOOT)
configsip: 0, SPIWP:0xee
clk_drv:0x00,q_drv:0x00,d_drv:0x00,cs0_drv:0x00,hd_drv:0x00,wp_drv:0x00
mode:DIO, clock div:2
load:0x3fff0030,len:7172
load:0x40078000,len:15620
load:0x40080400,len:4
ho 8 tail 4 room 4
load:0x40080404,len:3904
entry 0x40080640
[0;32mI (31) boot: ESP-IDF v5.2.5-dirty 2nd stage bootloader[0m
[0;32mI (31) boot: compile time Jun  7 2025 18:27:38[0m
[0;32mI (31) boot: Multicore bootloader[0m
[0;32mI (36) boot: chip revision: v3.1[0m
[0;32mI (40) boot.esp32: SPI Speed      : 40MHz[0m
[0;32mI (44) boot.esp32: SPI Mode       : DIO[0m
[0;32mI (49) boot.esp32: SPI Flash Size : 4MB[0m
[0;32mI (53) boot: Enabling RNG early entropy source...[0m
[0;32mI (59) boot: Partition Table:[0m
[0;32mI (62) boot: ## Label            Usage          Type ST Offset   Length[0m
[0;32mI (70) boot:  0 nvs              WiFi data        01 02 00009000 00006000[0m
[0;32mI (77) boot:  1 phy_init         RF data          01 01 0000f000 00001000[0m
[0;32mI (85) boot:  2 factory          factory app      00 00 00010000 00180000[0m
[0;32mI (92) boot: End of partition table[0m
[0;32mI (96) esp_image: segment 0: paddr=00010020 vaddr=3f400020 size=2dfa0h (188320) map[0m
[0;32mI (169) esp_image: segment 1: paddr=0003dfc8 vaddr=3ffbdb60 size=02050h (  8272) load[0m
[0;32mI (173) esp_image: segment 2: paddr=00040020 vaddr=400d0020 size=c5988h (809352) map[0m
[0;32mI (452) esp_image: segment 3: paddr=001059b0 vaddr=3ffbfbb0 size=0408ch ( 16524) load[0m
[0;32mI (459) esp_image: segment 4: paddr=00109a44 vaddr=40080000 size=1e1d8h (123352) load[0m
[0;32mI (522) boot: Loaded app from partition at offset 0x10000[0m
[0;32mI (523) boot: Disabling RNG early entropy source...[0m
[0;32mI (534) cpu_start: Multicore app[0m
[0;32mI (543) cpu_start: Pro cpu start user code[0m
[0;32mI (543) cpu_start: cpu freq: 160000000 Hz[0m
[0;32mI (543) cpu_start: Application information:[0m
[0;32mI (546) cpu_start: Project name:     main[0m
[0;32mI (551) cpu_start: App version:      c9125ae-dirty[0m
[0;32mI (557) cpu_start: Compile time:     Jun 11 2025 15:42:32[0m
[0;32mI (563) cpu_start: ELF file SHA256:  282a26b8a...[0m
[0;32mI (568) cpu_start: ESP-IDF:          v5.2.5-dirty[0m
[0;32mI (573) cpu_start: Min chip rev:     v0.0[0m
[0;32mI (578) cpu_start: Max chip rev:     v3.99 [0m
[0;32mI (583) cpu_start: Chip rev:         v3.1[0m
[0;32mI (588) heap_init: Initializing. RAM available for dynamic allocation:[0m
[0;32mI (595) heap_init: At 3FFAFF10 len 000000F0 (0 KiB): DRAM[0m
[0;32mI (601) heap_init: At 3FFB6388 len 00001C78 (7 KiB): DRAM[0m
[0;32mI (607) heap_init: At 3FFB9A20 len 00004108 (16 KiB): DRAM[0m
[0;32mI (613) heap_init: At 3FFCCF98 len 00013068 (76 KiB): DRAM[0m
[0;32mI (619) heap_init: At 3FFE0440 len 00003AE0 (14 KiB): D/IRAM[0m
[0;32mI (626) heap_init: At 3FFE4350 len 0001BCB0 (111 KiB): D/IRAM[0m
[0;32mI (632) heap_init: At 4009E1D8 len 00001E28 (7 KiB): IRAM[0m
[0;32mI (640) spi_flash: detected chip: generic[0m
[0;32mI (643) spi_flash: flash io: dio[0m
[0;33mW (647) i2c: This driver is an old driver, please migrate your application code to adapt `driver/i2c_master.h`[0m
[0;32mI (658) coexist: coex firmware version: 994b23e[0m
[0;32mI (664) main_task: Started on CPU0[0m
[0;32mI (668) main_task: Calling app_main()[0m
[0;32mI (708) BTDM_INIT: BT controller compile version [f7360be][0m
[0;32mI (710) BTDM_INIT: Bluetooth MAC: cc:7b:5c:27:ec:d6[0m
[0;32mI (713) phy_init: phy_version 4840,02e0d70,Sep  2 2024,19:39:07[0m
[0;32mI (1359) WIFI_UART: GAP event: 10[0m
[0;32mI (1366) WIFI_UART: Bluetooth ready[0m
[0;32mI (1371) SD_CARD_SPI: Mounting SD card at /data[0m
[0;32mI (1376) gpio: GPIO[5]| InputEn: 0| OutputEn: 1| OpenDrain: 0| Pullup: 0| Pulldown: 0| Intr:0 [0m
[0;32mI (1377) sdspi_transaction: cmd=52, R1 response: command not supported[0m
[0;32mI (1425) sdspi_transaction: cmd=5, R1 response: command not supported[0m
Name: 00000
Type: SDHC/SDXC
Speed: 20.00 MHz (limit: 20.00 MHz)
Size: 14910MB
CSD: ver=2, sector_size=512, capacity=30535680 read_bl_len=9
SSR: bus_width=1
[0;32mI (1452) gpio: GPIO[0]| InputEn: 1| OutputEn: 0| OpenDrain: 0| Pullup: 1| Pulldown: 0| Intr:0 [0m
[0;32mI (1461) gpio: GPIO[15]| InputEn: 0| OutputEn: 1| OpenDrain: 0| Pullup: 0| Pulldown: 0| Intr:0 [0m
[0;32mI (1471) gpio: GPIO[22]| InputEn: 0| OutputEn: 1| OpenDrain: 0| Pullup: 0| Pulldown: 0| Intr:0 [0m
[0;32mI (1481) main_task: Returned from app_main()[0m
[0;32mI (1483) INMP441_I2S: INMP441 I2S initialized with 16000, 32 bit, mono (left)[0m
[0;32mI (1484) MPU6500: Initializating MPU6500[0m
[0;32mI (1484) BMP280: Initializating BMP280[0m
[0;32mI (1615) DS18B20_1_WIRE: Initializating DS18B20[0m
[0;31mE (1620) MAIN:  Failed to initialize DS18B20[0m
ets Jul 29 2019 12:21:46

rst:0x1 (POWERON_RESET),boot:0x17 (SPI_FAST_FLASH_BOOT)
configsip: 0, SPIWP:0xee
clk_drv:0x00,q_drv:0x00,d_drv:0x00,cs0_drv:0x00,hd_drv:0x00,wp_drv:0x00
mode:DIO, clock div:2
load:0x3fff0030,len:7172
load:0x40078000,len:15620
load:0x40080400,len:4
ho 8 tail 4 room 4
load:0x40080404,len:3904
entry 0x40080640
[0;32mI (31) boot: ESP-IDF v5.2.5-dirty 2nd stage bootloader[0m
[0;32mI (31) boot: compile time Jun  7 2025 18:27:38[0m
[0;32mI (31) boot: Multicore bootloader[0m
[0;32mI (36) boot: chip revision: v3.1[0m
[0;32mI (40) boot.esp32: SPI Speed      : 40MHz[0m
[0;32mI (44) boot.esp32: SPI Mode       : DIO[0m
[0;32mI (49) boot.esp32: SPI Flash Size : 4MB[0m
[0;32mI (53) boot: Enabling RNG early entropy source...[0m
[0;32mI (59) boot: Partition Table:[0m
[0;32mI (62) boot: ## Label            Usage          Type ST Offset   Length[0m
[0;32mI (70) boot:  0 nvs              WiFi data        01 02 00009000 00006000[0m
[0;32mI (77) boot:  1 phy_init         RF data          01 01 0000f000 00001000[0m
[0;32mI (85) boot:  2 factory          factory app      00 00 00010000 00180000[0m
[0;32mI (92) boot: End of partition table[0m
[0;32mI (96) esp_image: segment 0: paddr=00010020 vaddr=3f400020 size=2dfa0h (188320) map[0m
[0;32mI (169) esp_image: segment 1: paddr=0003dfc8 vaddr=3ffbdb60 size=02050h (  8272) load[0m
[0;32mI (173) esp_image: segment 2: paddr=00040020 vaddr=400d0020 size=c5988h (809352) map[0m
[0;32mI (452) esp_image: segment 3: paddr=001059b0 vaddr=3ffbfbb0 size=0408ch ( 16524) load[0m
[0;32mI (459) esp_image: segment 4: paddr=00109a44 vaddr=40080000 size=1e1d8h (123352) load[0m
[0;32mI (522) boot: Loaded app from partition at offset 0x10000[0m
[0;32mI (523) boot: Disabling RNG early entropy source...[0m
[0;32mI (534) cpu_start: Multicore app[0m
[0;32mI (543) cpu_start: Pro cpu start user code[0m
[0;32mI (543) cpu_start: cpu freq: 160000000 Hz[0m
[0;32mI (543) cpu_start: Application information:[0m
[0;32mI (546) cpu_start: Project name:     main[0m
[0;32mI (551) cpu_start: App version:      c9125ae-dirty[0m
