ets Jul 29 2019 12:21:46

rst:0x1 (POWERON_RESET),boot:0x17 (SPI_FAST_FLASH_BOOT)
configsip: 0, SPIWP:0xee
clk_drv:0x00,q_drv:0x00,d_drv:0x00,cs0_drv:0x00,hd_drv:0x00,wp_drv:0x00
mode:DIO, clock div:2
load:0x3fff0030,len:7172
load:0x40078000,len:15620
load:0x40080400,len:4
ho 8 tail 4 room 4
load:0x40080404,len:3904
entry 0x40080640
[0;32mI (31) boot: ESP-IDF v5.2.5-dirty 2nd stage bootloader[0m
[0;32mI (31) boot: compile time Jun  7 2025 18:27:38[0m
[0;32mI (31) boot: Multicore bootloader[0m
[0;32mI (36) boot: chip revision: v3.1[0m
[0;32mI (40) boot.esp32: SPI Speed      : 40MHz[0m
[0;32mI (44) boot.esp32: SPI Mode       : DIO[0m
[0;32mI (49) boot.esp32: SPI Flash Size : 4MB[0m
[0;32mI (53) boot: Enabling RNG early entropy source...[0m
[0;32mI (59) boot: Partition Table:[0m
[0;32mI (62) boot: ## Label            Usage          Type ST Offset   Length[0m
[0;32mI (70) boot:  0 nvs              WiFi data        01 02 00009000 00006000[0m
[0;32mI (77) boot:  1 phy_init         RF data          01 01 0000f000 00001000[0m
[0;32mI (85) boot:  2 factory          factory app      00 00 00010000 00180000[0m
[0;32mI (92) boot: End of partition table[0m
[0;32mI (96) esp_image: segment 0: paddr=00010020 vaddr=3f400020 size=2dfa0h (188320) map[0m
[0;32mI (169) esp_image: segment 1: paddr=0003dfc8 vaddr=3ffbdb60 size=02050h (  8272) load[0m
[0;32mI (173) esp_image: segment 2: paddr=00040020 vaddr=400d0020 size=c5998h (809368) map[0m
[0;32mI (452) esp_image: segment 3: paddr=001059c0 vaddr=3ffbfbb0 size=0408ch ( 16524) load[0m
[0;32mI (459) esp_image: segment 4: paddr=00109a54 vaddr=40080000 size=1e1d8h (123352) load[0m
[0;32mI (522) boot: Loaded app from partition at offset 0x10000[0m
[0;32mI (523) boot: Disabling RNG early entropy source...[0m
[0;32mI (534) cpu_start: Multicore app[0m
[0;32mI (543) cpu_start: Pro cpu start user code[0m
[0;32mI (543) cpu_start: cpu freq: 160000000 Hz[0m
[0;32mI (544) cpu_start: Application information:[0m
[0;32mI (547) cpu_start: Project name:     main[0m
[0;32mI (551) cpu_start: App version:      c9125ae-dirty[0m
[0;32mI (557) cpu_start: Compile time:     Jun 11 2025 15:42:32[0m
[0;32mI (563) cpu_start: ELF file SHA256:  052becf5c...[0m
[0;32mI (568) cpu_start: ESP-IDF:          v5.2.5-dirty[0m
[0;32mI (574) cpu_start: Min chip rev:     v0.0[0m
[0;32mI (578) cpu_start: Max chip rev:     v3.99 [0m
[0;32mI (583) cpu_start: Chip rev:         v3.1[0m
[0;32mI (588) heap_init: Initializing. RAM available for dynamic allocation:[0m
[0;32mI (595) heap_init: At 3FFAFF10 len 000000F0 (0 KiB): DRAM[0m
[0;32mI (601) heap_init: At 3FFB6388 len 00001C78 (7 KiB): DRAM[0m
[0;32mI (607) heap_init: At 3FFB9A20 len 00004108 (16 KiB): DRAM[0m
[0;32mI (613) heap_init: At 3FFD4AE8 len 0000B518 (45 KiB): DRAM[0m
[0;32mI (619) heap_init: At 3FFE0440 len 00003AE0 (14 KiB): D/IRAM[0m
[0;32mI (626) heap_init: At 3FFE4350 len 0001BCB0 (111 KiB): D/IRAM[0m
[0;32mI (632) heap_init: At 4009E1D8 len 00001E28 (7 KiB): IRAM[0m
[0;32mI (640) spi_flash: detected chip: generic[0m
[0;32mI (643) spi_flash: flash io: dio[0m
[0;33mW (647) i2c: This driver is an old driver, please migrate your application code to adapt `driver/i2c_master.h`[0m
[0;32mI (658) coexist: coex firmware version: 994b23e[0m
[0;32mI (664) main_task: Started on CPU0[0m
[0;32mI (668) main_task: Calling app_main()[0m
[0;32mI (672) SD_CARD_SPI: Mounting SD card at /data[0m
[0;32mI (677) gpio: GPIO[5]| InputEn: 0| OutputEn: 1| OpenDrain: 0| Pullup: 0| Pulldown: 0| Intr:0 [0m
[0;32mI (686) sdspi_transaction: cmd=52, R1 response: command not supported[0m
[0;32mI (734) sdspi_transaction: cmd=5, R1 response: command not supported[0m
Name: 00000
Type: SDHC/SDXC
Speed: 20.00 MHz (limit: 20.00 MHz)
Size: 14910MB
CSD: ver=2, sector_size=512, capacity=30535680 read_bl_len=9
SSR: bus_width=1
[0;32mI (761) gpio: GPIO[0]| InputEn: 1| OutputEn: 0| OpenDrain: 0| Pullup: 1| Pulldown: 0| Intr:0 [0m
[0;32mI (770) gpio: GPIO[15]| InputEn: 0| OutputEn: 1| OpenDrain: 0| Pullup: 0| Pulldown: 0| Intr:0 [0m
[0;32mI (779) gpio: GPIO[22]| InputEn: 0| OutputEn: 1| OpenDrain: 0| Pullup: 0| Pulldown: 0| Intr:0 [0m
[0;32mI (793) INMP441_I2S: INMP441 I2S initialized with 16000, 32 bit, mono (left)[0m
[0;32mI (800) MPU6500: Initializating MPU6500[0m
[0;32mI (801) BMP280: Initializating BMP280[0m
[0;32mI (827) BTDM_INIT: BT controller compile version [f7360be][0m
[0;32mI (830) BTDM_INIT: Bluetooth MAC: cc:7b:5c:27:ec:d6[0m
[0;32mI (833) phy_init: phy_version 4840,02e0d70,Sep  2 2024,19:39:07[0m
[0;32mI (918) phy_init: Saving new calibration data due to checksum failure or outdated calibration data, mode(0)[0m
[0;32mI (919) DS18B20_1_WIRE: Initializating DS18B20[0m
[0;31mE (1042) MAIN:  Failed to initialize DS18B20[0m
[0;32mI (1504) WIFI_UART: GAP event: 10[0m
[0;32mI (1511) WIFI_UART: Bluetooth ready[0m
[0;32mI (1511) main_task: Returned from app_main()[0m
ets Jul 29 2019 12:21:46

rst:0x1 (POWERON_RESET),boot:0x17 (SPI_FAST_FLASH_BOOT)
configsip: 0, SPIWP:0xee
clk_drv:0x00,q_drv:0x00,d_drv:0x00,cs0_drv:0x00,hd_drv:0x00,wp_drv:0x00
mode:DIO, clock div:2
load:0x3fff0030,len:7172
load:0x40078000,len:15620
load:0x40080400,len:4
ho 8 tail 4 room 4
load:0x40080404,len:3904
entry 0x40080640
[0;32mI (31) boot: ESP-IDF v5.2.5-dirty 2nd stage bootloader[0m
[0;32mI (31) boot: compile time Jun  7 2025 18:27:38[0m
[0;32mI (31) boot: Multicore bootloader[0m
[0;32mI (36) boot: chip revision: v3.1[0m
[0;32mI (40) boot.esp32: SPI Speed      : 40MHz[0m
[0;32mI (44) boot.esp32: SPI Mode       : DIO[0m
[0;32mI (49) boot.esp32: SPI Flash Size : 4MB[0m
[0;32mI (53) boot: Enabling RNG early entropy source...[0m
[0;32mI (59) boot: Partition Table:[0m
[0;32mI (62) boot: ## Label            Usage          Type ST Offset   Length[0m
[0;32mI (70) boot:  0 nvs              WiFi data        01 02 00009000 00006000[0m
[0;32mI (77) boot:  1 phy_init         RF data          01 01 0000f000 00001000[0m
[0;32mI (85) boot:  2 factory          factory app      00 00 00010000 00180000[0m
[0;32mI (92) boot: End of partition table[0m
[0;32mI (96) esp_image: segment 0: paddr=00010020 vaddr=3f400020 size=2dfa0h (188320) map[0m
[0;32mI (169) esp_image: segment 1: paddr=0003dfc8 vaddr=3ffbdb60 size=02050h (  8272) load[0m
[0;32mI (173) esp_image: segment 2: paddr=00040020 vaddr=400d0020 size=c5998h (809368) map[0m
[0;32mI (452) esp_image: segment 3: paddr=001059c0 vaddr=3ffbfbb0 size=0408ch ( 16524) load[0m
[0;32mI (459) esp_image: segment 4: paddr=00109a54 vaddr=40080000 size=1e1d8h (123352) load[0m
[0;32mI (522) boot: Loaded app from partition at offset 0x10000[0m
[0;32mI (523) boot: Disabling RNG early entropy source...[0m
[0;32mI (534) cpu_start: Multicore app[0m
[0;32mI (543) cpu_start: Pro cpu start user code[0m
[0;32mI (543) cpu_start: cpu freq: 160000000 Hz[0m
[0;32mI (544) cpu_start: Application information:[0m
[0;32mI (547) cpu_start: Project name:     main[0m
[0;32mI (551) cpu_start: App version:      c9125ae-dirty[0m
[0;32mI (557) cpu_start: Compile time:     Jun 11 2025 15:42:32[0m
[0;32mI (563) cpu_start: ELF file SHA256:  052becf5c...[0m
[0;32mI (568) cpu_start: ESP-IDF:          v5.2.5-dirty[0m
[0;32mI (574) cpu_start: Min chip rev:     v0.0[0m
[0;32mI (578) cpu_start: Max chip rev:     v3.99 [0m
[0;32mI (583) cpu_start: Chip rev:         v3.1[0m
[0;32mI (588) heap_init: Initializing. RAM available for dynamic allocation:[0m
[0;32mI (595) heap_init: At 3FFAFF10 len 000000F0 (0 KiB): DRAM[0m
[0;32mI (601) heap_init: At 3FFB6388 len 00001C78 (7 KiB): DRAM[0m
[0;32mI (607) heap_init: At 3FFB9A20 len 00004108 (16 KiB): DRAM[0m
[0;32mI (613) heap_init: At 3FFD4AE8 len 0000B518 (45 KiB): DRAM[0m
[0;32mI (619) heap_init: At 3FFE0440 len 00003AE0 (14 KiB): D/IRAM[0m
[0;32mI (626) heap_init: At 3FFE4350 len 0001BCB0 (111 KiB): D/IRAM[0m
[0;32mI (632) heap_init: At 4009E1D8 len 00001E28 (7 KiB): IRAM[0m
[0;32mI (640) spi_flash: detected chip: generic[0m
[0;32mI (643) spi_flash: flash io: dio[0m
[0;33mW (647) i2c: This driver is an old driver, please migrate your application code to adapt `driver/i2c_master.h`[0m
[0;32mI (658) coexist: coex firmware version: 994b23e[0m
[0;32mI (664) main_task: Started on CPU0[0m
[0;32mI (668) main_task: Calling app_main()[0m
[0;32mI (672) SD_CARD_SPI: Mounting SD card at /data[0m
[0;32mI (677) gpio: GPIO[5]| InputEn: 0| OutputEn: 1| OpenDrain: 0| Pullup: 0| Pulldown: 0| Intr:0 [0m
[0;32mI (686) sdspi_transaction: cmd=52, R1 response: command not supported[0m
[0;32mI (734) sdspi_transaction: cmd=5, R1 response: command not supported[0m
Name: 00000
Type: SDHC/SDXC
Speed: 20.00 MHz (limit: 20.00 MHz)
Size: 14910MB
CSD: ver=2, sector_size=512, capacity=30535680 read_bl_len=9
SSR: bus_width=1
[0;32mI (761) gpio: GPIO[0]| InputEn: 1| OutputEn: 0| OpenDrain: 0| Pullup: 1| Pulldown: 0| Intr:0 [0m
[0;32mI (770) gpio: GPIO[15]| InputEn: 0| OutputEn: 1| OpenDrain: 0| Pullup: 0| Pulldown: 0| Intr:0 [0m
[0;32mI (779) gpio: GPIO[22]| InputEn: 0| OutputEn: 1| OpenDrain: 0| Pullup: 0| Pulldown: 0| Intr:0 [0m
[0;32mI (793) INMP441_I2S: INMP441 I2S initialized with 16000, 32 bit, mono (left)[0m
[0;32mI (799) MPU6500: Initializating MPU6500[0m
[0;32mI (801) BMP280: Initializating BMP280[0m
[0;32mI (827) BTDM_INIT: BT controller compile version [f7360be][0m
[0;32mI (829) BTDM_INIT: Bluetooth MAC: cc:7b:5c:27:ec:d6[0m
[0;32mI (832) phy_init: phy_version 4840,02e0d70,Sep  2 2024,19:39:07[0m
[0;32mI (919) DS18B20_1_WIRE: Initializating DS18B20[0m
[0;31mE (1033) MAIN:  Failed to initialize DS18B20[0m
[0;32mI (1477) WIFI_UART: GAP event: 10[0m
[0;32mI (1484) WIFI_UART: Bluetooth ready[0m
[0;32mI (1486) main_task: Returned from app_main()[0m
ets Jul 29 2019 12:21:46

rst:0x1 (POWERON_RESET),boot:0x17 (SPI_FAST_FLASH_BOOT)
configsip: 0, SPIWP:0xee
clk_drv:0x00,q_drv:0x00,d_drv:0x00,cs0_drv:0x00,hd_drv:0x00,wp_drv:0x00
mode:DIO, clock div:2
load:0x3fff0030,len:7172
load:0x40078000,len:15620
load:0x40080400,len:4
ho 8 tail 4 room 4
load:0x40080404,len:3904
entry 0x40080640
[0;32mI (31) boot: ESP-IDF v5.2.5-dirty 2nd stage bootloader[0m
[0;32mI (31) boot: compile time Jun  7 2025 18:27:38[0m
[0;32mI (31) boot: Multicore bootloader[0m
[0;32mI (36) boot: chip revision: v3.1[0m
[0;32mI (40) boot.esp32: SPI Speed      : 40MHz[0m
[0;32mI (44) boot.esp32: SPI Mode       : DIO[0m
[0;32mI (49) boot.esp32: SPI Flash Size : 4MB[0m
[0;32mI (53) boot: Enabling RNG early entropy source...[0m
[0;32mI (59) boot: Partition Table:[0m
[0;32mI (62) boot: ## Label            Usage          Type ST Offset   Length[0m
[0;32mI (70) boot:  0 nvs              WiFi data        01 02 00009000 00006000[0m
[0;32mI (77) boot:  1 phy_init         RF data          01 01 0000f000 00001000[0m
[0;32mI (85) boot:  2 factory          factory app      00 00 00010000 00180000[0m
[0;32mI (92) boot: End of partition table[0m
[0;32mI (96) esp_image: segment 0: paddr=00010020 vaddr=3f400020 size=2dfa0h (188320) map[0m
[0;32mI (169) esp_image: segment 1: paddr=0003dfc8 vaddr=3ffbdb60 size=02050h (  8272) load[0m
[0;32mI (173) esp_image: segment 2: paddr=00040020 vaddr=400d0020 size=c5998h (809368) map[0m
[0;32mI (452) esp_image: segment 3: paddr=001059c0 vaddr=3ffbfbb0 size=0408ch ( 16524) load[0m
[0;32mI (459) esp_image: segment 4: paddr=00109a54 vaddr=40080000 size=1e1d8h (123352) load[0m
[0;32mI (522) boot: Loaded app from partition at offset 0x10000[0m
[0;32mI (523) boot: Disabling RNG early entropy source...[0m
[0;32mI (534) cpu_start: Multicore app[0m
[0;32mI (543) cpu_start: Pro cpu start user code[0m
[0;32mI (543) cpu_start: cpu freq: 160000000 Hz[0m
[0;32mI (544) cpu_start: Application information:[0m
[0;32mI (547) cpu_start: Project name:     main[0m
[0;32mI (551) cpu_start: App version:      c9125ae-dirty[0m
[0;32mI (557) cpu_start: Compile time:     Jun 11 2025 15:42:32[0m
[0;32mI (563) cpu_start: ELF file SHA256:  052becf5c...[0m
[0;32mI (568) cpu_start: ESP-IDF:          v5.2.5-dirty[0m
[0;32mI (574) cpu_start: Min chip rev:     v0.0[0m
[0;32mI (578) cpu_start: Max chip rev:     v3.99 [0m
[0;32mI (583) cpu_start: Chip rev:         v3.1[0m
[0;32mI (588) heap_init: Initializing. RAM available for dynamic allocation:[0m
[0;32mI (595) heap_init: At 3FFAFF10 len 000000F0 (0 KiB): DRAM[0m
[0;32mI (601) heap_init: At 3FFB6388 len 00001C78 (7 KiB): DRAM[0m
[0;32mI (607) heap_init: At 3FFB9A20 len 00004108 (16 KiB): DRAM[0m
[0;32mI (613) heap_init: At 3FFD4AE8 len 0000B518 (45 KiB): DRAM[0m
[0;32mI (619) heap_init: At 3FFE0440 len 00003AE0 (14 KiB): D/IRAM[0m
[0;32mI (626) heap_init: At 3FFE4350 len 0001BCB0 (111 KiB): D/IRAM[0m
[0;32mI (632) heap_init: At 4009E1D8 len 00001E28 (7 KiB): IRAM[0m
[0;32mI (640) spi_flash: detected chip: generic[0m
[0;32mI (643) spi_flash: flash io: dio[0m
[0;33mW (647) i2c: This driver is an old driver, please migrate your application code to adapt `driver/i2c_master.h`[0m
[0;32mI (658) coexist: coex firmware version: 994b23e[0m
[0;32mI (664) main_task: Started on CPU0[0m
[0;32mI (668) main_task: Calling app_main()[0m
[0;32mI (672) SD_CARD_SPI: Mounting SD card at /data[0m
[0;32mI (677) gpio: GPIO[5]| InputEn: 0| OutputEn: 1| OpenDrain: 0| Pullup: 0| Pulldown: 0| Intr:0 [0m
[0;32mI (686) sdspi_transaction: cmd=52, R1 response: command not supported[0m
[0;32mI (734) sdspi_transaction: cmd=5, R1 response: command not supported[0m
Name: 00000
Type: SDHC/SDXC
Speed: 20.00 MHz (limit: 20.00 MHz)
Size: 14910MB
CSD: ver=2, sector_size=512, capacity=30535680 read_bl_len=9
SSR: bus_width=1
[0;32mI (761) gpio: GPIO[0]| InputEn: 1| OutputEn: 0| OpenDrain: 0| Pullup: 1| Pulldown: 0| Intr:0 [0m
[0;32mI (770) gpio: GPIO[15]| InputEn: 0| OutputEn: 1| OpenDrain: 0| Pullup: 0| Pulldown: 0| Intr:0 [0m
[0;32mI (779) gpio: GPIO[22]| InputEn: 0| OutputEn: 1| OpenDrain: 0| Pullup: 0| Pulldown: 0| Intr:0 [0m
[0;32mI (793) INMP441_I2S: INMP441 I2S initialized with 16000, 32 bit, mono (left)[0m
[0;32mI (799) MPU6500: Initializating MPU6500[0m
[0;32mI (801) BMP280: Initializating BMP280[0m
[0;32mI (827) BTDM_INIT: BT controller compile version [f7360be][0m
[0;32mI (829) BTDM_INIT: Bluetooth MAC: cc:7b:5c:27:ec:d6[0m
[0;32mI (832) phy_init: phy_version 4840,02e0d70,Sep  2 2024,19:39:07[0m
[0;32mI (919) DS18B20_1_WIRE: Initializating DS18B20[0m
[0;31mE (1033) MAIN:  Failed to initialize DS18B20[0m
[0;32mI (1492) WIFI_UART: GAP event: 10[0m
[0;32mI (1499) WIFI_UART: Bluetooth ready[0m
[0;32mI (1501) main_task: Returned from app_main()[0m
ets Jul 29 2019 12:21:46

rst:0x1 (POWERON_RESET),boot:0x17 (SPI_FAST_FLASH_BOOT)
configsip: 0, SPIWP:0xee
clk_drv:0x00,q_drv:0x00,d_drv:0x00,cs0_drv:0x00,hd_drv:0x00,wp_drv:0x00
mode:DIO, clock div:2
load:0x3fff0030,len:7172
load:0x40078000,len:15620
load:0x40080400,len:4
ho 8 tail 4 room 4
load:0x40080404,len:3904
entry 0x40080640
[0;32mI (31) boot: ESP-IDF v5.2.5-dirty 2nd stage bootloader[0m
[0;32mI (31) boot: compile time Jun  7 2025 18:27:38[0m
[0;32mI (31) boot: Multicore bootloader[0m
[0;32mI (36) boot: chip revision: v3.1[0m
[0;32mI (40) boot.esp32: SPI Speed      : 40MHz[0m
[0;32mI (44) boot.esp32: SPI Mode       : DIO[0m
[0;32mI (49) boot.esp32: SPI Flash Size : 4MB[0m
[0;32mI (53) boot: Enabling RNG early entropy source...[0m
[0;32mI (59) boot: Partition Table:[0m
[0;32mI (62) boot: ## Label            Usage          Type ST Offset   Length[0m
[0;32mI (70) boot:  0 nvs              WiFi data        01 02 00009000 00006000[0m
[0;32mI (77) boot:  1 phy_init         RF data          01 01 0000f000 00001000[0m
[0;32mI (85) boot:  2 factory          factory app      00 00 00010000 00180000[0m
[0;32mI (92) boot: End of partition table[0m
[0;32mI (96) esp_image: segment 0: paddr=00010020 vaddr=3f400020 size=2dfa0h (188320) map[0m
[0;32mI (169) esp_image: segment 1: paddr=0003dfc8 vaddr=3ffbdb60 size=02050h (  8272) load[0m
[0;32mI (173) esp_image: segment 2: paddr=00040020 vaddr=400d0020 size=c5998h (809368) map[0m
[0;32mI (452) esp_image: segment 3: paddr=001059c0 vaddr=3ffbfbb0 size=0408ch ( 16524) load[0m
[0;32mI (459) esp_image: segment 4: paddr=00109a54 vaddr=40080000 size=1e1d8h (123352) load[0m
[0;32mI (522) boot: Loaded app from partition at offset 0x10000[0m
[0;32mI (523) boot: Disabling RNG early entropy source...[0m
[0;32mI (534) cpu_start: Multicore app[0m
[0;32mI (543) cpu_start: Pro cpu start user code[0m
[0;32mI (543) cpu_start: cpu freq: 160000000 Hz[0m
[0;32mI (544) cpu_start: Application information:[0m
[0;32mI (547) cpu_start: Project name:     main[0m
[0;32mI (551) cpu_start: App version:      c9125ae-dirty[0m
[0;32mI (557) cpu_start: Compile time:     Jun 11 2025 15:42:32[0m
[0;32mI (563) cpu_start: ELF file SHA256:  052becf5c...[0m
[0;32mI (568) cpu_start: ESP-IDF:          v5.2.5-dirty[0m
[0;32mI (574) cpu_start: Min chip rev:     v0.0[0m
[0;32mI (578) cpu_start: Max chip rev:     v3.99 [0m
[0;32mI (583) cpu_start: Chip rev:         v3.1[0m
[0;32mI (588) heap_init: Initializing. RAM available for dynamic allocation:[0m
[0;32mI (595) heap_init: At 3FFAFF10 len 000000F0 (0 KiB): DRAM[0m
[0;32mI (601) heap_init: At 3FFB6388 len 00001C78 (7 KiB): DRAM[0m
[0;32mI (607) heap_init: At 3FFB9A20 len 00004108 (16 KiB): DRAM[0m
[0;32mI (613) heap_init: At 3FFD4AE8 len 0000B518 (45 KiB): DRAM[0m
[0;32mI (619) heap_init: At 3FFE0440 len 00003AE0 (14 KiB): D/IRAM[0m
[0;32mI (626) heap_init: At 3FFE4350 len 0001BCB0 (111 KiB): D/IRAM[0m
[0;32mI (632) heap_init: At 4009E1D8 len 00001E28 (7 KiB): IRAM[0m
[0;32mI (640) spi_flash: detected chip: generic[0m
[0;32mI (643) spi_flash: flash io: dio[0m
[0;33mW (647) i2c: This driver is an old driver, please migrate your application code to adapt `driver/i2c_master.h`[0m
[0;32mI (658) coexist: coex firmware version: 994b23e[0m
[0;32mI (664) main_task: Started on CPU0[0m
[0;32mI (668) main_task: Calling app_main()[0m
[0;32mI (672) SD_CARD_SPI: Mounting SD card at /data[0m
[0;32mI (677) gpio: GPIO[5]| InputEn: 0| OutputEn: 1| OpenDrain: 0| Pullup: 0| Pulldown: 0| Intr:0 [0m
[0;32mI (686) sdspi_transaction: cmd=52, R1 response: command not supported[0m
[0;32mI (734) sdspi_transaction: cmd=5, R1 response: command not supported[0m
Name: 00000
Type: SDHC/SDXC
Speed: 20.00 MHz (limit: 20.00 MHz)
Size: 14910MB
CSD: ver=2, sector_size=512, capacity=30535680 read_bl_len=9
SSR: bus_width=1
[0;32mI (761) gpio: GPIO[0]| InputEn: 1| OutputEn: 0| OpenDrain: 0| Pullup: 1| Pulldown: 0| Intr:0 [0m
[0;32mI (770) gpio: GPIO[15]| InputEn: 0| OutputEn: 1| OpenDrain: 0| Pullup: 0| Pulldown: 0| Intr:0 [0m
[0;32mI (779) gpio: GPIO[22]| InputEn: 0| OutputEn: 1| OpenDrain: 0| Pullup: 0| Pulldown: 0| Intr:0 [0m
[0;32mI (793) INMP441_I2S: INMP441 I2S initialized with 16000, 32 bit, mono (left)[0m
[0;32mI (800) MPU6500: Initializating MPU6500[0m
[0;32mI (801) BMP280: Initializating BMP280[0m
[0;32mI (827) BTDM_INIT: BT controller compile version [f7360be][0m
[0;32mI (829) BTDM_INIT: Bluetooth MAC: cc:7b:5c:27:ec:d6[0m
[0;32mI (832) phy_init: phy_version 4840,02e0d70,Sep  2 2024,19:39:07[0m
[0;32mI (919) DS18B20_1_WIRE: Initializating DS18B20[0m
[0;31mE (1033) MAIN:  Failed to initialize DS18B20[0m
[0;32mI (1465) WIFI_UART: GAP event: 10[0m
[0;32mI (1473) WIFI_UART: Bluetooth ready[0m
[0;32mI (1476) main_task: Returned from app_main()[0m
ets Jul 29 2019 12:21:46

rst:0x1 (POWERON_RESET),boot:0x17 (SPI_FAST_FLASH_BOOT)
configsip: 0, SPIWP:0xee
clk_drv:0x00,q_drv:0x00,d_drv:0x00,cs0_drv:0x00,hd_drv:0x00,wp_drv:0x00
mode:DIO, clock div:2
load:0x3fff0030,len:7172
load:0x40078000,len:15620
load:0x40080400,len:4
ho 8 tail 4 room 4
load:0x40080404,len:3904
entry 0x40080640
[0;32mI (31) boot: ESP-IDF v5.2.5-dirty 2nd stage bootloader[0m
[0;32mI (31) boot: compile time Jun  7 2025 18:27:38[0m
[0;32mI (31) boot: Multicore bootloader[0m
[0;32mI (36) boot: chip revision: v3.1[0m
[0;32mI (40) boot.esp32: SPI Speed      : 40MHz[0m
[0;32mI (44) boot.esp32: SPI Mode       : DIO[0m
[0;32mI (49) boot.esp32: SPI Flash Size : 4MB[0m
[0;32mI (53) boot: Enabling RNG early entropy source...[0m
[0;32mI (59) boot: Partition Table:[0m
[0;32mI (62) boot: ## Label            Usage          Type ST Offset   Length[0m
[0;32mI (70) boot:  0 nvs              WiFi data        01 02 00009000 00006000[0m
[0;32mI (77) boot:  1 phy_init         RF data          01 01 0000f000 00001000[0m
[0;32mI (85) boot:  2 factory          factory app      00 00 00010000 00180000[0m
[0;32mI (92) boot: End of partition table[0m
[0;32mI (96) esp_image: segment 0: paddr=00010020 vaddr=3f400020 size=2dfa0h (188320) map[0m
[0;32mI (169) esp_image: segment 1: paddr=0003dfc8 vaddr=3ffbdb60 size=02050h (  8272) load[0m
[0;32mI (173) esp_image: segment 2: paddr=00040020 vaddr=400d0020 size=c5998h (809368) map[0m
[0;32mI (452) esp_image: segment 3: paddr=001059c0 vaddr=3ffbfbb0 size=0408ch ( 16524) load[0m
[0;32mI (459) esp_image: segment 4: paddr=00109a54 vaddr=40080000 size=1e1d8h (123352) load[0m
[0;32mI (522) boot: Loaded app from partition at offset 0x10000[0m
[0;32mI (523) boot: Disabling RNG early entropy source...[0m
[0;32mI (534) cpu_start: Multicore app[0m
[0;32mI (543) cpu_start: Pro cpu start user code[0m
[0;32mI (543) cpu_start: cpu freq: 160000000 Hz[0m
[0;32mI (544) cpu_start: Application information:[0m
[0;32mI (547) cpu_start: Project name:     main[0m
[0;32mI (551) cpu_start: App version:      c9125ae-dirty[0m
[0;32mI (557) cpu_start: Compile time:     Jun 11 2025 15:42:32[0m
[0;32mI (563) cpu_start: ELF file SHA256:  052becf5c...[0m
[0;32mI (568) cpu_start: ESP-IDF:          v5.2.5-dirty[0m
[0;32mI (574) cpu_start: Min chip rev:     v0.0[0m
[0;32mI (578) cpu_start: Max chip rev:     v3.99 [0m
[0;32mI (583) cpu_start: Chip rev:         v3.1[0m
[0;32mI (588) heap_init: Initializing. RAM available for dynamic allocation:[0m
[0;32mI (595) heap_init: At 3FFAFF10 len 000000F0 (0 KiB): DRAM[0m
[0;32mI (601) heap_init: At 3FFB6388 len 00001C78 (7 KiB): DRAM[0m
[0;32mI (607) heap_init: At 3FFB9A20 len 00004108 (16 KiB): DRAM[0m
[0;32mI (613) heap_init: At 3FFD4AE8 len 0000B518 (45 KiB): DRAM[0m
[0;32mI (619) heap_init: At 3FFE0440 len 00003AE0 (14 KiB): D/IRAM[0m
[0;32mI (626) heap_init: At 3FFE4350 len 0001BCB0 (111 KiB): D/IRAM[0m
[0;32mI (632) heap_init: At 4009E1D8 len 00001E28 (7 KiB): IRAM[0m
[0;32mI (640) spi_flash: detected chip: generic[0m
[0;32mI (643) spi_flash: flash io: dio[0m
[0;33mW (647) i2c: This driver is an old driver, please migrate your application code to adapt `driver/i2c_master.h`[0m
[0;32mI (658) coexist: coex firmware version: 994b23e[0m
[0;32mI (664) main_task: Started on CPU0[0m
[0;32mI (668) main_task: Calling app_main()[0m
[0;32mI (672) SD_CARD_SPI: Mounting SD card at /data[0m
[0;32mI (677) gpio: GPIO[5]| InputEn: 0| OutputEn: 1| OpenDrain: 0| Pullup: 0| Pulldown: 0| Intr:0 [0m
[0;32mI (686) sdspi_transaction: cmd=52, R1 response: command not supported[0m
[0;32mI (734) sdspi_transaction: cmd=5, R1 response: command not supported[0m
Name: 00000
Type: SDHC/SDXC
Speed: 20.00 MHz (limit: 20.00 MHz)
Size: 14910MB
CSD: ver=2, sector_size=512, capacity=30535680 read_bl_len=9
SSR: bus_width=1
[0;32mI (761) gpio: GPIO[0]| InputEn: 1| OutputEn: 0| OpenDrain: 0| Pullup: 1| Pulldown: 0| Intr:0 [0m
[0;32mI (770) gpio: GPIO[15]| InputEn: 0| OutputEn: 1| OpenDrain: 0| Pullup: 0| Pulldown: 0| Intr:0 [0m
[0;32mI (779) gpio: GPIO[22]| InputEn: 0| OutputEn: 1| OpenDrain: 0| Pullup: 0| Pulldown: 0| Intr:0 [0m
[0;32mI (793) INMP441_I2S: INMP441 I2S initialized with 16000, 32 bit, mono (left)[0m
[0;32mI (800) MPU6500: Initializating MPU6500[0m
[0;32mI (801) BMP280: Initializating BMP280[0m
[0;32mI (827) BTDM_INIT: BT controller compile version [f7360be][0m
[0;32mI (829) BTDM_INIT: Bluetooth MAC: cc:7b:5c:27:ec:d6[0m
[0;32mI (832) phy_init: phy_version 4840,02e0d70,Sep  2 2024,19:39:07[0m
[0;32mI (919) DS18B20_1_WIRE: Initializating DS18B20[0m
[0;32mI (1466) WIFI_UART: GAP event: 10[0m
[0;32mI (1473) WIFI_UART: Bluetooth ready[0m
[0;32mI (1474) main_task: Returned from app_main()[0m
[0;32mI (8952) MAIN: Recording: ON[0m
[0;32mI (8989) SD_CARD_SPI: Started writing to file: /data/data23.bin[0m
[0;32mI (16067) MAIN: Recording: OFF[0m
[0;32mI (16173) SD_CARD_SPI: File closed[0m
[0;33mW (117211) BT_HCI: hcif conn complete: hdl 0x80, st 0x0[0m
[0;32mI (117216) WIFI_UART: GAP event: 16[0m
[0;32mI (117322) WIFI_UART: GAP event: 21[0m
[0;33mW (117414) BT_APPL: new conn_srvc id:26, app_id:255[0m
[0;32mI (119446) WIFI_UART: SSID: Tien
 PASS: tien1123
 IP: 192.168.1.12
[0m
[0;33mW (119480) BT_RFCOMM: port_rfc_closed RFCOMM connection in server:1 state 2 closed: Closed (res: 19)[0m
[0;33mW (119491) BT_RFCOMM: rfc_find_lcid_mcb LCID reused LCID:0x41 current:0x0[0m
[0;33mW (119494) BT_RFCOMM: RFCOMM_DisconnectInd LCID:0x41[0m
[0;33mW (122627) BT_HCI: hcif disc complete: hdl 0x80, rsn 0x13[0m
[0;32mI (122628) WIFI_UART: GAP event: 17[0m
[0;32mI (129367) MAIN: Starting Wifi/GUI connection...[0m
[0;32mI (129367) MAIN: Waiting for Bluetooth WiFi config...[0m
[0;32mI (129367) MAIN: Disabling Bluetooth...[0m
[0;33mW (129477) BT_APPL: bta_dm_disable BTA_DISABLE_DELAY set to 200 ms[0m
[0;32mI (129791) MAIN: Bluetooth disabled[0m
[0;32mI (129796) wifi:wifi driver task: 3ffbb774, prio:23, stack:3584, core=0[0m
[0;32mI (129824) wifi:wifi firmware version: 01d22db[0m
[0;32mI (129824) wifi:wifi certification version: v7.0[0m
[0;32mI (129825) wifi:config NVS flash: enabled[0m
[0;32mI (129826) wifi:config nano formating: disabled[0m
[0;32mI (129830) wifi:Init data frame dynamic rx buffer num: 32[0m
[0;32mI (129835) wifi:Init static rx mgmt buffer num: 5[0m
[0;32mI (129839) wifi:Init management short buffer num: 32[0m
[0;32mI (129844) wifi:Init dynamic tx buffer num: 32[0m
[0;32mI (129848) wifi:Init static rx buffer size: 1600[0m
[0;32mI (129853) wifi:Init static rx buffer num: 10[0m
[0;32mI (129857) wifi:Init dynamic rx buffer num: 32[0m
[0;32mI (129862) wifi_init: tcpip mbox: 32[0m
[0;32mI (129865) wifi_init: udp mbox: 6[0m
[0;32mI (129869) wifi_init: tcp mbox: 6[0m
[0;32mI (129873) wifi_init: tcp tx win: 5760[0m
[0;32mI (129877) wifi_init: tcp rx win: 5760[0m
[0;32mI (129882) wifi_init: tcp mss: 1440[0m
[0;32mI (129886) wifi_init: WiFi IRAM OP enabled[0m
[0;32mI (129897) wifi:mode : sta (cc:7b:5c:27:ec:d4)[0m
[0;32mI (129898) wifi:enable tsf[0m
[0;32mI (129901) WIFI_UART: WiFi connecting to Tien[0m
[0;32mI (129914) wifi:new:<11,0>, old:<1,0>, ap:<255,255>, sta:<11,0>, prof:1[0m
[0;32mI (129916) wifi:state: init -> auth (b0)[0m
[0;32mI (129921) wifi:state: auth -> assoc (0)[0m
[0;32mI (129931) wifi:state: assoc -> run (10)[0m
[0;32mI (129965) wifi:connected with Tien, aid = 23, channel 11, BW20, bssid = 0c:01:4b:16:4b:20[0m
[0;32mI (129965) wifi:security: WPA2-PSK, phy: bgn, rssi: -46[0m
[0;32mI (129970) wifi:pm start, type: 1[0m

[0;32mI (129971) wifi:dp: 1, bi: 102400, li: 3, scale listen interval from 307200 us to 307200 us[0m
[0;32mI (130011) wifi:AP's beacon interval = 102400 us, DTIM period = 1[0m
[0;32mI (132988) esp_netif_handlers: sta ip: 192.168.1.33, mask: 255.255.255.0, gw: 192.168.1.1[0m
[0;32mI (132990) WIFI_UART: Got IP: 192.168.1.33[0m
[0;32mI (132994) TCP_CONNECT: Connecting to 192.168.1.12:12345...[0m
[0;32mI (133298) TCP_CONNECT: Successfully connected to 192.168.1.12:12345[0m
[0;32mI (142900) MAIN: Stopping Wifi/GUI connection...[0m

assert failed: xQueueGenericSend queue.c:936 (pxQueue)


Backtrace: 0x40081bc6:0x3ffe1310 0x40091e45:0x3ffe1330 0x40099e8d:0x3ffe1350 0x400922bb:0x3ffe1470 0x400d837d:0x3ffe14b0 0x40092a01:0x3ffe1cd0




ELF file SHA256: 052becf5c

Rebooting...
ets Jul 29 2019 12:21:46

rst:0xc (SW_CPU_RESET),boot:0x17 (SPI_FAST_FLASH_BOOT)
configsip: 0, SPIWP:0xee
clk_drv:0x00,q_drv:0x00,d_drv:0x00,cs0_drv:0x00,hd_drv:0x00,wp_drv:0x00
mode:DIO, clock div:2
load:0x3fff0030,len:7172
load:0x40078000,len:15620
load:0x40080400,len:4
ho 8 tail 4 room 4
load:0x40080404,len:3904
entry 0x40080640
[0;32mI (31) boot: ESP-IDF v5.2.5-dirty 2nd stage bootloader[0m
[0;32mI (31) boot: compile time Jun  7 2025 18:27:38[0m
[0;32mI (31) boot: Multicore bootloader[0m
[0;32mI (36) boot: chip revision: v3.1[0m
[0;32mI (40) boot.esp32: SPI Speed      : 40MHz[0m
[0;32mI (44) boot.esp32: SPI Mode       : DIO[0m
[0;32mI (49) boot.esp32: SPI Flash Size : 4MB[0m
[0;32mI (53) boot: Enabling RNG early entropy source...[0m
[0;32mI (59) boot: Partition Table:[0m
[0;32mI (62) boot: ## Label            Usage          Type ST Offset   Length[0m
[0;32mI (70) boot:  0 nvs              WiFi data        01 02 00009000 00006000[0m
[0;32mI (77) boot:  1 phy_init         RF data          01 01 0000f000 00001000[0m
[0;32mI (84) boot:  2 factory          factory app      00 00 00010000 00180000[0m
[0;32mI (92) boot: End of partition table[0m
[0;32mI (96) esp_image: segment 0: paddr=00010020 vaddr=3f400020 size=2dfa0h (188320) map[0m
[0;32mI (169) esp_image: segment 1: paddr=0003dfc8 vaddr=3ffbdb60 size=02050h (  8272) load[0m
[0;32mI (172) esp_image: segment 2: paddr=00040020 vaddr=400d0020 size=c5998h (809368) map[0m
[0;32mI (452) esp_image: segment 3: paddr=001059c0 vaddr=3ffbfbb0 size=0408ch ( 16524) load[0m
[0;32mI (459) esp_image: segment 4: paddr=00109a54 vaddr=40080000 size=1e1d8h (123352) load[0m
[0;32mI (522) boot: Loaded app from partition at offset 0x10000[0m
[0;32mI (522) boot: Disabling RNG early entropy source...[0m
[0;32mI (534) cpu_start: Multicore app[0m
[0;32mI (543) cpu_start: Pro cpu start user code[0m
[0;32mI (543) cpu_start: cpu freq: 160000000 Hz[0m
[0;32mI (543) cpu_start: Application information:[0m
[0;32mI (546) cpu_start: Project name:     main[0m
[0;32mI (551) cpu_start: App version:      c9125ae-dirty[0m
[0;32mI (556) cpu_start: Compile time:     Jun 11 2025 15:42:32[0m
[0;32mI (563) cpu_start: ELF file SHA256:  052becf5c...[0m
[0;32mI (568) cpu_start: ESP-IDF:          v5.2.5-dirty[0m
[0;32mI (573) cpu_start: Min chip rev:     v0.0[0m
[0;32mI (578) cpu_start: Max chip rev:     v3.99 [0m
[0;32mI (583) cpu_start: Chip rev:         v3.1[0m
[0;32mI (588) heap_init: Initializing. RAM available for dynamic allocation:[0m
[0;32mI (595) heap_init: At 3FFAFF10 len 000000F0 (0 KiB): DRAM[0m
[0;32mI (601) heap_init: At 3FFB6388 len 00001C78 (7 KiB): DRAM[0m
[0;32mI (607) heap_init: At 3FFB9A20 len 00004108 (16 KiB): DRAM[0m
[0;32mI (613) heap_init: At 3FFD4AE8 len 0000B518 (45 KiB): DRAM[0m
[0;32mI (619) heap_init: At 3FFE0440 len 00003AE0 (14 KiB): D/IRAM[0m
[0;32mI (626) heap_init: At 3FFE4350 len 0001BCB0 (111 KiB): D/IRAM[0m
[0;32mI (632) heap_init: At 4009E1D8 len 00001E28 (7 KiB): IRAM[0m
[0;32mI (640) spi_flash: detected chip: generic[0m
[0;32mI (643) spi_flash: flash io: dio[0m
[0;33mW (647) i2c: This driver is an old driver, please migrate your application code to adapt `driver/i2c_master.h`[0m
[0;32mI (658) coexist: coex firmware version: 994b23e[0m
[0;32mI (663) main_task: Started on CPU0[0m
[0;32mI (667) main_task: Calling app_main()[0m
[0;32mI (671) SD_CARD_SPI: Mounting SD card at /data[0m
[0;32mI (676) gpio: GPIO[5]| InputEn: 0| OutputEn: 1| OpenDrain: 0| Pullup: 0| Pulldown: 0| Intr:0 [0m
[0;32mI (685) sdspi_transaction: cmd=52, R1 response: command not supported[0m
[0;32mI (733) sdspi_transaction: cmd=5, R1 response: command not supported[0m
Name: 00000
Type: SDHC/SDXC
Speed: 20.00 MHz (limit: 20.00 MHz)
Size: 14910MB
CSD: ver=2, sector_size=512, capacity=30535680 read_bl_len=9
SSR: bus_width=1
[0;32mI (761) gpio: GPIO[0]| InputEn: 1| OutputEn: 0| OpenDrain: 0| Pullup: 1| Pulldown: 0| Intr:0 [0m
[0;32mI (770) gpio: GPIO[15]| InputEn: 0| OutputEn: 1| OpenDrain: 0| Pullup: 0| Pulldown: 0| Intr:0 [0m
[0;32mI (779) gpio: GPIO[22]| InputEn: 0| OutputEn: 1| OpenDrain: 0| Pullup: 0| Pulldown: 0| Intr:0 [0m
[0;32mI (792) INMP441_I2S: INMP441 I2S initialized with 16000, 32 bit, mono (left)[0m
[0;32mI (799) MPU6500: Initializating MPU6500[0m
[0;32mI (801) BMP280: Initializating BMP280[0m
[0;32mI (827) BTDM_INIT: BT controller compile version [f7360be][0m
[0;32mI (829) BTDM_INIT: Bluetooth MAC: cc:7b:5c:27:ec:d6[0m
[0;32mI (832) phy_init: phy_version 4840,02e0d70,Sep  2 2024,19:39:07[0m
[0;32mI (919) DS18B20_1_WIRE: Initializating DS18B20[0m
[0;31mE (1033) MAIN:  Failed to initialize DS18B20[0m
[0;32mI (1482) WIFI_UART: GAP event: 10[0m
[0;32mI (1489) WIFI_UART: Bluetooth ready[0m
[0;32mI (1492) main_task: Returned from app_main()[0m
[0;32mI (23238) MAIN: Starting Wifi/GUI connection...[0m
[0;32mI (23238) MAIN: Waiting for Bluetooth WiFi config...[0m
[0;32mI (29438) MAIN: Recording: ON[0m
[0;32mI (29473) SD_CARD_SPI: Started writing to file: /data/data24.bin[0m
[0;32mI (31538) MAIN: Recording: OFF[0m
[0;32mI (31619) SD_CARD_SPI: File closed[0m
ets Jul 29 2019 12:21:46

rst:0x1 (POWERON_RESET),boot:0x17 (SPI_FAST_FLASH_BOOT)
configsip: 0, SPIWP:0xee
clk_drv:0x00,q_drv:0x00,d_drv:0x00,cs0_drv:0x00,hd_drv:0x00,wp_drv:0x00
mode:DIO, clock div:2
load:0x3fff0030,len:7172
load:0x40078000,len:15620
load:0x40080400,len:4
ho 8 tail 4 room 4
load:0x40080404,len:3904
entry 0x40080640
[0;32mI (31) boot: ESP-IDF v5.2.5-dirty 2nd stage bootloader[0m
[0;32mI (31) boot: compile time Jun  7 2025 18:27:38[0m
[0;32mI (31) boot: Multicore bootloader[0m
[0;32mI (36) boot: chip revision: v3.1[0m
[0;32mI (40) boot.esp32: SPI Speed      : 40MHz[0m
[0;32mI (44) boot.esp32: SPI Mode       : DIO[0m
[0;32mI (49) boot.esp32: SPI Flash Size : 4MB[0m
[0;32mI (53) boot: Enabling RNG early entropy source...[0m
[0;32mI (59) boot: Partition Table:[0m
[0;32mI (62) boot: ## Label            Usage          Type ST Offset   Length[0m
[0;32mI (70) boot:  0 nvs              WiFi data        01 02 00009000 00006000[0m
[0;32mI (77) boot:  1 phy_init         RF data          01 01 0000f000 00001000[0m
[0;32mI (85) boot:  2 factory          factory app      00 00 00010000 00180000[0m
[0;32mI (92) boot: End of partition table[0m
[0;32mI (96) esp_image: segment 0: paddr=00010020 vaddr=3f400020 size=2dfa0h (188320) map[0m
[0;32mI (169) esp_image: segment 1: paddr=0003dfc8 vaddr=3ffbdb60 size=02050h (  8272) load[0m
[0;32mI (173) esp_image: segment 2: paddr=00040020 vaddr=400d0020 size=c5998h (809368) map[0m
[0;32mI (452) esp_image: segment 3: paddr=001059c0 vaddr=3ffbfbb0 size=0408ch ( 16524) load[0m
[0;32mI (459) esp_image: segment 4: paddr=00109a54 vaddr=40080000 size=1e1d8h (123352) load[0m
[0;32mI (522) boot: Loaded app from partition at offset 0x10000[0m
[0;32mI (523) boot: Disabling RNG early entropy source...[0m
[0;32mI (534) cpu_start: Multicore app[0m
[0;32mI (543) cpu_start: Pro cpu start user code[0m
[0;32mI (543) cpu_start: cpu freq: 160000000 Hz[0m
[0;32mI (544) cpu_start: Application information:[0m
[0;32mI (547) cpu_start: Project name:     main[0m
[0;32mI (551) cpu_start: App version:      c9125ae-dirty[0m
[0;32mI (557) cpu_start: Compile time:     Jun 11 2025 15:42:32[0m
[0;32mI (563) cpu_start: ELF file SHA256:  052becf5c...[0m
[0;32mI (568) cpu_start: ESP-IDF:          v5.2.5-dirty[0m
[0;32mI (574) cpu_start: Min chip rev:     v0.0[0m
[0;32mI (578) cpu_start: Max chip rev:     v3.99 [0m
[0;32mI (583) cpu_start: Chip rev:         v3.1[0m
[0;32mI (588) heap_init: Initializing. RAM available for dynamic allocation:[0m
[0;32mI (595) heap_init: At 3FFAFF10 len 000000F0 (0 KiB): DRAM[0m
[0;32mI (601) heap_init: At 3FFB6388 len 00001C78 (7 KiB): DRAM[0m
[0;32mI (607) heap_init: At 3FFB9A20 len 00004108 (16 KiB): DRAM[0m
[0;32mI (613) heap_init: At 3FFD4AE8 len 0000B518 (45 KiB): DRAM[0m
[0;32mI (619) heap_init: At 3FFE0440 len 00003AE0 (14 KiB): D/IRAM[0m
[0;32mI (626) heap_init: At 3FFE4350 len 0001BCB0 (111 KiB): D/IRAM[0m
[0;32mI (632) heap_init: At 4009E1D8 len 00001E28 (7 KiB): IRAM[0m
[0;32mI (640) spi_flash: detected chip: generic[0m
[0;32mI (643) spi_flash: flash io: dio[0m
[0;33mW (647) i2c: This driver is an old driver, please migrate your application code to adapt `driver/i2c_master.h`[0m
[0;32mI (658) coexist: coex firmware version: 994b23e[0m
[0;32mI (664) main_task: Started on CPU0[0m
[0;32mI (668) main_task: Calling app_main()[0m
[0;32mI (672) SD_CARD_SPI: Mounting SD card at /data[0m
[0;32mI (677) gpio: GPIO[5]| InputEn: 0| OutputEn: 1| OpenDrain: 0| Pullup: 0| Pulldown: 0| Intr:0 [0m
[0;32mI (686) sdspi_transaction: cmd=52, R1 response: command not supported[0m
[0;32mI (734) sdspi_transaction: cmd=5, R1 response: command not supported[0m
Name: 00000
Type: SDHC/SDXC
Speed: 20.00 MHz (limit: 20.00 MHz)
Size: 14910MB
CSD: ver=2, sector_size=512, capacity=30535680 read_bl_len=9
SSR: bus_width=1
[0;32mI (762) gpio: GPIO[0]| InputEn: 1| OutputEn: 0| OpenDrain: 0| Pullup: 1| Pulldown: 0| Intr:0 [0m
[0;32mI (770) gpio: GPIO[15]| InputEn: 0| OutputEn: 1| OpenDrain: 0| Pullup: 0| Pulldown: 0| Intr:0 [0m
[0;32mI (780) gpio: GPIO[22]| InputEn: 0| OutputEn: 1| OpenDrain: 0| Pullup: 0| Pulldown: 0| Intr:0 [0m
[0;32mI (793) INMP441_I2S: INMP441 I2S initialized with 16000, 32 bit, mono (left)[0m
[0;32mI (800) MPU6500: Initializating MPU6500[0m
[0;32mI (802) BMP280: Initializating BMP280[0m
[0;32mI (827) BTDM_INIT: BT controller compile version [f7360be][0m
[0;32mI (830) BTDM_INIT: Bluetooth MAC: cc:7b:5c:27:ec:d6[0m
[0;32mI (833) phy_init: phy_version 4840,02e0d70,Sep  2 2024,19:39:07[0m
[0;32mI (919) DS18B20_1_WIRE: Initializating DS18B20[0m
[0;31mE (1033) MAIN:  Failed to initialize DS18B20[0m
[0;32mI (1506) WIFI_UART: GAP event: 10[0m
[0;32mI (1513) WIFI_UART: Bluetooth ready[0m
[0;32mI (1515) main_task: Returned from app_main()[0m
ets Jul 29 2019 12:21:46

rst:0x1 (POWERON_RESET),boot:0x17 (SPI_FAST_FLASH_BOOT)
configsip: 0, SPIWP:0xee
clk_drv:0x00,q_drv:0x00,d_drv:0x00,cs0_drv:0x00,hd_drv:0x00,wp_drv:0x00
mode:DIO, clock div:2
load:0x3fff0030,len:7172
load:0x40078000,len:15620
load:0x40080400,len:4
ho 8 tail 4 room 4
load:0x40080404,len:3904
entry 0x40080640
[0;32mI (31) boot: ESP-IDF v5.2.5-dirty 2nd stage bootloader[0m
[0;32mI (31) boot: compile time Jun  7 2025 18:27:38[0m
[0;32mI (31) boot: Multicore bootloader[0m
[0;32mI (36) boot: chip revision: v3.1[0m
[0;32mI (40) boot.esp32: SPI Speed      : 40MHz[0m
[0;32mI (44) boot.esp32: SPI Mode       : DIO[0m
[0;32mI (49) boot.esp32: SPI Flash Size : 4MB[0m
[0;32mI (53) boot: Enabling RNG early entropy source...[0m
[0;32mI (59) boot: Partition Table:[0m
[0;32mI (62) boot: ## Label            Usage          Type ST Offset   Length[0m
[0;32mI (70) boot:  0 nvs              WiFi data        01 02 00009000 00006000[0m
[0;32mI (77) boot:  1 phy_init         RF data          01 01 0000f000 00001000[0m
[0;32mI (85) boot:  2 factory          factory app      00 00 00010000 00180000[0m
[0;32mI (92) boot: End of partition table[0m
[0;32mI (96) esp_image: segment 0: paddr=00010020 vaddr=3f400020 size=2dfa0h (188320) map[0m
[0;32mI (169) esp_image: segment 1: paddr=0003dfc8 vaddr=3ffbdb60 size=02050h (  8272) load[0m
[0;32mI (173) esp_image: segment 2: paddr=00040020 vaddr=400d0020 size=c5998h (809368) map[0m
[0;32mI (452) esp_image: segment 3: paddr=001059c0 vaddr=3ffbfbb0 size=0408ch ( 16524) load[0m
[0;32mI (459) esp_image: segment 4: paddr=00109a54 vaddr=40080000 size=1e1d8h (123352) load[0m
[0;32mI (522) boot: Loaded app from partition at offset 0x10000[0m
[0;32mI (523) boot: Disabling RNG early entropy source...[0m
[0;32mI (534) cpu_start: Multicore app[0m
[0;32mI (543) cpu_start: Pro cpu start user code[0m
[0;32mI (543) cpu_start: cpu freq: 160000000 Hz[0m
[0;32mI (544) cpu_start: Application information:[0m
[0;32mI (547) cpu_start: Project name:     main[0m
[0;32mI (551) cpu_start: App version:      c9125ae-dirty[0m
[0;32mI (557) cpu_start: Compile time:     Jun 11 2025 15:42:32[0m
[0;32mI (563) cpu_start: ELF file SHA256:  052becf5c...[0m
[0;32mI (568) cpu_start: ESP-IDF:          v5.2.5-dirty[0m
[0;32mI (574) cpu_start: Min chip rev:     v0.0[0m
[0;32mI (578) cpu_start: Max chip rev:     v3.99 [0m
[0;32mI (583) cpu_start: Chip rev:         v3.1[0m
[0;32mI (588) heap_init: Initializing. RAM available for dynamic allocation:[0m
[0;32mI (595) heap_init: At 3FFAFF10 len 000000F0 (0 KiB): DRAM[0m
[0;32mI (601) heap_init: At 3FFB6388 len 00001C78 (7 KiB): DRAM[0m
[0;32mI (607) heap_init: At 3FFB9A20 len 00004108 (16 KiB): DRAM[0m
[0;32mI (613) heap_init: At 3FFD4AE8 len 0000B518 (45 KiB): DRAM[0m
[0;32mI (619) heap_init: At 3FFE0440 len 00003AE0 (14 KiB): D/IRAM[0m
[0;32mI (626) heap_init: At 3FFE4350 len 0001BCB0 (111 KiB): D/IRAM[0m
[0;32mI (632) heap_init: At 4009E1D8 len 00001E28 (7 KiB): IRAM[0m
[0;32mI (640) spi_flash: detected chip: generic[0m
[0;32mI (643) spi_flash: flash io: dio[0m
[0;33mW (647) i2c: This driver is an old driver, please migrate your application code to adapt `driver/i2c_master.h`[0m
[0;32mI (658) coexist: coex firmware version: 994b23e[0m
[0;32mI (664) main_task: Started on CPU0[0m
[0;32mI (668) main_task: Calling app_main()[0m
[0;32mI (672) SD_CARD_SPI: Mounting SD card at /data[0m
[0;32mI (677) gpio: GPIO[5]| InputEn: 0| OutputEn: 1| OpenDrain: 0| Pullup: 0| Pulldown: 0| Intr:0 [0m
[0;32mI (686) sdspi_transaction: cmd=52, R1 response: command not supported[0m
[0;32mI (734) sdspi_transaction: cmd=5, R1 response: command not supported[0m
Name: 00000
Type: SDHC/SDXC
Speed: 20.00 MHz (limit: 20.00 MHz)
Size: 14910MB
CSD: ver=2, sector_size=512, capacity=30535680 read_bl_len=9
SSR: bus_width=1
[0;32mI (761) gpio: GPIO[0]| InputEn: 1| OutputEn: 0| OpenDrain: 0| Pullup: 1| Pulldown: 0| Intr:0 [0m
[0;32mI (770) gpio: GPIO[15]| InputEn: 0| OutputEn: 1| OpenDrain: 0| Pullup: 0| Pulldown: 0| Intr:0 [0m
[0;32mI (779) gpio: GPIO[22]| InputEn: 0| OutputEn: 1| OpenDrain: 0| Pullup: 0| Pulldown: 0| Intr:0 [0m
[0;32mI (793) INMP441_I2S: INMP441 I2S initialized with 16000, 32 bit, mono (left)[0m
[0;32mI (799) MPU6500: Initializating MPU6500[0m
[0;32mI (801) BMP280: Initializating BMP280[0m
[0;32mI (827) BTDM_INIT: BT controller compile version [f7360be][0m
[0;32mI (829) BTDM_INIT: Bluetooth MAC: cc:7b:5c:27:ec:d6[0m
[0;32mI (832) phy_init: phy_version 4840,02e0d70,Sep  2 2024,19:39:07[0m
[0;32mI (919) DS18B20_1_WIRE: Initializating DS18B20[0m
[0;31mE (1033) MAIN:  Failed to initialize DS18B20[0m
[0;32mI (1473) WIFI_UART: GAP event: 10[0m
[0;32mI (1482) WIFI_UART: Bluetooth ready[0m
[0;32mI (1483) main_task: Returned from app_main()[0m
ets Jul 29 2019 12:21:46

rst:0x1 (POWERON_RESET),boot:0x17 (SPI_FAST_FLASH_BOOT)
configsip: 0, SPIWP:0xee
clk_drv:0x00,q_drv:0x00,d_drv:0x00,cs0_drv:0x00,hd_drv:0x00,wp_drv:0x00
mode:DIO, clock div:2
load:0x3fff0030,len:7172
load:0x40078000,len:15620
load:0x40080400,len:4
ho 8 tail 4 room 4
load:0x40080404,len:3904
entry 0x40080640
[0;32mI (31) boot: ESP-IDF v5.2.5-dirty 2nd stage bootloader[0m
[0;32mI (31) boot: compile time Jun  7 2025 18:27:38[0m
[0;32mI (31) boot: Multicore bootloader[0m
[0;32mI (36) boot: chip revision: v3.1[0m
[0;32mI (40) boot.esp32: SPI Speed      : 40MHz[0m
[0;32mI (44) boot.esp32: SPI Mode       : DIO[0m
[0;32mI (49) boot.esp32: SPI Flash Size : 4MB[0m
[0;32mI (53) boot: Enabling RNG early entropy source...[0m
[0;32mI (59) boot: Partition Table:[0m
[0;32mI (62) boot: ## Label            Usage          Type ST Offset   Length[0m
[0;32mI (70) boot:  0 nvs              WiFi data        01 02 00009000 00006000[0m
[0;32mI (77) boot:  1 phy_init         RF data          01 01 0000f000 00001000[0m
[0;32mI (85) boot:  2 factory          factory app      00 00 00010000 00180000[0m
[0;32mI (92) boot: End of partition table[0m
[0;32mI (96) esp_image: segment 0: paddr=00010020 vaddr=3f400020 size=2dfa0h (188320) map[0m
[0;32mI (169) esp_image: segment 1: paddr=0003dfc8 vaddr=3ffbdb60 size=02050h (  8272) load[0m
[0;32mI (173) esp_image: segment 2: paddr=00040020 vaddr=400d0020 size=c5998h (809368) map[0m
[0;32mI (452) esp_image: segment 3: paddr=001059c0 vaddr=3ffbfbb0 size=0408ch ( 16524) load[0m
[0;32mI (459) esp_image: segment 4: paddr=00109a54 vaddr=40080000 size=1e1d8h (123352) load[0m
[0;32mI (522) boot: Loaded app from partition at offset 0x10000[0m
[0;32mI (523) boot: Disabling RNG early entropy source...[0m
[0;32mI (534) cpu_start: Multicore app[0m
[0;32mI (543) cpu_start: Pro cpu start user code[0m
[0;32mI (543) cpu_start: cpu freq: 160000000 Hz[0m
[0;32mI (544) cpu_start: Application information:[0m
[0;32mI (547) cpu_start: Project name:     main[0m
[0;32mI (551) cpu_start: App version:      c9125ae-dirty[0m
[0;32mI (557) cpu_start: Compile time:     Jun 11 2025 15:42:32[0m
[0;32mI (563) cpu_start: ELF file SHA256:  052becf5c...[0m
[0;32mI (568) cpu_start: ESP-IDF:          v5.2.5-dirty[0m
[0;32mI (574) cpu_start: Min chip rev:     v0.0[0m
[0;32mI (578) cpu_start: Max chip rev:     v3.99 [0m
[0;32mI (583) cpu_start: Chip rev:         v3.1[0m
[0;32mI (588) heap_init: Initializing. RAM available for dynamic allocation:[0m
[0;32mI (595) heap_init: At 3FFAFF10 len 000000F0 (0 KiB): DRAM[0m
[0;32mI (601) heap_init: At 3FFB6388 len 00001C78 (7 KiB): DRAM[0m
[0;32mI (607) heap_init: At 3FFB9A20 len 00004108 (16 KiB): DRAM[0m
[0;32mI (613) heap_init: At 3FFD4AE8 len 0000B518 (45 KiB): DRAM[0m
[0;32mI (619) heap_init: At 3FFE0440 len 00003AE0 (14 KiB): D/IRAM[0m
[0;32mI (626) heap_init: At 3FFE4350 len 0001BCB0 (111 KiB): D/IRAM[0m
[0;32mI (632) heap_init: At 4009E1D8 len 00001E28 (7 KiB): IRAM[0m
[0;32mI (640) spi_flash: detected chip: generic[0m
[0;32mI (643) spi_flash: flash io: dio[0m
[0;33mW (647) i2c: This driver is an old driver, please migrate your application code to adapt `driver/i2c_master.h`[0m
[0;32mI (658) coexist: coex firmware version: 994b23e[0m
[0;32mI (664) main_task: Started on CPU0[0m
[0;32mI (668) main_task: Calling app_main()[0m
[0;32mI (672) SD_CARD_SPI: Mounting SD card at /data[0m
[0;32mI (677) gpio: GPIO[5]| InputEn: 0| OutputEn: 1| OpenDrain: 0| Pullup: 0| Pulldown: 0| Intr:0 [0m
[0;32mI (686) sdspi_transaction: cmd=52, R1 response: command not supported[0m
[0;32mI (734) sdspi_transaction: cmd=5, R1 response: command not supported[0m
Name: 00000
Type: SDHC/SDXC
Speed: 20.00 MHz (limit: 20.00 MHz)
Size: 14910MB
CSD: ver=2, sector_size=512, capacity=30535680 read_bl_len=9
SSR: bus_width=1
[0;32mI (761) gpio: GPIO[0]| InputEn: 1| OutputEn: 0| OpenDrain: 0| Pullup: 1| Pulldown: 0| Intr:0 [0m
[0;32mI (770) gpio: GPIO[15]| InputEn: 0| OutputEn: 1| OpenDrain: 0| Pullup: 0| Pulldown: 0| Intr:0 [0m
[0;32mI (779) gpio: GPIO[22]| InputEn: 0| OutputEn: 1| OpenDrain: 0| Pullup: 0| Pulldown: 0| Intr:0 [0m
[0;32mI (793) INMP441_I2S: INMP441 I2S initialized with 16000, 32 bit, mono (left)[0m
[0;32mI (799) MPU6500: Initializating MPU6500[0m
[0;32mI (801) BMP280: Initializating BMP280[0m
[0;32mI (827) BTDM_INIT: BT controller compile version [f7360be][0m
[0;32mI (829) BTDM_INIT: Bluetooth MAC: cc:7b:5c:27:ec:d6[0m
[0;32mI (832) phy_init: phy_version 4840,02e0d70,Sep  2 2024,19:39:07[0m
[0;32mI (919) DS18B20_1_WIRE: Initializating DS18B20[0m
[0;31mE (1033) MAIN:  Failed to initialize DS18B20[0m
[0;32mI (1495) WIFI_UART: GAP event: 10[0m
[0;32mI (1502) WIFI_UART: Bluetooth ready[0m
[0;32mI (1504) main_task: Returned from app_main()[0m
ets Jul 29 2019 12:21:46

rst:0x1 (POWERON_RESET),boot:0x17 (SPI_FAST_FLASH_BOOT)
configsip: 0, SPIWP:0xee
clk_drv:0x00,q_drv:0x00,d_drv:0x00,cs0_drv:0x00,hd_drv:0x00,wp_drv:0x00
mode:DIO, clock div:2
load:0x3fff0030,len:7172
load:0x40078000,len:15620
load:0x40080400,len:4
ho 8 tail 4 room 4
load:0x40080404,len:3904
entry 0x40080640
[0;32mI (31) boot: ESP-IDF v5.2.5-dirty 2nd stage bootloader[0m
[0;32mI (31) boot: compile time Jun  7 2025 18:27:38[0m
[0;32mI (31) boot: Multicore bootloader[0m
[0;32mI (36) boot: chip revision: v3.1[0m
[0;32mI (40) boot.esp32: SPI Speed      : 40MHz[0m
[0;32mI (44) boot.esp32: SPI Mode       : DIO[0m
[0;32mI (49) boot.esp32: SPI Flash Size : 4MB[0m
[0;32mI (53) boot: Enabling RNG early entropy source...[0m
[0;32mI (59) boot: Partition Table:[0m
[0;32mI (62) boot: ## Label            Usage          Type ST Offset   Length[0m
[0;32mI (70) boot:  0 nvs              WiFi data        01 02 00009000 00006000[0m
[0;32mI (77) boot:  1 phy_init         RF data          01 01 0000f000 00001000[0m
[0;32mI (85) boot:  2 factory          factory app      00 00 00010000 00180000[0m
[0;32mI (92) boot: End of partition table[0m
[0;32mI (96) esp_image: segment 0: paddr=00010020 vaddr=3f400020 size=2dfa0h (188320) map[0m
[0;32mI (169) esp_image: segment 1: paddr=0003dfc8 vaddr=3ffbdb60 size=02050h (  8272) load[0m
[0;32mI (173) esp_image: segment 2: paddr=00040020 vaddr=400d0020 size=c5998h (809368) map[0m
[0;32mI (452) esp_image: segment 3: paddr=001059c0 vaddr=3ffbfbb0 size=0408ch ( 16524) load[0m
[0;32mI (459) esp_image: segment 4: paddr=00109a54 vaddr=40080000 size=1e1d8h (123352) load[0m
[0;32mI (522) boot: Loaded app from partition at offset 0x10000[0m
[0;32mI (523) boot: Disabling RNG early entropy source...[0m
[0;32mI (534) cpu_start: Multicore app[0m
[0;32mI (543) cpu_start: Pro cpu start user code[0m
[0;32mI (543) cpu_start: cpu freq: 160000000 Hz[0m
[0;32mI (544) cpu_start: Application information:[0m
[0;32mI (547) cpu_start: Project name:     main[0m
[0;32mI (551) cpu_start: App version:      c9125ae-dirty[0m
[0;32mI (557) cpu_start: Compile time:     Jun 11 2025 15:42:32[0m
[0;32mI (563) cpu_start: ELF file SHA256:  052becf5c...[0m
[0;32mI (568) cpu_start: ESP-IDF:          v5.2.5-dirty[0m
[0;32mI (574) cpu_start: Min chip rev:     v0.0[0m
[0;32mI (578) cpu_start: Max chip rev:     v3.99 [0m
[0;32mI (583) cpu_start: Chip rev:         v3.1[0m
[0;32mI (588) heap_init: Initializing. RAM available for dynamic allocation:[0m
[0;32mI (595) heap_init: At 3FFAFF10 len 000000F0 (0 KiB): DRAM[0m
[0;32mI (601) heap_init: At 3FFB6388 len 00001C78 (7 KiB): DRAM[0m
[0;32mI (607) heap_init: At 3FFB9A20 len 00004108 (16 KiB): DRAM[0m
[0;32mI (613) heap_init: At 3FFD4AE8 len 0000B518 (45 KiB): DRAM[0m
[0;32mI (619) heap_init: At 3FFE0440 len 00003AE0 (14 KiB): D/IRAM[0m
[0;32mI (626) heap_init: At 3FFE4350 len 0001BCB0 (111 KiB): D/IRAM[0m
[0;32mI (632) heap_init: At 4009E1D8 len 00001E28 (7 KiB): IRAM[0m
[0;32mI (640) spi_flash: detected chip: generic[0m
[0;32mI (643) spi_flash: flash io: dio[0m
[0;33mW (647) i2c: This driver is an old driver, please migrate your application code to adapt `driver/i2c_master.h`[0m
[0;32mI (658) coexist: coex firmware version: 994b23e[0m
[0;32mI (664) main_task: Started on CPU0[0m
[0;32mI (668) main_task: Calling app_main()[0m
[0;32mI (672) SD_CARD_SPI: Mounting SD card at /data[0m
[0;32mI (677) gpio: GPIO[5]| InputEn: 0| OutputEn: 1| OpenDrain: 0| Pullup: 0| Pulldown: 0| Intr:0 [0m
[0;32mI (686) sdspi_transaction: cmd=52, R1 response: command not supported[0m
[0;32mI (734) sdspi_transaction: cmd=5, R1 response: command not supported[0m
Name: 00000
Type: SDHC/SDXC
Speed: 20.00 MHz (limit: 20.00 MHz)
Size: 14910MB
CSD: ver=2, sector_size=512, capacity=30535680 read_bl_len=9
SSR: bus_width=1
[0;32mI (761) gpio: GPIO[0]| InputEn: 1| OutputEn: 0| OpenDrain: 0| Pullup: 1| Pulldown: 0| Intr:0 [0m
[0;32mI (770) gpio: GPIO[15]| InputEn: 0| OutputEn: 1| OpenDrain: 0| Pullup: 0| Pulldown: 0| Intr:0 [0m
[0;32mI (779) gpio: GPIO[22]| InputEn: 0| OutputEn: 1| OpenDrain: 0| Pullup: 0| Pulldown: 0| Intr:0 [0m
[0;32mI (793) INMP441_I2S: INMP441 I2S initialized with 16000, 32 bit, mono (left)[0m
[0;32mI (799) MPU6500: Initializating MPU6500[0m
[0;32mI (801) BMP280: Initializating BMP280[0m
[0;32mI (827) BTDM_INIT: BT controller compile version [f7360be][0m
[0;32mI (829) BTDM_INIT: Bluetooth MAC: cc:7b:5c:27:ec:d6[0m
[0;32mI (832) phy_init: phy_version 4840,02e0d70,Sep  2 2024,19:39:07[0m
[0;32mI (919) DS18B20_1_WIRE: Initializating DS18B20[0m
[0;31mE (1033) MAIN:  Failed to initialize DS18B20[0m
[0;32mI (1463) WIFI_UART: GAP event: 10[0m
[0;32mI (1471) WIFI_UART: Bluetooth ready[0m
[0;32mI (1472) main_task: Returned from app_main()[0m
ets Jul 29 2019 12:21:46

rst:0x1 (POWERON_RESET),boot:0x17 (SPI_FAST_FLASH_BOOT)
configsip: 0, SPIWP:0xee
clk_drv:0x00,q_drv:0x00,d_drv:0x00,cs0_drv:0x00,hd_drv:0x00,wp_drv:0x00
mode:DIO, clock div:2
load:0x3fff0030,len:7172
load:0x40078000,len:15620
load:0x40080400,len:4
ho 8 tail 4 room 4
load:0x40080404,len:3904
entry 0x40080640
[0;32mI (31) boot: ESP-IDF v5.2.5-dirty 2nd stage bootloader[0m
[0;32mI (31) boot: compile time Jun  7 2025 18:27:38[0m
[0;32mI (31) boot: Multicore bootloader[0m
[0;32mI (36) boot: chip revision: v3.1[0m
[0;32mI (40) boot.esp32: SPI Speed      : 40MHz[0m
[0;32mI (44) boot.esp32: SPI Mode       : DIO[0m
[0;32mI (49) boot.esp32: SPI Flash Size : 4MB[0m
[0;32mI (53) boot: Enabling RNG early entropy source...[0m
[0;32mI (59) boot: Partition Table:[0m
[0;32mI (62) boot: ## Label            Usage          Type ST Offset   Length[0m
[0;32mI (70) boot:  0 nvs              WiFi data        01 02 00009000 00006000[0m
[0;32mI (77) boot:  1 phy_init         RF data          01 01 0000f000 00001000[0m
[0;32mI (85) boot:  2 factory          factory app      00 00 00010000 00180000[0m
[0;32mI (92) boot: End of partition table[0m
[0;32mI (96) esp_image: segment 0: paddr=00010020 vaddr=3f400020 size=2dfa0h (188320) map[0m
[0;32mI (169) esp_image: segment 1: paddr=0003dfc8 vaddr=3ffbdb60 size=02050h (  8272) load[0m
[0;32mI (173) esp_image: segment 2: paddr=00040020 vaddr=400d0020 size=c5998h (809368) map[0m
[0;32mI (452) esp_image: segment 3: paddr=001059c0 vaddr=3ffbfbb0 size=0408ch ( 16524) load[0m
[0;32mI (459) esp_image: segment 4: paddr=00109a54 vaddr=40080000 size=1e1d8h (123352) load[0m
[0;32mI (522) boot: Loaded app from partition at offset 0x10000[0m
[0;32mI (523) boot: Disabling RNG early entropy source...[0m
[0;32mI (534) cpu_start: Multicore app[0m
[0;32mI (543) cpu_start: Pro cpu start user code[0m
[0;32mI (543) cpu_start: cpu freq: 160000000 Hz[0m
[0;32mI (544) cpu_start: Application information:[0m
[0;32mI (547) cpu_start: Project name:     main[0m
[0;32mI (551) cpu_start: App version:      c9125ae-dirty[0m
[0;32mI (557) cpu_start: Compile time:     Jun 11 2025 15:42:32[0m
[0;32mI (563) cpu_start: ELF file SHA256:  052becf5c...[0m
[0;32mI (568) cpu_start: ESP-IDF:          v5.2.5-dirty[0m
[0;32mI (574) cpu_start: Min chip rev:     v0.0[0m
[0;32mI (578) cpu_start: Max chip rev:     v3.99 [0m
[0;32mI (583) cpu_start: Chip rev:         v3.1[0m
[0;32mI (588) heap_init: Initializing. RAM available for dynamic allocation:[0m
[0;32mI (595) heap_init: At 3FFAFF10 len 000000F0 (0 KiB): DRAM[0m
[0;32mI (601) heap_init: At 3FFB6388 len 00001C78 (7 KiB): DRAM[0m
[0;32mI (607) heap_init: At 3FFB9A20 len 00004108 (16 KiB): DRAM[0m
[0;32mI (613) heap_init: At 3FFD4AE8 len 0000B518 (45 KiB): DRAM[0m
[0;32mI (619) heap_init: At 3FFE0440 len 00003AE0 (14 KiB): D/IRAM[0m
[0;32mI (626) heap_init: At 3FFE4350 len 0001BCB0 (111 KiB): D/IRAM[0m
[0;32mI (632) heap_init: At 4009E1D8 len 00001E28 (7 KiB): IRAM[0m
[0;32mI (640) spi_flash: detected chip: generic[0m
[0;32mI (643) spi_flash: flash io: dio[0m
[0;33mW (647) i2c: This driver is an old driver, please migrate your application code to adapt `driver/i2c_master.h`[0m
[0;32mI (658) coexist: coex firmware version: 994b23e[0m
[0;32mI (664) main_task: Started on CPU0[0m
[0;32mI (668) main_task: Calling app_main()[0m
[0;32mI (672) SD_CARD_SPI: Mounting SD card at /data[0m
[0;32mI (677) gpio: GPIO[5]| InputEn: 0| OutputEn: 1| OpenDrain: 0| Pullup: 0| Pulldown: 0| Intr:0 [0m
[0;32mI (686) sdspi_transaction: cmd=52, R1 response: command not supported[0m
[0;32mI (734) sdspi_transaction: cmd=5, R1 response: command not supported[0m
Name: 00000
Type: SDHC/SDXC
Speed: 20.00 MHz (limit: 20.00 MHz)
Size: 14910MB
CSD: ver=2, sector_size=512, capacity=30535680 read_bl_len=9
SSR: bus_width=1
[0;32mI (761) gpio: GPIO[0]| InputEn: 1| OutputEn: 0| OpenDrain: 0| Pullup: 1| Pulldown: 0| Intr:0 [0m
[0;32mI (770) gpio: GPIO[15]| InputEn: 0| OutputEn: 1| OpenDrain: 0| Pullup: 0| Pulldown: 0| Intr:0 [0m
[0;32mI (779) gpio: GPIO[22]| InputEn: 0| OutputEn: 1| OpenDrain: 0| Pullup: 0| Pulldown: 0| Intr:0 [0m
[0;32mI (793) INMP441_I2S: INMP441 I2S initialized with 16000, 32 bit, mono (left)[0m
[0;32mI (799) MPU6500: Initializating MPU6500[0m
[0;32mI (801) BMP280: Initializating BMP280[0m
[0;32mI (827) BTDM_INIT: BT controller compile version [f7360be][0m
[0;32mI (829) BTDM_INIT: Bluetooth MAC: cc:7b:5c:27:ec:d6[0m
[0;32mI (832) phy_init: phy_version 4840,02e0d70,Sep  2 2024,19:39:07[0m
ESP_ERROR_CHECK failed: esp_err_t 0x107 (ESP_ERR_TIMEOUT) at 0x400d8faf
file: "./components/mpu6500.c" line 23
func: i2c_mpu6500_init
expression: set_clock_source(MPU6500_CLOCK_PLL_XGYRO)

abort() was called at PC 0x40091e3b on core 1


Backtrace: 0x40081bc6:0x3ffde5b0 0x40091e45:0x3ffde5d0 0x40099d51:0x3ffde5f0 0x40091e3b:0x3ffde660 0x400d8faf:0x3ffde690 0x400d817c:0x3ffde6b0 0x40092a01:0x3ffde6f0




ELF file SHA256: 052becf5c

Rebooting...
ets Jul 29 2019 12:21:46

rst:0xc (SW_CPU_RESET),boot:0x17 (SPI_FAST_FLASH_BOOT)
configsip: 0, SPIWP:0xee
clk_drv:0x00,q_drv:0x00,d_drv:0x00,cs0_drv:0x00,hd_drv:0x00,wp_drv:0x00
mode:DIO, clock div:2
load:0x3fff0030,len:7172
load:0x40078000,len:15620
load:0x40080400,len:4
ho 8 tail 4 room 4
load:0x40080404,len:3904
entry 0x40080640
[0;32mI (31) boot: ESP-IDF v5.2.5-dirty 2nd stage bootloader[0m
[0;32mI (31) boot: compile time Jun  7 2025 18:27:38[0m
[0;32mI (31) boot: Multicore bootloader[0m
[0;32mI (36) boot: chip revision: v3.1[0m
[0;32mI (40) boot.esp32: SPI Speed      : 40MHz[0m
[0;32mI (44) boot.esp32: SPI Mode       : DIO[0m
[0;32mI (49) boot.esp32: SPI Flash Size : 4MB[0m
[0;32mI (53) boot: Enabling RNG early entropy source...[0m
[0;32mI (59) boot: Partition Table:[0m
[0;32mI (62) boot: ## Label            Usage          Type ST Offset   Length[0m
[0;32mI (70) boot:  0 nvs              WiFi data        01 02 00009000 00006000[0m
[0;32mI (77) boot:  1 phy_init         RF data          01 01 0000f000 00001000[0m
[0;32mI (84) boot:  2 factory          factory app      00 00 00010000 00180000[0m
[0;32mI (92) boot: End of partition table[0m
[0;32mI (96) esp_image: segment 0: paddr=00010020 vaddr=3f400020 size=2dfa0h (188320) map[0m
[0;32mI (169) esp_image: segment 1: paddr=0003dfc8 vaddr=3ffbdb60 size=02050h (  8272) load[0m
[0;32mI (172) esp_image: segment 2: paddr=00040020 vaddr=400d0020 size=c5998h (809368) map[0m
[0;32mI (452) esp_image: segment 3: paddr=001059c0 vaddr=3ffbfbb0 size=0408ch ( 16524) load[0m
[0;32mI (459) esp_image: segment 4: paddr=00109a54 vaddr=40080000 size=1e1d8h (123352) load[0m
[0;32mI (522) boot: Loaded app from partition at offset 0x10000[0m
[0;32mI (522) boot: Disabling RNG early entropy source...[0m
[0;32mI (534) cpu_start: Multicore app[0m
[0;32mI (543) cpu_start: Pro cpu start user code[0m
[0;32mI (543) cpu_start: cpu freq: 160000000 Hz[0m
[0;32mI (543) cpu_start: Application information:[0m
[0;32mI (546) cpu_start: Project name:     main[0m
[0;32mI (551) cpu_start: App version:      c9125ae-dirty[0m
[0;32mI (556) cpu_start: Compile time:     Jun 11 2025 15:42:32[0m
[0;32mI (563) cpu_start: ELF file SHA256:  052becf5c...[0m
[0;32mI (568) cpu_start: ESP-IDF:          v5.2.5-dirty[0m
[0;32mI (573) cpu_start: Min chip rev:     v0.0[0m
[0;32mI (578) cpu_start: Max chip rev:     v3.99 [0m
[0;32mI (583) cpu_start: Chip rev:         v3.1[0m
[0;32mI (588) heap_init: Initializing. RAM available for dynamic allocation:[0m
[0;32mI (595) heap_init: At 3FFAFF10 len 000000F0 (0 KiB): DRAM[0m
[0;32mI (601) heap_init: At 3FFB6388 len 00001C78 (7 KiB): DRAM[0m
[0;32mI (607) heap_init: At 3FFB9A20 len 00004108 (16 KiB): DRAM[0m
[0;32mI (613) heap_init: At 3FFD4AE8 len 0000B518 (45 KiB): DRAM[0m
[0;32mI (619) heap_init: At 3FFE0440 len 00003AE0 (14 KiB): D/IRAM[0m
[0;32mI (626) heap_init: At 3FFE4350 len 0001BCB0 (111 KiB): D/IRAM[0m
[0;32mI (632) heap_init: At 4009E1D8 len 00001E28 (7 KiB): IRAM[0m
[0;32mI (640) spi_flash: detected chip: generic[0m
[0;32mI (643) spi_flash: flash io: dio[0m
[0;33mW (647) i2c: This driver is an old driver, please migrate your application code to adapt `driver/i2c_master.h`[0m
[0;32mI (658) coexist: coex firmware version: 994b23e[0m
[0;32mI (663) main_task: Started on CPU0[0m
[0;32mI (667) main_task: Calling app_main()[0m
[0;32mI (671) SD_CARD_SPI: Mounting SD card at /data[0m
[0;32mI (676) gpio: GPIO[5]| InputEn: 0| OutputEn: 1| OpenDrain: 0| Pullup: 0| Pulldown: 0| Intr:0 [0m
[0;32mI (685) sdspi_transaction: cmd=52, R1 response: command not supported[0m
[0;32mI (733) sdspi_transaction: cmd=5, R1 response: command not supported[0m
Name: 00000
Type: SDHC/SDXC
Speed: 20.00 MHz (limit: 20.00 MHz)
Size: 14910MB
CSD: ver=2, sector_size=512, capacity=30535680 read_bl_len=9
SSR: bus_width=1
[0;32mI (760) gpio: GPIO[0]| InputEn: 1| OutputEn: 0| OpenDrain: 0| Pullup: 1| Pulldown: 0| Intr:0 [0m
[0;32mI (769) gpio: GPIO[15]| InputEn: 0| OutputEn: 1| OpenDrain: 0| Pullup: 0| Pulldown: 0| Intr:0 [0m
[0;32mI (778) gpio: GPIO[22]| InputEn: 0| OutputEn: 1| OpenDrain: 0| Pullup: 0| Pulldown: 0| Intr:0 [0m
[0;32mI (792) INMP441_I2S: INMP441 I2S initialized with 16000, 32 bit, mono (left)[0m
[0;32mI (798) MPU6500: Initializating MPU6500[0m
[0;32mI (800) BMP280: Initializating BMP280[0m
[0;32mI (826) BTDM_INIT: BT controller compile version [f7360be][0m
[0;32mI (828) BTDM_INIT: Bluetooth MAC: cc:7b:5c:27:ec:d6[0m
[0;32mI (831) phy_init: phy_version 4840,02e0d70,Sep  2 2024,19:39:07[0m
[0;32mI (918) DS18B20_1_WIRE: Initializating DS18B20[0m
[0;31mE (1032) MAIN:  Failed to initialize DS18B20[0m
[0;32mI (1483) WIFI_UART: GAP event: 10[0m
[0;32mI (1490) WIFI_UART: Bluetooth ready[0m
[0;32mI (1493) main_task: Returned from app_main()[0m
ets Jul 29 2019 12:21:46

rst:0x1 (POWERON_RESET),boot:0x17 (SPI_FAST_FLASH_BOOT)
configsip: 0, SPIWP:0xee
clk_drv:0x00,q_drv:0x00,d_drv:0x00,cs0_drv:0x00,hd_drv:0x00,wp_drv:0x00
mode:DIO, clock div:2
load:0x3fff0030,len:7172
load:0x40078000,len:15620
load:0x40080400,len:4
ho 8 tail 4 room 4
load:0x40080404,len:3904
entry 0x40080640
[0;32mI (31) boot: ESP-IDF v5.2.5-dirty 2nd stage bootloader[0m
[0;32mI (31) boot: compile time Jun  7 2025 18:27:38[0m
[0;32mI (31) boot: Multicore bootloader[0m
[0;32mI (36) boot: chip revision: v3.1[0m
[0;32mI (40) boot.esp32: SPI Speed      : 40MHz[0m
[0;32mI (44) boot.esp32: SPI Mode       : DIO[0m
[0;32mI (49) boot.esp32: SPI Flash Size : 4MB[0m
[0;32mI (53) boot: Enabling RNG early entropy source...[0m
[0;32mI (59) boot: Partition Table:[0m
[0;32mI (62) boot: ## Label            Usage          Type ST Offset   Length[0m
[0;32mI (70) boot:  0 nvs              WiFi data        01 02 00009000 00006000[0m
[0;32mI (77) boot:  1 phy_init         RF data          01 01 0000f000 00001000[0m
[0;32mI (85) boot:  2 factory          factory app      00 00 00010000 00180000[0m
[0;32mI (92) boot: End of partition table[0m
[0;32mI (96) esp_image: segment 0: paddr=00010020 vaddr=3f400020 size=2dfa0h (188320) map[0m
[0;32mI (169) esp_image: segment 1: paddr=0003dfc8 vaddr=3ffbdb60 size=02050h (  8272) load[0m
[0;32mI (173) esp_image: segment 2: paddr=00040020 vaddr=400d0020 size=c5998h (809368) map[0m
[0;32mI (452) esp_image: segment 3: paddr=001059c0 vaddr=3ffbfbb0 size=0408ch ( 16524) load[0m
[0;32mI (459) esp_image: segment 4: paddr=00109a54 vaddr=40080000 size=1e1d8h (123352) load[0m
[0;32mI (522) boot: Loaded app from partition at offset 0x10000[0m
[0;32mI (523) boot: Disabling RNG early entropy source...[0m
[0;32mI (534) cpu_start: Multicore app[0m
[0;32mI (543) cpu_start: Pro cpu start user code[0m
[0;32mI (543) cpu_start: cpu freq: 160000000 Hz[0m
[0;32mI (544) cpu_start: Application information:[0m
[0;32mI (547) cpu_start: Project name:     main[0m
[0;32mI (551) cpu_start: App version:      c9125ae-dirty[0m
[0;32mI (557) cpu_start: Compile time:     Jun 11 2025 15:42:32[0m
[0;32mI (563) cpu_start: ELF file SHA256:  052becf5c...[0m
[0;32mI (568) cpu_start: ESP-IDF:          v5.2.5-dirty[0m
[0;32mI (574) cpu_start: Min chip rev:     v0.0[0m
[0;32mI (578) cpu_start: Max chip rev:     v3.99 [0m
[0;32mI (583) cpu_start: Chip rev:         v3.1[0m
[0;32mI (588) heap_init: Initializing. RAM available for dynamic allocation:[0m
[0;32mI (595) heap_init: At 3FFAFF10 len 000000F0 (0 KiB): DRAM[0m
[0;32mI (601) heap_init: At 3FFB6388 len 00001C78 (7 KiB): DRAM[0m
[0;32mI (607) heap_init: At 3FFB9A20 len 00004108 (16 KiB): DRAM[0m
[0;32mI (613) heap_init: At 3FFD4AE8 len 0000B518 (45 KiB): DRAM[0m
[0;32mI (619) heap_init: At 3FFE0440 len 00003AE0 (14 KiB): D/IRAM[0m
[0;32mI (626) heap_init: At 3FFE4350 len 0001BCB0 (111 KiB): D/IRAM[0m
[0;32mI (632) heap_init: At 4009E1D8 len 00001E28 (7 KiB): IRAM[0m
[0;32mI (640) spi_flash: detected chip: generic[0m
[0;32mI (643) spi_flash: flash io: dio[0m
[0;33mW (647) i2c: This driver is an old driver, please migrate your application code to adapt `driver/i2c_master.h`[0m
[0;32mI (658) coexist: coex firmware version: 994b23e[0m
[0;32mI (664) main_task: Started on CPU0[0m
[0;32mI (668) main_task: Calling app_main()[0m
[0;32mI (672) SD_CARD_SPI: Mounting SD card at /data[0m
[0;32mI (677) gpio: GPIO[5]| InputEn: 0| OutputEn: 1| OpenDrain: 0| Pullup: 0| Pulldown: 0| Intr:0 [0m
[0;32mI (686) sdspi_transaction: cmd=52, R1 response: command not supported[0m
[0;32mI (734) sdspi_transaction: cmd=5, R1 response: command not supported[0m
Name: 00000
Type: SDHC/SDXC
Speed: 20.00 MHz (limit: 20.00 MHz)
Size: 14910MB
CSD: ver=2, sector_size=512, capacity=30535680 read_bl_len=9
SSR: bus_width=1
[0;32mI (761) gpio: GPIO[0]| InputEn: 1| OutputEn: 0| OpenDrain: 0| Pullup: 1| Pulldown: 0| Intr:0 [0m
[0;32mI (770) gpio: GPIO[15]| InputEn: 0| OutputEn: 1| OpenDrain: 0| Pullup: 0| Pulldown: 0| Intr:0 [0m
[0;32mI (779) gpio: GPIO[22]| InputEn: 0| OutputEn: 1| OpenDrain: 0| Pullup: 0| Pulldown: 0| Intr:0 [0m
[0;32mI (793) INMP441_I2S: INMP441 I2S initialized with 16000, 32 bit, mono (left)[0m
[0;32mI (800) MPU6500: Initializating MPU6500[0m
[0;32mI (801) BMP280: Initializating BMP280[0m
[0;32mI (827) BTDM_INIT: BT controller compile version [f7360be][0m
[0;32mI (829) BTDM_INIT: Bluetooth MAC: cc:7b:5c:27:ec:d6[0m
[0;32mI (832) phy_init: phy_version 4840,02e0d70,Sep  2 2024,19:39:07[0m
[0;32mI (919) DS18B20_1_WIRE: Initializating DS18B20[0m
[0;31mE (1033) MAIN:  Failed to initialize DS18B20[0m
[0;32mI (1468) WIFI_UART: GAP event: 10[0m
[0;32mI (1475) WIFI_UART: Bluetooth ready[0m
[0;32mI (1477) main_task: Returned from app_main()[0m
ets Jul 29 2019 12:21:46

rst:0x1 (POWERON_RESET),boot:0x17 (SPI_FAST_FLASH_BOOT)
configsip: 0, SPIWP:0xee
clk_drv:0x00,q_drv:0x00,d_drv:0x00,cs0_drv:0x00,hd_drv:0x00,wp_drv:0x00
mode:DIO, clock div:2
load:0x3fff0030,len:7172
load:0x40078000,len:15620
load:0x40080400,len:4
ho 8 tail 4 room 4
load:0x40080404,len:3904
entry 0x40080640
[0;32mI (31) boot: ESP-IDF v5.2.5-dirty 2nd stage bootloader[0m
[0;32mI (31) boot: compile time Jun  7 2025 18:27:38[0m
[0;32mI (31) boot: Multicore bootloader[0m
[0;32mI (36) boot: chip revision: v3.1[0m
[0;32mI (40) boot.esp32: SPI Speed      : 40MHz[0m
[0;32mI (44) boot.esp32: SPI Mode       : DIO[0m
[0;32mI (49) boot.esp32: SPI Flash Size : 4MB[0m
[0;32mI (53) boot: Enabling RNG early entropy source...[0m
[0;32mI (59) boot: Partition Table:[0m
[0;32mI (62) boot: ## Label            Usage          Type ST Offset   Length[0m
[0;32mI (70) boot:  0 nvs              WiFi data        01 02 00009000 00006000[0m
[0;32mI (77) boot:  1 phy_init         RF data          01 01 0000f000 00001000[0m
[0;32mI (85) boot:  2 factory          factory app      00 00 00010000 00180000[0m
[0;32mI (92) boot: End of partition table[0m
[0;32mI (96) esp_image: segment 0: paddr=00010020 vaddr=3f400020 size=2dfa0h (188320) map[0m
[0;32mI (169) esp_image: segment 1: paddr=0003dfc8 vaddr=3ffbdb60 size=02050h (  8272) load[0m
[0;32mI (173) esp_image: segment 2: paddr=00040020 vaddr=400d0020 size=c5998h (809368) map[0m
[0;32mI (452) esp_image: segment 3: paddr=001059c0 vaddr=3ffbfbb0 size=0408ch ( 16524) load[0m
[0;32mI (459) esp_image: segment 4: paddr=00109a54 vaddr=40080000 size=1e1d8h (123352) load[0m
[0;32mI (522) boot: Loaded app from partition at offset 0x10000[0m
[0;32mI (523) boot: Disabling RNG early entropy source...[0m
[0;32mI (534) cpu_start: Multicore app[0m
[0;32mI (543) cpu_start: Pro cpu start user code[0m
[0;32mI (543) cpu_start: cpu freq: 160000000 Hz[0m
[0;32mI (544) cpu_start: Application information:[0m
[0;32mI (547) cpu_start: Project name:     main[0m
[0;32mI (551) cpu_start: App version:      c9125ae-dirty[0m
[0;32mI (557) cpu_start: Compile time:     Jun 11 2025 15:42:32[0m
[0;32mI (563) cpu_start: ELF file SHA256:  052becf5c...[0m
[0;32mI (568) cpu_start: ESP-IDF:          v5.2.5-dirty[0m
[0;32mI (574) cpu_start: Min chip rev:     v0.0[0m
[0;32mI (578) cpu_start: Max chip rev:     v3.99 [0m
[0;32mI (583) cpu_start: Chip rev:         v3.1[0m
[0;32mI (588) heap_init: Initializing. RAM available for dynamic allocation:[0m
[0;32mI (595) heap_init: At 3FFAFF10 len 000000F0 (0 KiB): DRAM[0m
[0;32mI (601) heap_init: At 3FFB6388 len 00001C78 (7 KiB): DRAM[0m
[0;32mI (607) heap_init: At 3FFB9A20 len 00004108 (16 KiB): DRAM[0m
[0;32mI (613) heap_init: At 3FFD4AE8 len 0000B518 (45 KiB): DRAM[0m
[0;32mI (619) heap_init: At 3FFE0440 len 00003AE0 (14 KiB): D/IRAM[0m
[0;32mI (626) heap_init: At 3FFE4350 len 0001BCB0 (111 KiB): D/IRAM[0m
[0;32mI (632) heap_init: At 4009E1D8 len 00001E28 (7 KiB): IRAM[0m
[0;32mI (640) spi_flash: detected chip: generic[0m
[0;32mI (643) spi_flash: flash io: dio[0m
[0;33mW (647) i2c: This driver is an old driver, please migrate your application code to adapt `driver/i2c_master.h`[0m
[0;32mI (658) coexist: coex firmware version: 994b23e[0m
[0;32mI (664) main_task: Started on CPU0[0m
[0;32mI (668) main_task: Calling app_main()[0m
[0;32mI (672) SD_CARD_SPI: Mounting SD card at /data[0m
[0;32mI (677) gpio: GPIO[5]| InputEn: 0| OutputEn: 1| OpenDrain: 0| Pullup: 0| Pulldown: 0| Intr:0 [0m
[0;32mI (686) sdspi_transaction: cmd=52, R1 response: command not supported[0m
[0;32mI (734) sdspi_transaction: cmd=5, R1 response: command not supported[0m
Name: 00000
Type: SDHC/SDXC
Speed: 20.00 MHz (limit: 20.00 MHz)
Size: 14910MB
CSD: ver=2, sector_size=512, capacity=30535680 read_bl_len=9
SSR: bus_width=1
[0;32mI (761) gpio: GPIO[0]| InputEn: 1| OutputEn: 0| OpenDrain: 0| Pullup: 1| Pulldown: 0| Intr:0 [0m
[0;32mI (770) gpio: GPIO[15]| InputEn: 0| OutputEn: 1| OpenDrain: 0| Pullup: 0| Pulldown: 0| Intr:0 [0m
[0;32mI (779) gpio: GPIO[22]| InputEn: 0| OutputEn: 1| OpenDrain: 0| Pullup: 0| Pulldown: 0| Intr:0 [0m
[0;32mI (793) INMP441_I2S: INMP441 I2S initialized with 16000, 32 bit, mono (left)[0m
[0;32mI (799) MPU6500: Initializating MPU6500[0m
[0;32mI (801) BMP280: Initializating BMP280[0m
[0;32mI (827) BTDM_INIT: BT controller compile version [f7360be][0m
[0;32mI (829) BTDM_INIT: Bluetooth MAC: cc:7b:5c:27:ec:d6[0m
[0;32mI (832) phy_init: phy_version 4840,02e0d70,Sep  2 2024,19:39:07[0m
[0;32mI (918) DS18B20_1_WIRE: Initializating DS18B20[0m
[0;31mE (1033) MAIN:  Failed to initialize DS18B20[0m
[0;32mI (1477) WIFI_UART: GAP event: 10[0m
[0;32mI (1484) WIFI_UART: Bluetooth ready[0m
[0;32mI (1487) main_task: Returned from app_main()[0m
ets Jul 29 2019 12:21:46

rst:0x1 (POWERON_RESET),boot:0x17 (SPI_FAST_FLASH_BOOT)
configsip: 0, SPIWP:0xee
clk_drv:0x00,q_drv:0x00,d_drv:0x00,cs0_drv:0x00,hd_drv:0x00,wp_drv:0x00
mode:DIO, clock div:2
load:0x3fff0030,len:7172
load:0x40078000,len:15620
load:0x40080400,len:4
ho 8 tail 4 room 4
load:0x40080404,len:3904
entry 0x40080640
[0;32mI (31) boot: ESP-IDF v5.2.5-dirty 2nd stage bootloader[0m
[0;32mI (31) boot: compile time Jun  7 2025 18:27:38[0m
[0;32mI (31) boot: Multicore bootloader[0m
[0;32mI (36) boot: chip revision: v3.1[0m
[0;32mI (40) boot.esp32: SPI Speed      : 40MHz[0m
[0;32mI (44) boot.esp32: SPI Mode       : DIO[0m
[0;32mI (49) boot.esp32: SPI Flash Size : 4MB[0m
[0;32mI (53) boot: Enabling RNG early entropy source...[0m
[0;32mI (59) boot: Partition Table:[0m
[0;32mI (62) boot: ## Label            Usage          Type ST Offset   Length[0m
[0;32mI (70) boot:  0 nvs              WiFi data        01 02 00009000 00006000[0m
[0;32mI (77) boot:  1 phy_init         RF data          01 01 0000f000 00001000[0m
[0;32mI (85) boot:  2 factory          factory app      00 00 00010000 00180000[0m
[0;32mI (92) boot: End of partition table[0m
[0;32mI (96) esp_image: segment 0: paddr=00010020 vaddr=3f400020 size=2dfa0h (188320) map[0m
[0;32mI (169) esp_image: segment 1: paddr=0003dfc8 vaddr=3ffbdb60 size=02050h (  8272) load[0m
[0;32mI (173) esp_image: segment 2: paddr=00040020 vaddr=400d0020 size=c5998h (809368) map[0m
[0;32mI (452) esp_image: segment 3: paddr=001059c0 vaddr=3ffbfbb0 size=0408ch ( 16524) load[0m
[0;32mI (459) esp_image: segment 4: paddr=00109a54 vaddr=40080000 size=1e1d8h (123352) load[0m
[0;32mI (522) boot: Loaded app from partition at offset 0x10000[0m
[0;32mI (523) boot: Disabling RNG early entropy source...[0m
[0;32mI (534) cpu_start: Multicore app[0m
[0;32mI (543) cpu_start: Pro cpu start user code[0m
[0;32mI (543) cpu_start: cpu freq: 160000000 Hz[0m
[0;32mI (544) cpu_start: Application information:[0m
[0;32mI (547) cpu_start: Project name:     main[0m
[0;32mI (551) cpu_start: App version:      c9125ae-dirty[0m
[0;32mI (557) cpu_start: Compile time:     Jun 11 2025 15:42:32[0m
[0;32mI (563) cpu_start: ELF file SHA256:  052becf5c...[0m
[0;32mI (568) cpu_start: ESP-IDF:          v5.2.5-dirty[0m
[0;32mI (574) cpu_start: Min chip rev:     v0.0[0m
[0;32mI (578) cpu_start: Max chip rev:     v3.99 [0m
[0;32mI (583) cpu_start: Chip rev:         v3.1[0m
[0;32mI (588) heap_init: Initializing. RAM available for dynamic allocation:[0m
[0;32mI (595) heap_init: At 3FFAFF10 len 000000F0 (0 KiB): DRAM[0m
[0;32mI (601) heap_init: At 3FFB6388 len 00001C78 (7 KiB): DRAM[0m
[0;32mI (607) heap_init: At 3FFB9A20 len 00004108 (16 KiB): DRAM[0m
[0;32mI (613) heap_init: At 3FFD4AE8 len 0000B518 (45 KiB): DRAM[0m
[0;32mI (619) heap_init: At 3FFE0440 len 00003AE0 (14 KiB): D/IRAM[0m
[0;32mI (626) heap_init: At 3FFE4350 len 0001BCB0 (111 KiB): D/IRAM[0m
[0;32mI (632) heap_init: At 4009E1D8 len 00001E28 (7 KiB): IRAM[0m
[0;32mI (640) spi_flash: detected chip: generic[0m
[0;32mI (643) spi_flash: flash io: dio[0m
[0;33mW (647) i2c: This driver is an old driver, please migrate your application code to adapt `driver/i2c_master.h`[0m
[0;32mI (658) coexist: coex firmware version: 994b23e[0m
[0;32mI (664) main_task: Started on CPU0[0m
[0;32mI (668) main_task: Calling app_main()[0m
[0;32mI (672) SD_CARD_SPI: Mounting SD card at /data[0m
[0;32mI (677) gpio: GPIO[5]| InputEn: 0| OutputEn: 1| OpenDrain: 0| Pullup: 0| Pulldown: 0| Intr:0 [0m
[0;32mI (686) sdspi_transaction: cmd=52, R1 response: command not supported[0m
[0;32mI (734) sdspi_transaction: cmd=5, R1 response: command not supported[0m
Name: 00000
Type: SDHC/SDXC
Speed: 20.00 MHz (limit: 20.00 MHz)
Size: 14910MB
CSD: ver=2, sector_size=512, capacity=30535680 read_bl_len=9
SSR: bus_width=1
[0;32mI (761) gpio: GPIO[0]| InputEn: 1| OutputEn: 0| OpenDrain: 0| Pullup: 1| Pulldown: 0| Intr:0 [0m
[0;32mI (770) gpio: GPIO[15]| InputEn: 0| OutputEn: 1| OpenDrain: 0| Pullup: 0| Pulldown: 0| Intr:0 [0m
[0;32mI (779) gpio: GPIO[22]| InputEn: 0| OutputEn: 1| OpenDrain: 0| Pullup: 0| Pulldown: 0| Intr:0 [0m
[0;32mI (793) INMP441_I2S: INMP441 I2S initialized with 16000, 32 bit, mono (left)[0m
[0;32mI (800) MPU6500: Initializating MPU6500[0m
[0;32mI (801) BMP280: Initializating BMP280[0m
[0;32mI (827) BTDM_INIT: BT controller compile version [f7360be][0m
[0;32mI (829) BTDM_INIT: Bluetooth MAC: cc:7b:5c:27:ec:d6[0m
[0;32mI (832) phy_init: phy_version 4840,02e0d70,Sep  2 2024,19:39:07[0m
[0;32mI (918) phy_init: Saving new calibration data due to checksum failure or outdated calibration data, mode(0)[0m
[0;32mI (919) DS18B20_1_WIRE: Initializating DS18B20[0m
[0;32mI (1534) WIFI_UART: GAP event: 10[0m
[0;32mI (1541) WIFI_UART: Bluetooth ready[0m
[0;32mI (1544) main_task: Returned from app_main()[0m
ets Jul 29 2019 12:21:46

rst:0x1 (POWERON_RESET),boot:0x17 (SPI_FAST_FLASH_BOOT)
configsip: 0, SPIWP:0xee
clk_drv:0x00,q_drv:0x00,d_drv:0x00,cs0_drv:0x00,hd_drv:0x00,wp_drv:0x00
mode:DIO, clock div:2
load:0x3fff0030,len:7172
load:0x40078000,len:15620
load:0x40080400,len:4
ho 8 tail 4 room 4
load:0x40080404,len:3904
entry 0x40080640
[0;32mI (31) boot: ESP-IDF v5.2.5-dirty 2nd stage bootloader[0m
[0;32mI (31) boot: compile time Jun  7 2025 18:27:38[0m
[0;32mI (31) boot: Multicore bootloader[0m
[0;32mI (36) boot: chip revision: v3.1[0m
[0;32mI (40) boot.esp32: SPI Speed      : 40MHz[0m
[0;32mI (44) boot.esp32: SPI Mode       : DIO[0m
[0;32mI (49) boot.esp32: SPI Flash Size : 4MB[0m
[0;32mI (53) boot: Enabling RNG early entropy source...[0m
[0;32mI (59) boot: Partition Table:[0m
[0;32mI (62) boot: ## Label            Usage          Type ST Offset   Length[0m
[0;32mI (70) boot:  0 nvs              WiFi data        01 02 00009000 00006000[0m
[0;32mI (77) boot:  1 phy_init         RF data          01 01 0000f000 00001000[0m
[0;32mI (85) boot:  2 factory          factory app      00 00 00010000 00180000[0m
[0;32mI (92) boot: End of partition table[0m
[0;32mI (96) esp_image: segment 0: paddr=00010020 vaddr=3f400020 size=2dfa0h (188320) map[0m
[0;32mI (169) esp_image: segment 1: paddr=0003dfc8 vaddr=3ffbdb60 size=02050h (  8272) load[0m
[0;32mI (173) esp_image: segment 2: paddr=00040020 vaddr=400d0020 size=c5998h (809368) map[0m
[0;32mI (452) esp_image: segment 3: paddr=001059c0 vaddr=3ffbfbb0 size=0408ch ( 16524) load[0m
[0;32mI (459) esp_image: segment 4: paddr=00109a54 vaddr=40080000 size=1e1d8h (123352) load[0m
[0;32mI (522) boot: Loaded app from partition at offset 0x10000[0m
[0;32mI (523) boot: Disabling RNG early entropy source...[0m
[0;32mI (534) cpu_start: Multicore app[0m
[0;32mI (543) cpu_start: Pro cpu start user code[0m
[0;32mI (543) cpu_start: cpu freq: 160000000 Hz[0m
[0;32mI (544) cpu_start: Application information:[0m
[0;32mI (547) cpu_start: Project name:     main[0m
[0;32mI (551) cpu_start: App version:      c9125ae-dirty[0m
[0;32mI (557) cpu_start: Compile time:     Jun 11 2025 15:42:32[0m
[0;32mI (563) cpu_start: ELF file SHA256:  052becf5c...[0m
[0;32mI (568) cpu_start: ESP-IDF:          v5.2.5-dirty[0m
[0;32mI (574) cpu_start: Min chip rev:     v0.0[0m
[0;32mI (578) cpu_start: Max chip rev:     v3.99 [0m
[0;32mI (583) cpu_start: Chip rev:         v3.1[0m
[0;32mI (588) heap_init: Initializing. RAM available for dynamic allocation:[0m
[0;32mI (595) heap_init: At 3FFAFF10 len 000000F0 (0 KiB): DRAM[0m
[0;32mI (601) heap_init: At 3FFB6388 len 00001C78 (7 KiB): DRAM[0m
[0;32mI (607) heap_init: At 3FFB9A20 len 00004108 (16 KiB): DRAM[0m
[0;32mI (613) heap_init: At 3FFD4AE8 len 0000B518 (45 KiB): DRAM[0m
[0;32mI (619) heap_init: At 3FFE0440 len 00003AE0 (14 KiB): D/IRAM[0m
[0;32mI (626) heap_init: At 3FFE4350 len 0001BCB0 (111 KiB): D/IRAM[0m
[0;32mI (632) heap_init: At 4009E1D8 len 00001E28 (7 KiB): IRAM[0m
[0;32mI (640) spi_flash: detected chip: generic[0m
[0;32mI (643) spi_flash: flash io: dio[0m
[0;33mW (647) i2c: This driver is an old driver, please migrate your application code to adapt `driver/i2c_master.h`[0m
[0;32mI (658) coexist: coex firmware version: 994b23e[0m
[0;32mI (664) main_task: Started on CPU0[0m
[0;32mI (668) main_task: Calling app_main()[0m
[0;32mI (672) SD_CARD_SPI: Mounting SD card at /data[0m
[0;32mI (677) gpio: GPIO[5]| InputEn: 0| OutputEn: 1| OpenDrain: 0| Pullup: 0| Pulldown: 0| Intr:0 [0m
[0;32mI (686) sdspi_transaction: cmd=52, R1 response: command not supported[0m
[0;32mI (734) sdspi_transaction: cmd=5, R1 response: command not supported[0m
Name: 00000
Type: SDHC/SDXC
Speed: 20.00 MHz (limit: 20.00 MHz)
Size: 14910MB
CSD: ver=2, sector_size=512, capacity=30535680 read_bl_len=9
SSR: bus_width=1
[0;32mI (761) gpio: GPIO[0]| InputEn: 1| OutputEn: 0| OpenDrain: 0| Pullup: 1| Pulldown: 0| Intr:0 [0m
[0;32mI (770) gpio: GPIO[15]| InputEn: 0| OutputEn: 1| OpenDrain: 0| Pullup: 0| Pulldown: 0| Intr:0 [0m
[0;32mI (779) gpio: GPIO[22]| InputEn: 0| OutputEn: 1| OpenDrain: 0| Pullup: 0| Pulldown: 0| Intr:0 [0m
[0;32mI (793) INMP441_I2S: INMP441 I2S initialized with 16000, 32 bit, mono (left)[0m
[0;32mI (800) MPU6500: Initializating MPU6500[0m
[0;32mI (801) BMP280: Initializating BMP280[0m
[0;32mI (828) BTDM_INIT: BT controller compile version [f7360be][0m
[0;32mI (831) BTDM_INIT: Bluetooth MAC: cc:7b:5c:27:ec:d6[0m
[0;32mI (834) phy_init: phy_version 4840,02e0d70,Sep  2 2024,19:39:07[0m
[0;32mI (919) DS18B20_1_WIRE: Initializating DS18B20[0m
[0;32mI (920) phy_init: Saving new calibration data due to checksum failure or outdated calibration data, mode(0)[0m
[0;32mI (1511) WIFI_UART: GAP event: 10[0m
[0;32mI (1518) WIFI_UART: Bluetooth ready[0m
[0;32mI (1521) main_task: Returned from app_main()[0m
[0;32mI (12802) MAIN: Starting Wifi/GUI connection...[0m
[0;32mI (12802) MAIN: Waiting for Bluetooth WiFi config...[0m
[0;33mW (34540) BT_HCI: hcif conn complete: hdl 0x80, st 0x0[0m
[0;32mI (34556) WIFI_UART: GAP event: 16[0m
[0;32mI (34697) WIFI_UART: GAP event: 21[0m
[0;33mW (34812) BT_APPL: new conn_srvc id:26, app_id:255[0m
[0;32mI (36844) WIFI_UART: SSID: Tien
 PASS: tien1123
 IP: 192.168.1.12
[0m
[0;32mI (36849) MAIN: Disabling Bluetooth...[0m
[0;33mW (36853) BT_BTC: spp_free_pending_slots found slot(rfc_handle=0x81) pending to close, close it now![0m
[0;33mW (36880) BT_APPL: bta_jv_rfc_port_to_cb(port_handle:0x2):jv handle:0x0 not FOUND[0m
[0;33mW (36882) BT_RFCOMM: port_rfc_closed RFCOMM connection in server:1 state 3 closed: Closed (res: 19)[0m
[0;33mW (36961) BT_HCI: hci cmd send: disconnect: hdl 0x80, rsn:0x13[0m
[0;33mW (37042) BT_HCI: hcif disc complete: hdl 0x80, rsn 0x16[0m
[0;32mI (37043) WIFI_UART: GAP event: 17[0m
[0;32mI (38153) MAIN: Bluetooth disabled[0m
[0;32mI (38158) wifi:wifi driver task: 3ffbb6a8, prio:23, stack:3584, core=0[0m
[0;32mI (38177) wifi:wifi firmware version: 01d22db[0m
[0;32mI (38177) wifi:wifi certification version: v7.0[0m
[0;32mI (38177) wifi:config NVS flash: enabled[0m
[0;32mI (38178) wifi:config nano formating: disabled[0m
[0;32mI (38182) wifi:Init data frame dynamic rx buffer num: 32[0m
[0;32mI (38188) wifi:Init static rx mgmt buffer num: 5[0m
[0;32mI (38192) wifi:Init management short buffer num: 32[0m
[0;32mI (38196) wifi:Init dynamic tx buffer num: 32[0m
[0;32mI (38201) wifi:Init static rx buffer size: 1600[0m
[0;32mI (38205) wifi:Init static rx buffer num: 10[0m
[0;32mI (38208) wifi:Init dynamic rx buffer num: 32[0m
[0;32mI (38214) wifi_init: tcpip mbox: 32[0m
[0;32mI (38217) wifi_init: udp mbox: 6[0m
[0;32mI (38221) wifi_init: tcp mbox: 6[0m
[0;32mI (38225) wifi_init: tcp tx win: 5760[0m
[0;32mI (38229) wifi_init: tcp rx win: 5760[0m
[0;32mI (38233) wifi_init: tcp mss: 1440[0m
[0;32mI (38237) wifi_init: WiFi IRAM OP enabled[0m
[0;32mI (38248) wifi:mode : sta (cc:7b:5c:27:ec:d4)[0m
[0;32mI (38249) wifi:enable tsf[0m
[0;32mI (38252) WIFI_UART: WiFi connecting to Tien[0m
[0;32mI (38266) wifi:new:<11,0>, old:<1,0>, ap:<255,255>, sta:<11,0>, prof:1[0m
[0;32mI (38268) wifi:state: init -> auth (b0)[0m
[0;32mI (38276) wifi:state: auth -> assoc (0)[0m
[0;32mI (38284) wifi:state: assoc -> run (10)[0m
[0;32mI (38311) wifi:connected with Tien, aid = 23, channel 11, BW20, bssid = 0c:01:4b:16:4b:20[0m
[0;32mI (38312) wifi:security: WPA2-PSK, phy: bgn, rssi: -44[0m
[0;32mI (38316) wifi:pm start, type: 1[0m

[0;32mI (38317) wifi:dp: 1, bi: 102400, li: 3, scale listen interval from 307200 us to 307200 us[0m
[0;32mI (38374) wifi:AP's beacon interval = 102400 us, DTIM period = 1[0m
[0;32mI (41335) esp_netif_handlers: sta ip: 192.168.1.33, mask: 255.255.255.0, gw: 192.168.1.1[0m
[0;32mI (41337) WIFI_UART: Got IP: 192.168.1.33[0m
[0;32mI (41341) TCP_CONNECT: Connecting to 192.168.1.12:12345...[0m
[0;32mI (41659) TCP_CONNECT: Successfully connected to 192.168.1.12:12345[0m
[0;32mI (48852) MAIN: Stopping Wifi/GUI connection...[0m

assert failed: xQueueGenericSend queue.c:936 (pxQueue)


Backtrace: 0x40081bc6:0x3ffe1310 0x40091e45:0x3ffe1330 0x40099e8d:0x3ffe1350 0x400922bb:0x3ffe1470 0x400d837d:0x3ffe14b0 0x40092a01:0x3ffe1cd0




ELF file SHA256: 052becf5c

Rebooting...
ets Jul 29 2019 12:21:46

rst:0xc (SW_CPU_RESET),boot:0x17 (SPI_FAST_FLASH_BOOT)
configsip: 0, SPIWP:0xee
clk_drv:0x00,q_drv:0x00,d_drv:0x00,cs0_drv:0x00,hd_drv:0x00,wp_drv:0x00
mode:DIO, clock div:2
load:0x3fff0030,len:7172
load:0x40078000,len:15620
load:0x40080400,len:4
ho 8 tail 4 room 4
load:0x40080404,len:3904
entry 0x40080640
[0;32mI (31) boot: ESP-IDF v5.2.5-dirty 2nd stage bootloader[0m
[0;32mI (31) boot: compile time Jun  7 2025 18:27:38[0m
[0;32mI (31) boot: Multicore bootloader[0m
[0;32mI (36) boot: chip revision: v3.1[0m
[0;32mI (40) boot.esp32: SPI Speed      : 40MHz[0m
[0;32mI (44) boot.esp32: SPI Mode       : DIO[0m
[0;32mI (49) boot.esp32: SPI Flash Size : 4MB[0m
[0;32mI (53) boot: Enabling RNG early entropy source...[0m
[0;32mI (59) boot: Partition Table:[0m
[0;32mI (62) boot: ## Label            Usage          Type ST Offset   Length[0m
[0;32mI (70) boot:  0 nvs              WiFi data        01 02 00009000 00006000[0m
[0;32mI (77) boot:  1 phy_init         RF data          01 01 0000f000 00001000[0m
[0;32mI (84) boot:  2 factory          factory app      00 00 00010000 00180000[0m
[0;32mI (92) boot: End of partition table[0m
[0;32mI (96) esp_image: segment 0: paddr=00010020 vaddr=3f400020 size=2dfa0h (188320) map[0m
[0;32mI (169) esp_image: segment 1: paddr=0003dfc8 vaddr=3ffbdb60 size=02050h (  8272) load[0m
[0;32mI (172) esp_image: segment 2: paddr=00040020 vaddr=400d0020 size=c5998h (809368) map[0m
[0;32mI (452) esp_image: segment 3: paddr=001059c0 vaddr=3ffbfbb0 size=0408ch ( 16524) load[0m
[0;32mI (459) esp_image: segment 4: paddr=00109a54 vaddr=40080000 size=1e1d8h (123352) load[0m
[0;32mI (522) boot: Loaded app from partition at offset 0x10000[0m
[0;32mI (522) boot: Disabling RNG early entropy source...[0m
[0;32mI (534) cpu_start: Multicore app[0m
[0;32mI (543) cpu_start: Pro cpu start user code[0m
[0;32mI (543) cpu_start: cpu freq: 160000000 Hz[0m
[0;32mI (543) cpu_start: Application information:[0m
[0;32mI (546) cpu_start: Project name:     main[0m
[0;32mI (551) cpu_start: App version:      c9125ae-dirty[0m
[0;32mI (556) cpu_start: Compile time:     Jun 11 2025 15:42:32[0m
[0;32mI (563) cpu_start: ELF file SHA256:  052becf5c...[0m
[0;32mI (568) cpu_start: ESP-IDF:          v5.2.5-dirty[0m
[0;32mI (573) cpu_start: Min chip rev:     v0.0[0m
[0;32mI (578) cpu_start: Max chip rev:     v3.99 [0m
[0;32mI (583) cpu_start: Chip rev:         v3.1[0m
[0;32mI (588) heap_init: Initializing. RAM available for dynamic allocation:[0m
[0;32mI (595) heap_init: At 3FFAFF10 len 000000F0 (0 KiB): DRAM[0m
[0;32mI (601) heap_init: At 3FFB6388 len 00001C78 (7 KiB): DRAM[0m
[0;32mI (607) heap_init: At 3FFB9A20 len 00004108 (16 KiB): DRAM[0m
[0;32mI (613) heap_init: At 3FFD4AE8 len 0000B518 (45 KiB): DRAM[0m
[0;32mI (619) heap_init: At 3FFE0440 len 00003AE0 (14 KiB): D/IRAM[0m
[0;32mI (626) heap_init: At 3FFE4350 len 0001BCB0 (111 KiB): D/IRAM[0m
[0;32mI (632) heap_init: At 4009E1D8 len 00001E28 (7 KiB): IRAM[0m
[0;32mI (640) spi_flash: detected chip: generic[0m
[0;32mI (643) spi_flash: flash io: dio[0m
[0;33mW (647) i2c: This driver is an old driver, please migrate your application code to adapt `driver/i2c_master.h`[0m
[0;32mI (658) coexist: coex firmware version: 994b23e[0m
[0;32mI (664) main_task: Started on CPU0[0m
[0;32mI (668) main_task: Calling app_main()[0m
[0;32mI (672) SD_CARD_SPI: Mounting SD card at /data[0m
[0;32mI (677) gpio: GPIO[5]| InputEn: 0| OutputEn: 1| OpenDrain: 0| Pullup: 0| Pulldown: 0| Intr:0 [0m
[0;32mI (686) sdspi_transaction: cmd=52, R1 response: command not supported[0m
[0;32mI (734) sdspi_transaction: cmd=5, R1 response: command not supported[0m
Name: 00000
Type: SDHC/SDXC
Speed: 20.00 MHz (limit: 20.00 MHz)
Size: 14910MB
CSD: ver=2, sector_size=512, capacity=30535680 read_bl_len=9
SSR: bus_width=1
[0;32mI (761) gpio: GPIO[0]| InputEn: 1| OutputEn: 0| OpenDrain: 0| Pullup: 1| Pulldown: 0| Intr:0 [0m
[0;32mI (770) gpio: GPIO[15]| InputEn: 0| OutputEn: 1| OpenDrain: 0| Pullup: 0| Pulldown: 0| Intr:0 [0m
[0;32mI (779) gpio: GPIO[22]| InputEn: 0| OutputEn: 1| OpenDrain: 0| Pullup: 0| Pulldown: 0| Intr:0 [0m
[0;32mI (793) INMP441_I2S: INMP441 I2S initialized with 16000, 32 bit, mono (left)[0m
[0;32mI (800) MPU6500: Initializating MPU6500[0m
[0;32mI (801) BMP280: Initializating BMP280[0m
[0;32mI (828) BTDM_INIT: BT controller compile version [f7360be][0m
[0;32mI (831) BTDM_INIT: Bluetooth MAC: cc:7b:5c:27:ec:d6[0m
[0;32mI (834) phy_init: phy_version 4840,02e0d70,Sep  2 2024,19:39:07[0m
[0;32mI (919) DS18B20_1_WIRE: Initializating DS18B20[0m
[0;32mI (920) phy_init: Saving new calibration data due to checksum failure or outdated calibration data, mode(0)[0m
[0;32mI (1506) WIFI_UART: GAP event: 10[0m
[0;32mI (1513) WIFI_UART: Bluetooth ready[0m
[0;32mI (1515) main_task: Returned from app_main()[0m
ets Jul 29 2019 12:21:46

rst:0x1 (POWERON_RESET),boot:0x17 (SPI_FAST_FLASH_BOOT)
configsip: 0, SPIWP:0xee
clk_drv:0x00,q_drv:0x00,d_drv:0x00,cs0_drv:0x00,hd_drv:0x00,wp_drv:0x00
mode:DIO, clock div:2
load:0x3fff0030,len:7172
load:0x40078000,len:15620
load:0x40080400,len:4
ho 8 tail 4 room 4
load:0x40080404,len:3904
entry 0x40080640
[0;32mI (31) boot: ESP-IDF v5.2.5-dirty 2nd stage bootloader[0m
[0;32mI (31) boot: compile time Jun  7 2025 18:27:38[0m
[0;32mI (31) boot: Multicore bootloader[0m
[0;32mI (36) boot: chip revision: v3.1[0m
[0;32mI (40) boot.esp32: SPI Speed      : 40MHz[0m
[0;32mI (44) boot.esp32: SPI Mode       : DIO[0m
[0;32mI (49) boot.esp32: SPI Flash Size : 4MB[0m
[0;32mI (53) boot: Enabling RNG early entropy source...[0m
[0;32mI (59) boot: Partition Table:[0m
[0;32mI (62) boot: ## Label            Usage          Type ST Offset   Length[0m
[0;32mI (70) boot:  0 nvs              WiFi data        01 02 00009000 00006000[0m
[0;32mI (77) boot:  1 phy_init         RF data          01 01 0000f000 00001000[0m
[0;32mI (85) boot:  2 factory          factory app      00 00 00010000 00180000[0m
[0;32mI (92) boot: End of partition table[0m
[0;32mI (96) esp_image: segment 0: paddr=00010020 vaddr=3f400020 size=2dfa0h (188320) map[0m
[0;32mI (169) esp_image: segment 1: paddr=0003dfc8 vaddr=3ffbdb60 size=02050h (  8272) load[0m
[0;32mI (173) esp_image: segment 2: paddr=00040020 vaddr=400d0020 size=c5998h (809368) map[0m
[0;32mI (452) esp_image: segment 3: paddr=001059c0 vaddr=3ffbfbb0 size=0408ch ( 16524) load[0m
[0;32mI (459) esp_image: segment 4: paddr=00109a54 vaddr=40080000 size=1e1d8h (123352) load[0m
[0;32mI (522) boot: Loaded app from partition at offset 0x10000[0m
[0;32mI (523) boot: Disabling RNG early entropy source...[0m
[0;32mI (534) cpu_start: Multicore app[0m
[0;32mI (543) cpu_start: Pro cpu start user code[0m
[0;32mI (543) cpu_start: cpu freq: 160000000 Hz[0m
[0;32mI (544) cpu_start: Application information:[0m
[0;32mI (547) cpu_start: Project name:     main[0m
[0;32mI (551) cpu_start: App version:      c9125ae-dirty[0m
[0;32mI (557) cpu_start: Compile time:     Jun 11 2025 15:42:32[0m
[0;32mI (563) cpu_start: ELF file SHA256:  052becf5c...[0m
[0;32mI (568) cpu_start: ESP-IDF:          v5.2.5-dirty[0m
[0;32mI (574) cpu_start: Min chip rev:     v0.0[0m
[0;32mI (578) cpu_start: Max chip rev:     v3.99 [0m
[0;32mI (583) cpu_start: Chip rev:         v3.1[0m
[0;32mI (588) heap_init: Initializing. RAM available for dynamic allocation:[0m
[0;32mI (595) heap_init: At 3FFAFF10 len 000000F0 (0 KiB): DRAM[0m
[0;32mI (601) heap_init: At 3FFB6388 len 00001C78 (7 KiB): DRAM[0m
[0;32mI (607) heap_init: At 3FFB9A20 len 00004108 (16 KiB): DRAM[0m
[0;32mI (613) heap_init: At 3FFD4AE8 len 0000B518 (45 KiB): DRAM[0m
[0;32mI (619) heap_init: At 3FFE0440 len 00003AE0 (14 KiB): D/IRAM[0m
[0;32mI (626) heap_init: At 3FFE4350 len 0001BCB0 (111 KiB): D/IRAM[0m
[0;32mI (632) heap_init: At 4009E1D8 len 00001E28 (7 KiB): IRAM[0m
[0;32mI (640) spi_flash: detected chip: generic[0m
[0;32mI (643) spi_flash: flash io: dio[0m
[0;33mW (647) i2c: This driver is an old driver, please migrate your application code to adapt `driver/i2c_master.h`[0m
[0;32mI (658) coexist: coex firmware version: 994b23e[0m
[0;32mI (664) main_task: Started on CPU0[0m
[0;32mI (668) main_task: Calling app_main()[0m
[0;32mI (672) SD_CARD_SPI: Mounting SD card at /data[0m
[0;32mI (677) gpio: GPIO[5]| InputEn: 0| OutputEn: 1| OpenDrain: 0| Pullup: 0| Pulldown: 0| Intr:0 [0m
[0;32mI (686) sdspi_transaction: cmd=52, R1 response: command not supported[0m
[0;32mI (734) sdspi_transaction: cmd=5, R1 response: command not supported[0m
Name: 00000
Type: SDHC/SDXC
Speed: 20.00 MHz (limit: 20.00 MHz)
Size: 14910MB
CSD: ver=2, sector_size=512, capacity=30535680 read_bl_len=9
SSR: bus_width=1
[0;32mI (761) gpio: GPIO[0]| InputEn: 1| OutputEn: 0| OpenDrain: 0| Pullup: 1| Pulldown: 0| Intr:0 [0m
[0;32mI (770) gpio: GPIO[15]| InputEn: 0| OutputEn: 1| OpenDrain: 0| Pullup: 0| Pulldown: 0| Intr:0 [0m
[0;32mI (779) gpio: GPIO[22]| InputEn: 0| OutputEn: 1| OpenDrain: 0| Pullup: 0| Pulldown: 0| Intr:0 [0m
[0;32mI (793) INMP441_I2S: INMP441 I2S initialized with 16000, 32 bit, mono (left)[0m
[0;32mI (800) MPU6500: Initializating MPU6500[0m
[0;32mI (802) BMP280: Initializating BMP280[0m
[0;32mI (827) BTDM_INIT: BT controller compile version [f7360be][0m
[0;32mI (829) BTDM_INIT: Bluetooth MAC: cc:7b:5c:27:ec:d6[0m
[0;32mI (832) phy_init: phy_version 4840,02e0d70,Sep  2 2024,19:39:07[0m
[0;32mI (918) DS18B20_1_WIRE: Initializating DS18B20[0m
[0;31mE (1033) MAIN:  Failed to initialize DS18B20[0m
[0;32mI (1477) WIFI_UART: GAP event: 10[0m
[0;32mI (1484) WIFI_UART: Bluetooth ready[0m
[0;32mI (1486) main_task: Returned from app_main()[0m
ets Jul 29 2019 12:21:46

rst:0x1 (POWERON_RESET),boot:0x17 (SPI_FAST_FLASH_BOOT)
configsip: 0, SPIWP:0xee
clk_drv:0x00,q_drv:0x00,d_drv:0x00,cs0_drv:0x00,hd_drv:0x00,wp_drv:0x00
mode:DIO, clock div:2
load:0x3fff0030,len:7172
load:0x40078000,len:15620
load:0x40080400,len:4
ho 8 tail 4 room 4
load:0x40080404,len:3904
entry 0x40080640
[0;32mI (31) boot: ESP-IDF v5.2.5-dirty 2nd stage bootloader[0m
[0;32mI (31) boot: compile time Jun  7 2025 18:27:38[0m
[0;32mI (31) boot: Multicore bootloader[0m
[0;32mI (36) boot: chip revision: v3.1[0m
[0;32mI (40) boot.esp32: SPI Speed      : 40MHz[0m
[0;32mI (44) boot.esp32: SPI Mode       : DIO[0m
[0;32mI (49) boot.esp32: SPI Flash Size : 4MB[0m
[0;32mI (53) boot: Enabling RNG early entropy source...[0m
[0;32mI (59) boot: Partition Table:[0m
[0;32mI (62) boot: ## Label            Usage          Type ST Offset   Length[0m
[0;32mI (70) boot:  0 nvs              WiFi data        01 02 00009000 00006000[0m
[0;32mI (77) boot:  1 phy_init         RF data          01 01 0000f000 00001000[0m
[0;32mI (85) boot:  2 factory          factory app      00 00 00010000 00180000[0m
[0;32mI (92) boot: End of partition table[0m
[0;32mI (96) esp_image: segment 0: paddr=00010020 vaddr=3f400020 size=2dfa0h (188320) map[0m
[0;32mI (169) esp_image: segment 1: paddr=0003dfc8 vaddr=3ffbdb60 size=02050h (  8272) load[0m
[0;32mI (173) esp_image: segment 2: paddr=00040020 vaddr=400d0020 size=c5998h (809368) map[0m
[0;32mI (452) esp_image: segment 3: paddr=001059c0 vaddr=3ffbfbb0 size=0408ch ( 16524) load[0m
[0;32mI (459) esp_image: segment 4: paddr=00109a54 vaddr=40080000 size=1e1d8h (123352) load[0m
[0;32mI (522) boot: Loaded app from partition at offset 0x10000[0m
[0;32mI (523) boot: Disabling RNG early entropy source...[0m
[0;32mI (534) cpu_start: Multicore app[0m
[0;32mI (543) cpu_start: Pro cpu start user code[0m
[0;32mI (543) cpu_start: cpu freq: 160000000 Hz[0m
[0;32mI (544) cpu_start: Application information:[0m
[0;32mI (547) cpu_start: Project name:     main[0m
[0;32mI (551) cpu_start: App version:      c9125ae-dirty[0m
[0;32mI (557) cpu_start: Compile time:     Jun 11 2025 15:42:32[0m
[0;32mI (563) cpu_start: ELF file SHA256:  052becf5c...[0m
[0;32mI (568) cpu_start: ESP-IDF:          v5.2.5-dirty[0m
[0;32mI (574) cpu_start: Min chip rev:     v0.0[0m
[0;32mI (578) cpu_start: Max chip rev:     v3.99 [0m
[0;32mI (583) cpu_start: Chip rev:         v3.1[0m
[0;32mI (588) heap_init: Initializing. RAM available for dynamic allocation:[0m
[0;32mI (595) heap_init: At 3FFAFF10 len 000000F0 (0 KiB): DRAM[0m
[0;32mI (601) heap_init: At 3FFB6388 len 00001C78 (7 KiB): DRAM[0m
[0;32mI (607) heap_init: At 3FFB9A20 len 00004108 (16 KiB): DRAM[0m
[0;32mI (613) heap_init: At 3FFD4AE8 len 0000B518 (45 KiB): DRAM[0m
[0;32mI (619) heap_init: At 3FFE0440 len 00003AE0 (14 KiB): D/IRAM[0m
[0;32mI (626) heap_init: At 3FFE4350 len 0001BCB0 (111 KiB): D/IRAM[0m
[0;32mI (632) heap_init: At 4009E1D8 len 00001E28 (7 KiB): IRAM[0m
[0;32mI (640) spi_flash: detected chip: generic[0m
[0;32mI (643) spi_flash: flash io: dio[0m
[0;33mW (647) i2c: This driver is an old driver, please migrate your application code to adapt `driver/i2c_master.h`[0m
[0;32mI (658) coexist: coex firmware version: 994b23e[0m
[0;32mI (664) main_task: Started on CPU0[0m
[0;32mI (668) main_task: Calling app_main()[0m
[0;32mI (672) SD_CARD_SPI: Mounting SD card at /data[0m
[0;32mI (677) gpio: GPIO[5]| InputEn: 0| OutputEn: 1| OpenDrain: 0| Pullup: 0| Pulldown: 0| Intr:0 [0m
[0;32mI (686) sdspi_transaction: cmd=52, R1 response: command not supported[0m
[0;32mI (734) sdspi_transaction: cmd=5, R1 response: command not supported[0m
Name: 00000
Type: SDHC/SDXC
Speed: 20.00 MHz (limit: 20.00 MHz)
Size: 14910MB
CSD: ver=2, sector_size=512, capacity=30535680 read_bl_len=9
SSR: bus_width=1
[0;32mI (761) gpio: GPIO[0]| InputEn: 1| OutputEn: 0| OpenDrain: 0| Pullup: 1| Pulldown: 0| Intr:0 [0m
[0;32mI (770) gpio: GPIO[15]| InputEn: 0| OutputEn: 1| OpenDrain: 0| Pullup: 0| Pulldown: 0| Intr:0 [0m
[0;32mI (779) gpio: GPIO[22]| InputEn: 0| OutputEn: 1| OpenDrain: 0| Pullup: 0| Pulldown: 0| Intr:0 [0m
