ets Jul 29 2019 12:21:46

rst:0x1 (POWERON_RESET),boot:0x17 (SPI_FAST_FLASH_BOOT)
configsip: 0, SPIWP:0xee
clk_drv:0x00,q_drv:0x00,d_drv:0x00,cs0_drv:0x00,hd_drv:0x00,wp_drv:0x00
mode:DIO, clock div:2
load:0x3fff0030,len:7172
load:0x40078000,len:15620
load:0x40080400,len:4
ho 8 tail 4 room 4
load:0x40080404,len:3904
entry 0x40080640
[0;32mI (31) boot: ESP-IDF v5.2.5-dirty 2nd stage bootloader[0m
[0;32mI (31) boot: compile time Jun  7 2025 18:27:38[0m
[0;32mI (31) boot: Multicore bootloader[0m
[0;32mI (36) boot: chip revision: v3.1[0m
[0;32mI (40) boot.esp32: SPI Speed      : 40MHz[0m
[0;32mI (44) boot.esp32: SPI Mode       : DIO[0m
[0;32mI (49) boot.esp32: SPI Flash Size : 4MB[0m
[0;32mI (53) boot: Enabling RNG early entropy source...[0m
[0;32mI (59) boot: Partition Table:[0m
[0;32mI (62) boot: ## Label            Usage          Type ST Offset   Length[0m
[0;32mI (70) boot:  0 nvs              WiFi data        01 02 00009000 00006000[0m
[0;32mI (77) boot:  1 phy_init         RF data          01 01 0000f000 00001000[0m
[0;32mI (85) boot:  2 factory          factory app      00 00 00010000 00180000[0m
[0;32mI (92) boot: End of partition table[0m
[0;32mI (96) esp_image: segment 0: paddr=00010020 vaddr=3f400020 size=2df20h (188192) map[0m
[0;32mI (169) esp_image: segment 1: paddr=0003df48 vaddr=3ffbdb60 size=020d0h (  8400) load[0m
[0;32mI (173) esp_image: segment 2: paddr=00040020 vaddr=400d0020 size=c5960h (809312) map[0m
[0;32mI (452) esp_image: segment 3: paddr=00105988 vaddr=3ffbfc30 size=0400ch ( 16396) load[0m
[0;32mI (459) esp_image: segment 4: paddr=0010999c vaddr=40080000 size=1e1d8h (123352) load[0m
[0;32mI (522) boot: Loaded app from partition at offset 0x10000[0m
[0;32mI (522) boot: Disabling RNG early entropy source...[0m
[0;32mI (534) cpu_start: Multicore app[0m
[0;32mI (543) cpu_start: Pro cpu start user code[0m
[0;32mI (543) cpu_start: cpu freq: 160000000 Hz[0m
[0;32mI (543) cpu_start: Application information:[0m
[0;32mI (546) cpu_start: Project name:     main[0m
[0;32mI (551) cpu_start: App version:      c9125ae-dirty[0m
[0;32mI (557) cpu_start: Compile time:     Jun 11 2025 15:42:32[0m
[0;32mI (563) cpu_start: ELF file SHA256:  45cfd9568...[0m
[0;32mI (568) cpu_start: ESP-IDF:          v5.2.5-dirty[0m
[0;32mI (573) cpu_start: Min chip rev:     v0.0[0m
[0;32mI (578) cpu_start: Max chip rev:     v3.99 [0m
[0;32mI (583) cpu_start: Chip rev:         v3.1[0m
[0;32mI (588) heap_init: Initializing. RAM available for dynamic allocation:[0m
[0;32mI (595) heap_init: At 3FFAFF10 len 000000F0 (0 KiB): DRAM[0m
[0;32mI (601) heap_init: At 3FFB6388 len 00001C78 (7 KiB): DRAM[0m
[0;32mI (607) heap_init: At 3FFB9A20 len 00004108 (16 KiB): DRAM[0m
[0;32mI (613) heap_init: At 3FFD2638 len 0000D9C8 (54 KiB): DRAM[0m
[0;32mI (619) heap_init: At 3FFE0440 len 00003AE0 (14 KiB): D/IRAM[0m
[0;32mI (626) heap_init: At 3FFE4350 len 0001BCB0 (111 KiB): D/IRAM[0m
[0;32mI (632) heap_init: At 4009E1D8 len 00001E28 (7 KiB): IRAM[0m
[0;32mI (640) spi_flash: detected chip: generic[0m
[0;32mI (643) spi_flash: flash io: dio[0m
[0;33mW (647) i2c: This driver is an old driver, please migrate your application code to adapt `driver/i2c_master.h`[0m
[0;32mI (658) coexist: coex firmware version: 994b23e[0m
[0;32mI (664) main_task: Started on CPU0[0m
[0;32mI (668) main_task: Calling app_main()[0m
[0;32mI (708) BTDM_INIT: BT controller compile version [f7360be][0m
[0;32mI (710) BTDM_INIT: Bluetooth MAC: cc:7b:5c:27:ec:d6[0m
[0;32mI (713) phy_init: phy_version 4840,02e0d70,Sep  2 2024,19:39:07[0m
[0;32mI (797) phy_init: Saving new calibration data due to checksum failure or outdated calibration data, mode(0)[0m
[0;32mI (1379) WIFI_UART: GAP event: 10[0m
[0;32mI (1386) WIFI_UART: Bluetooth ready[0m
[0;32mI (1391) SD_CARD_SPI: Mounting SD card at /data[0m
[0;32mI (1396) gpio: GPIO[5]| InputEn: 0| OutputEn: 1| OpenDrain: 0| Pullup: 0| Pulldown: 0| Intr:0 [0m
[0;32mI (1398) sdspi_transaction: cmd=52, R1 response: command not supported[0m
[0;32mI (1445) sdspi_transaction: cmd=5, R1 response: command not supported[0m
Name: 00000
Type: SDHC/SDXC
Speed: 20.00 MHz (limit: 20.00 MHz)
Size: 14910MB
CSD: ver=2, sector_size=512, capacity=30535680 read_bl_len=9
SSR: bus_width=1
[0;32mI (1490) gpio: GPIO[0]| InputEn: 1| OutputEn: 0| OpenDrain: 0| Pullup: 1| Pulldown: 0| Intr:0 [0m
[0;32mI (1499) gpio: GPIO[15]| InputEn: 0| OutputEn: 1| OpenDrain: 0| Pullup: 0| Pulldown: 0| Intr:0 [0m
[0;32mI (1508) gpio: GPIO[22]| InputEn: 0| OutputEn: 1| OpenDrain: 0| Pullup: 0| Pulldown: 0| Intr:0 [0m
[0;32mI (1518) BMP280: Initializating BMP280[0m
[0;32mI (1520) INMP441_I2S: INMP441 I2S initialized with 16000, 32 bit, mono (left)[0m
[0;32mI (1521) MPU6500: Initializating MPU6500[0m
[0;32mI (1522) main_task: Returned from app_main()[0m
[0;32mI (1635) DS18B20_1_WIRE: Initializating DS18B20[0m
31.750000
31.750000
-127.000000
31.750000
31.750000
31.750000
31.750000
31.750000
ï¿½ï¿½ï¿½ï¿½ï¿½ï¿½ï¿½ï¿½ï¿½ï¿½ï¿½ï¿½ï¿½ï¿½ï¿½ï¿½ï¿½ï¿½ï¿½ï¿½ï¿½ï¿½ï¿½ï¿½ï¿½ï¿½ï¿½ï¿½ï¿½ï¿½ï¿½ï¿½ï¿½ï¿½ï¿½ï¿½ï¿½ï¿½ï¿½ï¿½ï¿½ï¿½ï¿½ï¿½ï¿½ï¿½ï¿½ï¿½ï¿½ï¿½ï¿½ï¿½ï¿½ï¿½ï¿½ï¿½ï¿½ï¿½ï¿½ï¿½ï¿½ï¿½ï¿½ï¿½750000
31.750000
31.750000
31.750000
31.750000
31.750000
31.750000
31.750000
31.750000
31.750000
31.750000
31.750000
31.750000
31.750000
-127.000000
31.750000
-127.000000
31.750000
31.750000
31.750000
31.750000
31.750000
31.750000
31.750000
31.750000
31.750000
[0;33mW (35700) BT_HCI: hcif conn complete: hdl 0x80, st 0x0[0m
[0;32mI (35706) WIFI_UART: GAP event: 16[0m
[0;32mI (35804) WIFI_UART: GAP event: 21[0m
[0;33mW (35936) BT_APPL: new conn_srvc id:26, app_id:255[0m
31.750000
-127.000000
[0;32mI (37969) WIFI_UART: SSID: Tien
 PASS: tien1123
 IP: 192.168.1.12
[0m
[0;33mW (38001) BT_RFCOMM: port_rfc_closed RFCOMM connection in server:1 state 2 closed: Closed (res: 19)[0m
[0;33mW (38013) BT_RFCOMM: rfc_find_lcid_mcb LCID reused LCID:0x41 current:0x0[0m
[0;33mW (38015) BT_RFCOMM: RFCOMM_DisconnectInd LCID:0x41[0m
31.750000
-127.000000
31.750000
[0;33mW (41164) BT_HCI: hcif disc complete: hdl 0x80, rsn 0x13[0m
[0;32mI (41165) WIFI_UART: GAP event: 17[0m
31.750000
31.750000
31.750000
31.750000
31.750000
31.750000
31.750000
31.750000
31.750000
-127.000000
31.750000
31.750000
[0;32mI (53018) MAIN: Starting Wifi/GUI connection...[0m
[0;32mI (53018) MAIN: Waiting for Bluetooth WiFi config...[0m
[0;32mI (53018) MAIN: Disabling Bluetooth...[0m
[0;33mW (53132) BT_APPL: bta_dm_disable BTA_DISABLE_DELAY set to 200 ms[0m
[0;32mI (53444) MAIN: Bluetooth disabled[0m
[0;32mI (53449) wifi:wifi driver task: 3ffbb760, prio:23, stack:3584, core=0[0m
[0;32mI (53468) wifi:wifi firmware version: 01d22db[0m
[0;32mI (53468) wifi:wifi certification version: v7.0[0m
[0;32mI (53468) wifi:config NVS flash: enabled[0m
[0;32mI (53469) wifi:config nano formating: disabled[0m
[0;32mI (53473) wifi:Init data frame dynamic rx buffer num: 32[0m
[0;32mI (53478) wifi:Init static rx mgmt buffer num: 5[0m
[0;32mI (53482) wifi:Init management short buffer num: 32[0m
[0;32mI (53487) wifi:Init dynamic tx buffer num: 32[0m
[0;32mI (53491) wifi:Init static rx buffer size: 1600[0m
[0;32mI (53496) wifi:Init static rx buffer num: 10[0m
[0;32mI (53499) wifi:Init dynamic rx buffer num: 32[0m
[0;32mI (53505) wifi_init: tcpip mbox: 32[0m
[0;32mI (53508) wifi_init: udp mbox: 6[0m
[0;32mI (53511) wifi_init: tcp mbox: 6[0m
[0;32mI (53515) wifi_init: tcp tx win: 5760[0m
[0;32mI (53520) wifi_init: tcp rx win: 5760[0m
31.750000
[0;32mI (53704) wifi_init: tcp mss: 1440[0m
[0;32mI (53704) wifi_init: WiFi IRAM OP enabled[0m
[0;32mI (53711) wifi:mode : sta (cc:7b:5c:27:ec:d4)[0m
[0;32mI (53712) wifi:enable tsf[0m
[0;32mI (53714) WIFI_UART: WiFi connecting to Tien[0m
[0;32mI (53726) wifi:new:<11,0>, old:<1,0>, ap:<255,255>, sta:<11,0>, prof:1[0m
[0;32mI (53728) wifi:state: init -> auth (b0)[0m
[0;32mI (53735) wifi:state: auth -> assoc (0)[0m
[0;32mI (53743) wifi:state: assoc -> run (10)[0m
[0;32mI (53780) wifi:connected with Tien, aid = 22, channel 11, BW20, bssid = 0c:01:4b:16:4b:20[0m
[0;32mI (53781) wifi:security: WPA2-PSK, phy: bgn, rssi: -42[0m
[0;32mI (53786) wifi:pm start, type: 1[0m

[0;32mI (53786) wifi:dp: 1, bi: 102400, li: 3, scale listen interval from 307200 us to 307200 us[0m
[0;32mI (53822) wifi:AP's beacon interval = 102400 us, DTIM period = 1[0m
31.750000
31.750000
31.750000
[0;32mI (56803) esp_netif_handlers: sta ip: 192.168.1.33, mask: 255.255.255.0, gw: 192.168.1.1[0m
[0;32mI (56805) WIFI_UART: Got IP: 192.168.1.33[0m
[0;32mI (56808) TCP_CONNECT: Connecting to 192.168.1.12:12345...[0m
[0;32mI (57010) TCP_CONNECT: Successfully connected to 192.168.1.12:12345[0m
31.750000
31.750000
-127.000000
-127.000000
31.750000
31.750000
-127.000000
31.750000
31.750000
31.750000
31.750000
-127.000000
31.750000
[0;32mI (70219) MAIN: Stopping Wifi/GUI connection...[0m
[0;32mI (70223) wifi:state: run -> init (0)[0m

assert failed: xQueueGenericSend queue.c:936 (pxQueue)


Backtrace: 0x40081bc6:0x3ffe0b50 0x40091e45:0x3ffe0b70 0x40099e8d:0x3ffe0b90 0x400922bb:0x3ffe0cb0 0x400d8355:0x3ffe0cf0 0x40092a01:0x3ffe1110




ELF file SHA256: 45cfd9568

Rebooting...
ets Jul 29 2019 12:21:46

rst:0xc (SW_CPU_RESET),boot:0x17 (SPI_FAST_FLASH_BOOT)
configsip: 0, SPIWP:0xee
clk_drv:0x00,q_drv:0x00,d_drv:0x00,cs0_drv:0x00,hd_drv:0x00,wp_drv:0x00
mode:DIO, clock div:2
load:0x3fff0030,len:7172
load:0x40078000,len:15620
load:0x40080400,len:4
ho 8 tail 4 room 4
load:0x40080404,len:3904
entry 0x40080640
[0;32mI (31) boot: ESP-IDF v5.2.5-dirty 2nd stage bootloader[0m
[0;32mI (31) boot: compile time Jun  7 2025 18:27:38[0m
[0;32mI (31) boot: Multicore bootloader[0m
[0;32mI (36) boot: chip revision: v3.1[0m
[0;32mI (40) boot.esp32: SPI Speed      : 40MHz[0m
[0;32mI (44) boot.esp32: SPI Mode       : DIO[0m
[0;32mI (49) boot.esp32: SPI Flash Size : 4MB[0m
[0;32mI (53) boot: Enabling RNG early entropy source...[0m
[0;32mI (59) boot: Partition Table:[0m
[0;32mI (62) boot: ## Label            Usage          Type ST Offset   Length[0m
[0;32mI (70) boot:  0 nvs              WiFi data        01 02 00009000 00006000[0m
[0;32mI (77) boot:  1 phy_init         RF data          01 01 0000f000 00001000[0m
[0;32mI (84) boot:  2 factory          factory app      00 00 00010000 00180000[0m
[0;32mI (92) boot: End of partition table[0m
[0;32mI (96) esp_image: segment 0: paddr=00010020 vaddr=3f400020 size=2df20h (188192) map[0m
[0;32mI (169) esp_image: segment 1: paddr=0003df48 vaddr=3ffbdb60 size=020d0h (  8400) load[0m
[0;32mI (173) esp_image: segment 2: paddr=00040020 vaddr=400d0020 size=c5960h (809312) map[0m
[0;32mI (452) esp_image: segment 3: paddr=00105988 vaddr=3ffbfc30 size=0400ch ( 16396) load[0m
[0;32mI (458) esp_image: segment 4: paddr=0010999c vaddr=40080000 size=1e1d8h (123352) load[0m
[0;32mI (522) boot: Loaded app from partition at offset 0x10000[0m
[0;32mI (522) boot: Disabling RNG early entropy source...[0m
[0;32mI (534) cpu_start: Multicore app[0m
[0;32mI (543) cpu_start: Pro cpu start user code[0m
[0;32mI (543) cpu_start: cpu freq: 160000000 Hz[0m
[0;32mI (543) cpu_start: Application information:[0m
[0;32mI (546) cpu_start: Project name:     main[0m
[0;32mI (551) cpu_start: App version:      c9125ae-dirty[0m
[0;32mI (556) cpu_start: Compile time:     Jun 11 2025 15:42:32[0m
[0;32mI (562) cpu_start: ELF file SHA256:  45cfd9568...[0m
[0;32mI (568) cpu_start: ESP-IDF:          v5.2.5-dirty[0m
[0;32mI (573) cpu_start: Min chip rev:     v0.0[0m
[0;32mI (578) cpu_start: Max chip rev:     v3.99 [0m
[0;32mI (583) cpu_start: Chip rev:         v3.1[0m
[0;32mI (588) heap_init: Initializing. RAM available for dynamic allocation:[0m
[0;32mI (595) heap_init: At 3FFAFF10 len 000000F0 (0 KiB): DRAM[0m
[0;32mI (601) heap_init: At 3FFB6388 len 00001C78 (7 KiB): DRAM[0m
[0;32mI (607) heap_init: At 3FFB9A20 len 00004108 (16 KiB): DRAM[0m
[0;32mI (613) heap_init: At 3FFD2638 len 0000D9C8 (54 KiB): DRAM[0m
[0;32mI (619) heap_init: At 3FFE0440 len 00003AE0 (14 KiB): D/IRAM[0m
[0;32mI (625) heap_init: At 3FFE4350 len 0001BCB0 (111 KiB): D/IRAM[0m
[0;32mI (632) heap_init: At 4009E1D8 len 00001E28 (7 KiB): IRAM[0m
[0;32mI (640) spi_flash: detected chip: generic[0m
[0;32mI (643) spi_flash: flash io: dio[0m
[0;33mW (647) i2c: This driver is an old driver, please migrate your application code to adapt `driver/i2c_master.h`[0m
[0;32mI (658) coexist: coex firmware version: 994b23e[0m
[0;32mI (663) main_task: Started on CPU0[0m
[0;32mI (667) main_task: Calling app_main()[0m
[0;32mI (706) BTDM_INIT: BT controller compile version [f7360be][0m
[0;32mI (708) BTDM_INIT: Bluetooth MAC: cc:7b:5c:27:ec:d6[0m
[0;32mI (711) phy_init: phy_version 4840,02e0d70,Sep  2 2024,19:39:07[0m
[0;32mI (796) phy_init: Saving new calibration data due to checksum failure or outdated calibration data, mode(0)[0m
[0;32mI (1368) WIFI_UART: GAP event: 10[0m
[0;32mI (1375) WIFI_UART: Bluetooth ready[0m
[0;32mI (1381) SD_CARD_SPI: Mounting SD card at /data[0m
[0;32mI (1386) gpio: GPIO[5]| InputEn: 0| OutputEn: 1| OpenDrain: 0| Pullup: 0| Pulldown: 0| Intr:0 [0m
[0;32mI (1387) sdspi_transaction: cmd=52, R1 response: command not supported[0m
[0;32mI (1434) sdspi_transaction: cmd=5, R1 response: command not supported[0m
Name: 00000
Type: SDHC/SDXC
Speed: 20.00 MHz (limit: 20.00 MHz)
Size: 14910MB
CSD: ver=2, sector_size=512, capacity=30535680 read_bl_len=9
SSR: bus_width=1
[0;32mI (1479) gpio: GPIO[0]| InputEn: 1| OutputEn: 0| OpenDrain: 0| Pullup: 1| Pulldown: 0| Intr:0 [0m
[0;32mI (1488) gpio: GPIO[15]| InputEn: 0| OutputEn: 1| OpenDrain: 0| Pullup: 0| Pulldown: 0| Intr:0 [0m
[0;32mI (1497) gpio: GPIO[22]| InputEn: 0| OutputEn: 1| OpenDrain: 0| Pullup: 0| Pulldown: 0| Intr:0 [0m
[0;32mI (1507) BMP280: Initializating BMP280[0m
[0;32mI (1509) INMP441_I2S: INMP441 I2S initialized with 16000, 32 bit, mono (left)[0m
[0;32mI (1510) MPU6500: Initializating MPU6500[0m
[0;32mI (1511) main_task: Returned from app_main()[0m
[0;32mI (1624) DS18B20_1_WIRE: Initializating DS18B20[0m
31.750000
31.750000
31.750000
31.750000
-127.000000
31.750000
31.750000
31.750000
ï¿½ï¿½ï¿½ï¿½ï¿½ï¿½ï¿½ï¿½ï¿½ï¿½ï¿½ï¿½ï¿½ï¿½ï¿½ï¿½ï¿½ï¿½ï¿½ï¿½ï¿½ï¿½ï¿½ï¿½ï¿½ï¿½ï¿½ï¿½ï¿½ï¿½ï¿½ï¿½ï¿½ï¿½ï¿½ï¿½ï¿½ï¿½ï¿½ï¿½ï¿½ï¿½ï¿½ï¿½ï¿½ï¿½ï¿½ï¿½ï¿½ï¿½ï¿½ï¿½ï¿½ï¿½ï¿½ï¿½ï¿½ï¿½ï¿½ï¿½ï¿½ï¿½ï¿½ï¿½00
31.750000
31.750000
31.750000
31.750000
-127.000000
31.750000
31.750000
31.750000
31.750000
31.750000
31.750000
31.750000
31.750000
-127.000000
31.750000
31.750000
31.750000
-127.000000
31.750000
31.750000
31.750000
31.750000
31.750000
31.750000
31.750000
31.750000
31.750000
31.750000
31.750000
31.750000
31.750000
31.750000
31.750000
31.750000
31.750000
31.750000
31.750000
31.750000
ï¿½ï¿½ï¿½ï¿½ï¿½ï¿½ï¿½ï¿½ï¿½ï¿½ï¿½ï¿½ï¿½ï¿½ï¿½ï¿½ï¿½ï¿½ï¿½ï¿½ï¿½ï¿½ï¿½ï¿½ï¿½ï¿½ï¿½ï¿½ï¿½ï¿½ï¿½ï¿½ï¿½ï¿½ï¿½ï¿½ï¿½ï¿½ï¿½ï¿½ï¿½ï¿½ï¿½ï¿½ï¿½ï¿½ï¿½ï¿½ï¿½ï¿½ï¿½ï¿½ï¿½ï¿½ï¿½ï¿½ï¿½ï¿½ï¿½ï¿½ï¿½ï¿½ï¿½ï¿½1.750000
31.750000
31.750000
31.750000
31.750000
31.750000
31.750000
31.750000
31.750000
31.750000
31.750000
31.750000
31.750000
31.750000
31.750000
31.750000
31.750000
31.750000
31.750000
31.750000
31.750000
31.750000
31.750000
31.750000
31.750000
31.750000
31.750000
31.750000
-127.000000
31.750000
31.750000
31.750000
31.750000
31.750000
31.750000
31.750000
31.750000
-127.000000
31.750000
31.750000
31.750000
31.750000
31.750000
31.750000
31.750000
31.750000
31.750000
31.750000
31.750000
31.750000
-127.000000
31.750000
31.750000
31.750000
31.750000
31.750000
31.750000
31.750000
31.750000
-127.000000
31.750000
31.750000
31.750000
-127.000000
31.750000
31.750000
31.750000
31.750000
31.750000
31.750000
31.750000
31.750000
-127.000000
31.750000
ï¿½ï¿½ï¿½ï¿½ï¿½ï¿½ï¿½ï¿½ï¿½ï¿½ï¿½ï¿½ï¿½ï¿½ï¿½ï¿½ï¿½ï¿½ï¿½ï¿½ï¿½ï¿½ï¿½ï¿½ï¿½ï¿½ï¿½ï¿½ï¿½ï¿½ï¿½ï¿½ï¿½ï¿½ï¿½ï¿½ï¿½ï¿½ï¿½ï¿½ï¿½ï¿½ï¿½ï¿½ï¿½ï¿½ï¿½ï¿½ï¿½ï¿½ï¿½ï¿½ï¿½ï¿½ï¿½ï¿½ï¿½ï¿½ï¿½ï¿½ï¿½ï¿½ï¿½ï¿½750000
31.750000
31.750000
31.750000
31.750000
31.750000
31.750000
31.750000
31.750000
-127.000000
31.750000
31.750000
31.750000
31.750000
31.750000
31.750000
31.750000
31.750000
31.750000
31.750000
31.750000
31.750000
31.750000
31.750000
31.750000
31.750000
31.750000
31.750000
31.750000
-127.000000
31.750000
31.750000
31.750000
31.750000
31.750000
31.750000
31.750000
31.750000
31.750000
31.750000
-127.000000
31.750000
31.750000
31.750000
31.750000
31.750000
31.750000
31.750000
31.750000
31.750000
31.750000
-127.000000
31.750000
31.750000
31.750000
31.750000
31.750000
31.750000
31.750000
31.750000
31.750000
31.750000
31.750000
31.750000
31.750000
31.750000
31.750000
31.750000
31.750000
-127.000000
31.750000
31.750000
31.750000
31.750000
31.750000
31.750000
31.750000
31.750000
31.750000
31.750000
31.750000
31.750000
-127.000000
31.750000
31.750000
31.750000
31.750000
31.750000
31.750000
31.750000
31.750000
31.750000
31.750000
-127.000000
31.750000
31.750000
31.750000
31.750000
31.750000
31.750000
31.750000
31.750000
31.750000
31.750000
-127.000000
31.750000
31.750000
31.750000
31.750000
31.750000
31.750000
31.750000
31.750000
-127.000000
31.750000
31.750000
31.750000
31.750000
31.750000
31.750000
31.750000
31.750000
31.750000
31.750000
31.750000
31.750000
-127.000000
31.750000
31.750000
31.750000
31.750000
31.750000
31.750000
31.750000
31.750000
31.750000
31.750000
31.750000
31.750000
31.750000
31.750000
31.750000
-127.000000
31.750000
31.750000
31.750000
31.750000
31.750000
31.750000
31.750000
31.750000
31.750000
31.750000
31.750000
31.750000
31.750000
31.750000
31.750000
31.750000
31.750000
31.750000
31.750000
31.750000
31.750000
-127.000000
31.750000
31.750000
31.750000
31.750000
31.750000
31.750000
31.750000
31.750000
31.750000
31.750000
-127.000000
31.750000
31.750000
31.750000
31.750000
31.750000
31.750000
31.750000
31.750000
31.750000
31.750000
31.750000
31.750000
31.750000
31.750000
31.750000
31.750000
31.750000
31.750000
31.750000
31.750000
31.750000
31.750000
31.750000
31.750000
31.750000
31.750000
31.750000
31.750000
31.750000
31.750000
31.750000
31.750000
31.750000
31.750000
31.750000
31.750000
31.750000
31.750000
31.750000
31.750000
31.750000
31.750000
31.750000
31.750000
31.750000
31.750000
31.750000
31.750000
31.750000
31.750000
31.750000
31.750000
31.750000
31.750000
31.750000
31.750000
31.750000
31.750000
31.750000
31.750000
