ets Jul 29 2019 12:21:46

rst:0x1 (POWERON_RESET),boot:0x17 (SPI_FAST_FLASH_BOOT)
configsip: 0, SPIWP:0xee
clk_drv:0x00,q_drv:0x00,d_drv:0x00,cs0_drv:0x00,hd_drv:0x00,wp_drv:0x00
mode:DIO, clock div:2
load:0x3fff0030,len:7172
load:0x40078000,len:15620
load:0x40080400,len:4
ho 8 tail 4 room 4
load:0x40080404,len:3904
entry 0x40080640
[0;32mI (31) boot: ESP-IDF v5.2.5-dirty 2nd stage bootloader[0m
[0;32mI (31) boot: compile time Jun  7 2025 18:27:38[0m
[0;32mI (31) boot: Multicore bootloader[0m
[0;32mI (36) boot: chip revision: v3.1[0m
[0;32mI (40) boot.esp32: SPI Speed      : 40MHz[0m
[0;32mI (44) boot.esp32: SPI Mode       : DIO[0m
[0;32mI (49) boot.esp32: SPI Flash Size : 4MB[0m
[0;32mI (53) boot: Enabling RNG early entropy source...[0m
[0;32mI (59) boot: Partition Table:[0m
[0;32mI (62) boot: ## Label            Usage          Type ST Offset   Length[0m
[0;32mI (70) boot:  0 nvs              WiFi data        01 02 00009000 00006000[0m
[0;32mI (77) boot:  1 phy_init         RF data          01 01 0000f000 00001000[0m
[0;32mI (85) boot:  2 factory          factory app      00 00 00010000 00180000[0m
[0;32mI (92) boot: End of partition table[0m
[0;32mI (96) esp_image: segment 0: paddr=00010020 vaddr=3f400020 size=2dfa0h (188320) map[0m
[0;32mI (169) esp_image: segment 1: paddr=0003dfc8 vaddr=3ffbdb60 size=02050h (  8272) load[0m
[0;32mI (173) esp_image: segment 2: paddr=00040020 vaddr=400d0020 size=c5740h (808768) map[0m
[0;32mI (452) esp_image: segment 3: paddr=00105768 vaddr=3ffbfbb0 size=0408ch ( 16524) load[0m
[0;32mI (458) esp_image: segment 4: paddr=001097fc vaddr=40080000 size=1e1d8h (123352) load[0m
[0;32mI (522) boot: Loaded app from partition at offset 0x10000[0m
[0;32mI (522) boot: Disabling RNG early entropy source...[0m
[0;32mI (534) cpu_start: Multicore app[0m
[0;32mI (543) cpu_start: Pro cpu start user code[0m
[0;32mI (543) cpu_start: cpu freq: 160000000 Hz[0m
[0;32mI (543) cpu_start: Application information:[0m
[0;32mI (546) cpu_start: Project name:     main[0m
[0;32mI (551) cpu_start: App version:      c9125ae-dirty[0m
[0;32mI (557) cpu_start: Compile time:     Jun 11 2025 15:42:32[0m
[0;32mI (563) cpu_start: ELF file SHA256:  14bafc763...[0m
[0;32mI (568) cpu_start: ESP-IDF:          v5.2.5-dirty[0m
[0;32mI (573) cpu_start: Min chip rev:     v0.0[0m
[0;32mI (578) cpu_start: Max chip rev:     v3.99 [0m
[0;32mI (583) cpu_start: Chip rev:         v3.1[0m
[0;32mI (588) heap_init: Initializing. RAM available for dynamic allocation:[0m
[0;32mI (595) heap_init: At 3FFAFF10 len 000000F0 (0 KiB): DRAM[0m
[0;32mI (601) heap_init: At 3FFB6388 len 00001C78 (7 KiB): DRAM[0m
[0;32mI (607) heap_init: At 3FFB9A20 len 00004108 (16 KiB): DRAM[0m
[0;32mI (613) heap_init: At 3FFD4AE0 len 0000B520 (45 KiB): DRAM[0m
[0;32mI (619) heap_init: At 3FFE0440 len 00003AE0 (14 KiB): D/IRAM[0m
[0;32mI (626) heap_init: At 3FFE4350 len 0001BCB0 (111 KiB): D/IRAM[0m
[0;32mI (632) heap_init: At 4009E1D8 len 00001E28 (7 KiB): IRAM[0m
[0;32mI (640) spi_flash: detected chip: generic[0m
[0;32mI (643) spi_flash: flash io: dio[0m
[0;33mW (647) i2c: This driver is an old driver, please migrate your application code to adapt `driver/i2c_master.h`[0m
[0;32mI (658) coexist: coex firmware version: 994b23e[0m
[0;32mI (664) main_task: Started on CPU0[0m
[0;32mI (668) main_task: Calling app_main()[0m
[0;32mI (672) SD_CARD_SPI: Mounting SD card at /data[0m
[0;32mI (677) gpio: GPIO[5]| InputEn: 0| OutputEn: 1| OpenDrain: 0| Pullup: 0| Pulldown: 0| Intr:0 [0m
[0;32mI (687) sdspi_transaction: cmd=52, R1 response: command not supported[0m
[0;32mI (734) sdspi_transaction: cmd=5, R1 response: command not supported[0m
Name: 00000
Type: SDHC/SDXC
Speed: 20.00 MHz (limit: 20.00 MHz)
Size: 14910MB
CSD: ver=2, sector_size=512, capacity=30535680 read_bl_len=9
SSR: bus_width=1
[0;32mI (761) gpio: GPIO[0]| InputEn: 1| OutputEn: 0| OpenDrain: 0| Pullup: 1| Pulldown: 0| Intr:0 [0m
[0;32mI (770) gpio: GPIO[15]| InputEn: 0| OutputEn: 1| OpenDrain: 0| Pullup: 0| Pulldown: 0| Intr:0 [0m
[0;32mI (779) gpio: GPIO[22]| InputEn: 0| OutputEn: 1| OpenDrain: 0| Pullup: 0| Pulldown: 0| Intr:0 [0m
[0;32mI (793) INMP441_I2S: INMP441 I2S initialized with 16000, 32 bit, mono (left)[0m
[0;32mI (800) MPU6500: Initializating MPU6500[0m
[0;32mI (801) BMP280: Initializating BMP280[0m
[0;32mI (827) BTDM_INIT: BT controller compile version [f7360be][0m
[0;32mI (830) BTDM_INIT: Bluetooth MAC: cc:7b:5c:27:ec:d6[0m
[0;32mI (833) phy_init: phy_version 4840,02e0d70,Sep  2 2024,19:39:07[0m
[0;32mI (918) phy_init: Saving new calibration data due to checksum failure or outdated calibration data, mode(0)[0m
[0;32mI (919) DS18B20_1_WIRE: Initializing DS18B20[0m
[0;32mI (1498) WIFI_UART: GAP event: 10[0m
[0;32mI (1505) WIFI_UART: Bluetooth ready[0m
[0;32mI (1508) main_task: Returned from app_main()[0m
[0;31mE (1800) MAIN: Failed to read DS18B20[0m
[0;31mE (2800) MAIN: Failed to read DS18B20[0m
[0;31mE (3800) MAIN: Failed to read DS18B20[0m
[0;31mE (4800) MAIN: Failed to read DS18B20[0m
[0;31mE (5800) MAIN: Failed to read DS18B20[0m
[0;31mE (6800) MAIN: Failed to read DS18B20[0m
[0;31mE (7800) MAIN: Failed to read DS18B20[0m
[0;31mE (8800) MAIN: Failed to read DS18B20[0m
[0;31mE (9800) MAIN: Failed to read DS18B20[0m
[0;31mE (10800) MAIN: Failed to read DS18B20[0m
[0;31mE (11800) MAIN: Failed to read DS18B20[0m
[0;31mE (12800) MAIN: Failed to read DS18B20[0m
[0;31mE (13800) MAIN: Failed to read DS18B20[0m
[0;31mE (14800) MAIN: Failed to read DS18B20[0m
[0;31mE (15800) MAIN: Failed to read DS18B20[0m
[0;31mE (16800) MAIN: Failed to read DS18B20[0m
[0;31mE (17800) MAIN: Failed to read DS18B20[0m
[0;31mE (18800) MAIN: Failed to read DS18B20[0m
[0;31mE (19800) MAIN: Failed to read DS18B20[0m
[0;31mE (20800) MAIN: Failed to read DS18B20[0m
[0;31mE (21800) MAIN: Failed to read DS18B20[0m
[0;31mE (22800) MAIN: Failed to read DS18B20[0m
[0;31mE (23800) MAIN: Failed to read DS18B20[0m
[0;31mE (24800) MAIN: Failed to read DS18B20[0m
[0;31mE (25800) MAIN: Failed to read DS18B20[0m
[0;31mE (26800) MAIN: Failed to read DS18B20[0m
[0;31mE (27800) MAIN: Failed to read DS18B20[0m
[0;31mE (28800) MAIN: Failed to read DS18B20[0m
[0;31mE (29800) MAIN: Failed to read DS18B20[0m
[0;31mE (30800) MAIN: Failed to read DS18B20[0m
[0;31mE (31800) MAIN: Failed to read DS18B20[0m
[0;31mE (32800) MAIN: Failed to read DS18B20[0m
[0;31mE (33800) MAIN: Failed to read DS18B20[0m
[0;31mE (34800) MAIN: Failed to read DS18B20[0m
[0;31mE (35800) MAIN: Failed to read DS18B20[0m
[0;31mE (36800) MAIN: Failed to read DS18B20[0m
[0;31mE (37800) MAIN: Failed to read DS18B20[0m
[0;31mE (38800) MAIN: Failed to read DS18B20[0m
[0;31mE (39800) MAIN: Failed to read DS18B20[0m
[0;31mE (40800) MAIN: Failed to read DS18B20[0m
[0;31mE (41800) MAIN: Failed to read DS18B20[0m
[0;31mE (42800) MAIN: Failed to read DS18B20[0m
[0;31mE (43800) MAIN: Failed to read DS18B20[0m
[0;31mE (44800) MAIN: Failed to read DS18B20[0m
[0;31mE (45800) MAIN: Failed to read DS18B20[0m
[0;31mE (46800) MAIN: Failed to read DS18B20[0m
[0;31mE (47800) MAIN: Failed to read DS18B20[0m
[0;31mE (48800) MAIN: Failed to read DS18B20[0m
[0;31mE (49800) MAIN: Failed to read DS18B20[0m
[0;31mE (50800) MAIN: Failed to read DS18B20[0m
[0;31mE (51800) MAIN: Failed to read DS18B20[0m
[0;31mE (52800) MAIN: Failed to read DS18B20[0m
[0;31mE (53800) MAIN: Failed to read DS18B20[0m
[0;31mE (54800) MAIN: Failed to read DS18B20[0m
[0;31mE (55800) MAIN: Failed to read DS18B20[0m
[0;31mE (56800) MAIN: Failed to read DS18B20[0m
[0;31mE (57800) MAIN: Failed to read DS18B20[0m
[0;31mE (58800) MAIN: Failed to read DS18B20[0m
[0;31mE (59800) MAIN: Failed to read DS18B20[0m
[0;31mE (60800) MAIN: Failed to read DS18B20[0m
[0;31mE (61800) MAIN: Failed to read DS18B20[0m
[0;31mE (62800) MAIN: Failed to read DS18B20[0m
[0;31mE (63800) MAIN: Failed to read DS18B20[0m
[0;31mE (64800) MAIN: Failed to read DS18B20[0m
[0;31mE (65800) MAIN: Failed to read DS18B20[0m
[0;31mE (66800) MAIN: Failed to read DS18B20[0m
[0;31mE (67800) MAIN: Failed to read DS18B20[0m
[0;31mE (68800) MAIN: Failed to read DS18B20[0m
[0;31mE (69800) MAIN: Failed to read DS18B20[0m
[0;31mE (70800) MAIN: Failed to read DS18B20[0m
[0;31mE (71800) MAIN: Failed to read DS18B20[0m
[0;31mE (72800) MAIN: Failed to read DS18B20[0m
[0;31mE (73800) MAIN: Failed to read DS18B20[0m
[0;31mE (74800) MAIN: Failed to read DS18B20[0m
[0;31mE (75800) MAIN: Failed to read DS18B20[0m
[0;31mE (76800) MAIN: Failed to read DS18B20[0m
[0;31mE (77799) MAIN: Failed to read DS18B20[0m
[0;31mE (78800) MAIN: Failed to read DS18B20[0m
[0;31mE (79800) MAIN: Failed to read DS18B20[0m
[0;31mE (80800) MAIN: Failed to read DS18B20[0m
[0;31mE (81800) MAIN: Failed to read DS18B20[0m
[0;31mE (82800) MAIN: Failed to read DS18B20[0m
[0;31mE (83800) MAIN: Failed to read DS18B20[0m
[0;31mE (84800) MAIN: Failed to read DS18B20[0m
[0;31mE (85800) MAIN: Failed to read DS18B20[0m
[0;31mE (86800) MAIN: Failed to read DS18B20[0m
[0;31mE (87800) MAIN: Failed to read DS18B20[0m
[0;31mE (88800) MAIN: Failed to read DS18B20[0m
[0;31mE (89800) MAIN: Failed to read DS18B20[0m
[0;31mE (90800) MAIN: Failed to read DS18B20[0m
[0;31mE (91800) MAIN: Failed to read DS18B20[0m
[0;31mE (92800) MAIN: Failed to read DS18B20[0m
[0;31mE (93800) MAIN: Failed to read DS18B20[0m
[0;31mE (94800) MAIN: Failed to read DS18B20[0m
[0;31mE (95800) MAIN: Failed to read DS18B20[0m
[0;31mE (96800) MAIN: Failed to read DS18B20[0m
[0;31mE (97800) MAIN: Failed to read DS18B20[0m
[0;31mE (98800) MAIN: Failed to read DS18B20[0m
[0;31mE (99800) MAIN: Failed to read DS18B20[0m
[0;31mE (100800) MAIN: Failed to read DS18B20[0m
[0;31mE (101800) MAIN: Failed to read DS18B20[0m
[0;31mE (102800) MAIN: Failed to read DS18B20[0m
[0;31mE (103800) MAIN: Failed to read DS18B20[0m
[0;31mE (104800) MAIN: Failed to read DS18B20[0m
[0;31mE (105800) MAIN: Failed to read DS18B20[0m
[0;31mE (106800) MAIN: Failed to read DS18B20[0m
[0;31mE (107800) MAIN: Failed to read DS18B20[0m
[0;31mE (108800) MAIN: Failed to read DS18B20[0m
[0;31mE (109800) MAIN: Failed to read DS18B20[0m
[0;31mE (110800) MAIN: Failed to read DS18B20[0m
[0;31mE (111800) MAIN: Failed to read DS18B20[0m
[0;31mE (112800) MAIN: Failed to read DS18B20[0m
[0;31mE (113800) MAIN: Failed to read DS18B20[0m
[0;31mE (114800) MAIN: Failed to read DS18B20[0m
ets Jul 29 2019 12:21:46

rst:0x1 (POWERON_RESET),boot:0x17 (SPI_FAST_FLASH_BOOT)
configsip: 0, SPIWP:0xee
clk_drv:0x00,q_drv:0x00,d_drv:0x00,cs0_drv:0x00,hd_drv:0x00,wp_drv:0x00
mode:DIO, clock div:2
load:0x3fff0030,len:7172
load:0x40078000,len:15620
load:0x40080400,len:4
ho 8 tail 4 room 4
load:0x40080404,len:3904
entry 0x40080640
[0;32mI (31) boot: ESP-IDF v5.2.5-dirty 2nd stage bootloader[0m
[0;32mI (31) boot: compile time Jun  7 2025 18:27:38[0m
[0;32mI (31) boot: Multicore bootloader[0m
[0;32mI (36) boot: chip revision: v3.1[0m
[0;32mI (40) boot.esp32: SPI Speed      : 40MHz[0m
[0;32mI (44) boot.esp32: SPI Mode       : DIO[0m
[0;32mI (49) boot.esp32: SPI Flash Size : 4MB[0m
[0;32mI (53) boot: Enabling RNG early entropy source...[0m
[0;32mI (59) boot: Partition Table:[0m
[0;32mI (62) boot: ## Label            Usage          Type ST Offset   Length[0m
[0;32mI (70) boot:  0 nvs              WiFi data        01 02 00009000 00006000[0m
[0;32mI (77) boot:  1 phy_init         RF data          01 01 0000f000 00001000[0m
[0;32mI (85) boot:  2 factory          factory app      00 00 00010000 00180000[0m
[0;32mI (92) boot: End of partition table[0m
[0;32mI (96) esp_image: segment 0: paddr=00010020 vaddr=3f400020 size=2dfa0h (188320) map[0m
[0;32mI (169) esp_image: segment 1: paddr=0003dfc8 vaddr=3ffbdb60 size=02050h (  8272) load[0m
[0;32mI (173) esp_image: segment 2: paddr=00040020 vaddr=400d0020 size=c5740h (808768) map[0m
[0;32mI (452) esp_image: segment 3: paddr=00105768 vaddr=3ffbfbb0 size=0408ch ( 16524) load[0m
[0;32mI (458) esp_image: segment 4: paddr=001097fc vaddr=40080000 size=1e1d8h (123352) load[0m
[0;32mI (522) boot: Loaded app from partition at offset 0x10000[0m
[0;32mI (522) boot: Disabling RNG early entropy source...[0m
[0;32mI (534) cpu_start: Multicore app[0m
[0;32mI (543) cpu_start: Pro cpu start user code[0m
[0;32mI (543) cpu_start: cpu freq: 160000000 Hz[0m
[0;32mI (543) cpu_start: Application information:[0m
[0;32mI (546) cpu_start: Project name:     main[0m
[0;32mI (551) cpu_start: App version:      c9125ae-dirty[0m
[0;32mI (557) cpu_start: Compile time:     Jun 11 2025 15:42:32[0m
[0;32mI (563) cpu_start: ELF file SHA256:  14bafc763...[0m
[0;32mI (568) cpu_start: ESP-IDF:          v5.2.5-dirty[0m
[0;32mI (573) cpu_start: Min chip rev:     v0.0[0m
[0;32mI (578) cpu_start: Max chip rev:     v3.99 [0m
[0;32mI (583) cpu_start: Chip rev:         v3.1[0m
[0;32mI (588) heap_init: Initializing. RAM available for dynamic allocation:[0m
[0;32mI (595) heap_init: At 3FFAFF10 len 000000F0 (0 KiB): DRAM[0m
[0;32mI (601) heap_init: At 3FFB6388 len 00001C78 (7 KiB): DRAM[0m
[0;32mI (607) heap_init: At 3FFB9A20 len 00004108 (16 KiB): DRAM[0m
[0;32mI (613) heap_init: At 3FFD4AE0 len 0000B520 (45 KiB): DRAM[0m
[0;32mI (619) heap_init: At 3FFE0440 len 00003AE0 (14 KiB): D/IRAM[0m
[0;32mI (626) heap_init: At 3FFE4350 len 0001BCB0 (111 KiB): D/IRAM[0m
[0;32mI (632) heap_init: At 4009E1D8 len 00001E28 (7 KiB): IRAM[0m
[0;32mI (640) spi_flash: detected chip: generic[0m
[0;32mI (643) spi_flash: flash io: dio[0m
[0;33mW (647) i2c: This driver is an old driver, please migrate your application code to adapt `driver/i2c_master.h`[0m
[0;32mI (658) coexist: coex firmware version: 994b23e[0m
[0;32mI (664) main_task: Started on CPU0[0m
[0;32mI (668) main_task: Calling app_main()[0m
[0;32mI (672) SD_CARD_SPI: Mounting SD card at /data[0m
[0;32mI (677) gpio: GPIO[5]| InputEn: 0| OutputEn: 1| OpenDrain: 0| Pullup: 0| Pulldown: 0| Intr:0 [0m
[0;32mI (687) sdspi_transaction: cmd=52, R1 response: command not supported[0m
[0;32mI (734) sdspi_transaction: cmd=5, R1 response: command not supported[0m
Name: 00000
Type: SDHC/SDXC
Speed: 20.00 MHz (limit: 20.00 MHz)
Size: 14910MB
CSD: ver=2, sector_size=512, capacity=30535680 read_bl_len=9
SSR: bus_width=1
[0;32mI (761) gpio: GPIO[0]| InputEn: 1| OutputEn: 0| OpenDrain: 0| Pullup: 1| Pulldown: 0| Intr:0 [0m
[0;32mI (770) gpio: GPIO[15]| InputEn: 0| OutputEn: 1| OpenDrain: 0| Pullup: 0| Pulldown: 0| Intr:0 [0m
[0;32mI (779) gpio: GPIO[22]| InputEn: 0| OutputEn: 1| OpenDrain: 0| Pullup: 0| Pulldown: 0| Intr:0 [0m
[0;32mI (793) INMP441_I2S: INMP441 I2S initialized with 16000, 32 bit, mono (left)[0m
[0;32mI (800) MPU6500: Initializating MPU6500[0m
[0;32mI (801) BMP280: Initializating BMP280[0m
[0;32mI (827) BTDM_INIT: BT controller compile version [f7360be][0m
[0;32mI (829) BTDM_INIT: Bluetooth MAC: cc:7b:5c:27:ec:d6[0m
[0;32mI (832) phy_init: phy_version 4840,02e0d70,Sep  2 2024,19:39:07[0m
[0;32mI (919) DS18B20_1_WIRE: Initializing DS18B20[0m
[0;32mI (1485) WIFI_UART: GAP event: 10[0m
[0;32mI (1492) WIFI_UART: Bluetooth ready[0m
[0;32mI (1495) main_task: Returned from app_main()[0m
[0;31mE (1800) MAIN: Failed to read DS18B20[0m
[0;31mE (2799) MAIN: Failed to read DS18B20[0m
[0;31mE (3800) MAIN: Failed to read DS18B20[0m
ets Jul 29 2019 12:21:46

rst:0x1 (POWERON_RESET),boot:0x17 (SPI_FAST_FLASH_BOOT)
configsip: 0, SPIWP:0xee
clk_drv:0x00,q_drv:0x00,d_drv:0x00,cs0_drv:0x00,hd_drv:0x00,wp_drv:0x00
mode:DIO, clock div:2
load:0x3fff0030,len:7172
load:0x40078000,len:15620
load:0x40080400,len:4
ho 8 tail 4 room 4
load:0x40080404,len:3904
entry 0x40080640
[0;32mI (31) boot: ESP-IDF v5.2.5-dirty 2nd stage bootloader[0m
[0;32mI (31) boot: compile time Jun  7 2025 18:27:38[0m
[0;32mI (31) boot: Multicore bootloader[0m
[0;32mI (36) boot: chip revision: v3.1[0m
[0;32mI (40) boot.esp32: SPI Speed      : 40MHz[0m
[0;32mI (44) boot.esp32: SPI Mode       : DIO[0m
[0;32mI (49) boot.esp32: SPI Flash Size : 4MB[0m
[0;32mI (53) boot: Enabling RNG early entropy source...[0m
[0;32mI (59) boot: Partition Table:[0m
[0;32mI (62) boot: ## Label            Usage          Type ST Offset   Length[0m
[0;32mI (70) boot:  0 nvs              WiFi data        01 02 00009000 00006000[0m
[0;32mI (77) boot:  1 phy_init         RF data          01 01 0000f000 00001000[0m
[0;32mI (85) boot:  2 factory          factory app      00 00 00010000 00180000[0m
[0;32mI (92) boot: End of partition table[0m
[0;32mI (96) esp_image: segment 0: paddr=00010020 vaddr=3f400020 size=2dfa0h (188320) map[0m
[0;32mI (169) esp_image: segment 1: paddr=0003dfc8 vaddr=3ffbdb60 size=02050h (  8272) load[0m
[0;32mI (173) esp_image: segment 2: paddr=00040020 vaddr=400d0020 size=c5740h (808768) map[0m
[0;32mI (452) esp_image: segment 3: paddr=00105768 vaddr=3ffbfbb0 size=0408ch ( 16524) load[0m
[0;32mI (458) esp_image: segment 4: paddr=001097fc vaddr=40080000 size=1e1d8h (123352) load[0m
[0;32mI (522) boot: Loaded app from partition at offset 0x10000[0m
[0;32mI (522) boot: Disabling RNG early entropy source...[0m
[0;32mI (534) cpu_start: Multicore app[0m
[0;32mI (543) cpu_start: Pro cpu start user code[0m
[0;32mI (543) cpu_start: cpu freq: 160000000 Hz[0m
[0;32mI (543) cpu_start: Application information:[0m
[0;32mI (546) cpu_start: Project name:     main[0m
[0;32mI (551) cpu_start: App version:      c9125ae-dirty[0m
[0;32mI (557) cpu_start: Compile time:     Jun 11 2025 15:42:32[0m
[0;32mI (563) cpu_start: ELF file SHA256:  14bafc763...[0m
[0;32mI (568) cpu_start: ESP-IDF:          v5.2.5-dirty[0m
[0;32mI (573) cpu_start: Min chip rev:     v0.0[0m
[0;32mI (578) cpu_start: Max chip rev:     v3.99 [0m
[0;32mI (583) cpu_start: Chip rev:         v3.1[0m
[0;32mI (588) heap_init: Initializing. RAM available for dynamic allocation:[0m
[0;32mI (595) heap_init: At 3FFAFF10 len 000000F0 (0 KiB): DRAM[0m
[0;32mI (601) heap_init: At 3FFB6388 len 00001C78 (7 KiB): DRAM[0m
[0;32mI (607) heap_init: At 3FFB9A20 len 00004108 (16 KiB): DRAM[0m
[0;32mI (613) heap_init: At 3FFD4AE0 len 0000B520 (45 KiB): DRAM[0m
[0;32mI (619) heap_init: At 3FFE0440 len 00003AE0 (14 KiB): D/IRAM[0m
[0;32mI (626) heap_init: At 3FFE4350 len 0001BCB0 (111 KiB): D/IRAM[0m
[0;32mI (632) heap_init: At 4009E1D8 len 00001E28 (7 KiB): IRAM[0m
[0;32mI (640) spi_flash: detected chip: generic[0m
[0;32mI (643) spi_flash: flash io: dio[0m
[0;33mW (647) i2c: This driver is an old driver, please migrate your application code to adapt `driver/i2c_master.h`[0m
[0;32mI (658) coexist: coex firmware version: 994b23e[0m
[0;32mI (664) main_task: Started on CPU0[0m
[0;32mI (668) main_task: Calling app_main()[0m
[0;32mI (672) SD_CARD_SPI: Mounting SD card at /data[0m
[0;32mI (677) gpio: GPIO[5]| InputEn: 0| OutputEn: 1| OpenDrain: 0| Pullup: 0| Pulldown: 0| Intr:0 [0m
[0;32mI (687) sdspi_transaction: cmd=52, R1 response: command not supported[0m
[0;32mI (734) sdspi_transaction: cmd=5, R1 response: command not supported[0m
Name: 00000
Type: SDHC/SDXC
Speed: 20.00 MHz (limit: 20.00 MHz)
Size: 14910MB
CSD: ver=2, sector_size=512, capacity=30535680 read_bl_len=9
SSR: bus_width=1
[0;32mI (761) gpio: GPIO[0]| InputEn: 1| OutputEn: 0| OpenDrain: 0| Pullup: 1| Pulldown: 0| Intr:0 [0m
[0;32mI (770) gpio: GPIO[15]| InputEn: 0| OutputEn: 1| OpenDrain: 0| Pullup: 0| Pulldown: 0| Intr:0 [0m
[0;32mI (779) gpio: GPIO[22]| InputEn: 0| OutputEn: 1| OpenDrain: 0| Pullup: 0| Pulldown: 0| Intr:0 [0m
[0;32mI (793) INMP441_I2S: INMP441 I2S initialized with 16000, 32 bit, mono (left)[0m
[0;32mI (800) MPU6500: Initializating MPU6500[0m
[0;32mI (801) BMP280: Initializating BMP280[0m
[0;32mI (827) BTDM_INIT: BT controller compile version [f7360be][0m
[0;32mI (829) BTDM_INIT: Bluetooth MAC: cc:7b:5c:27:ec:d6[0m
[0;32mI (832) phy_init: phy_version 4840,02e0d70,Sep  2 2024,19:39:07[0m
[0;32mI (918) DS18B20_1_WIRE: Initializing DS18B20[0m
[0;32mI (1504) WIFI_UART: GAP event: 10[0m
[0;32mI (1512) WIFI_UART: Bluetooth ready[0m
[0;32mI (1514) main_task: Returned from app_main()[0m
[0;31mE (1800) MAIN: Failed to read DS18B20[0m
[0;31mE (2800) MAIN: Failed to read DS18B20[0m
ets Jul 29 2019 12:21:46

rst:0x1 (POWERON_RESET),boot:0x17 (SPI_FAST_FLASH_BOOT)
configsip: 0, SPIWP:0xee
clk_drv:0x00,q_drv:0x00,d_drv:0x00,cs0_drv:0x00,hd_drv:0x00,wp_drv:0x00
mode:DIO, clock div:2
load:0x3fff0030,len:7172
load:0x40078000,len:15620
load:0x40080400,len:4
ho 8 tail 4 room 4
load:0x40080404,len:3904
entry 0x40080640
[0;32mI (31) boot: ESP-IDF v5.2.5-dirty 2nd stage bootloader[0m
[0;32mI (31) boot: compile time Jun  7 2025 18:27:38[0m
[0;32mI (31) boot: Multicore bootloader[0m
[0;32mI (36) boot: chip revision: v3.1[0m
[0;32mI (40) boot.esp32: SPI Speed      : 40MHz[0m
[0;32mI (44) boot.esp32: SPI Mode       : DIO[0m
[0;32mI (49) boot.esp32: SPI Flash Size : 4MB[0m
[0;32mI (53) boot: Enabling RNG early entropy source...[0m
[0;32mI (59) boot: Partition Table:[0m
[0;32mI (62) boot: ## Label            Usage          Type ST Offset   Length[0m
[0;32mI (70) boot:  0 nvs              WiFi data        01 02 00009000 00006000[0m
[0;32mI (77) boot:  1 phy_init         RF data          01 01 0000f000 00001000[0m
[0;32mI (85) boot:  2 factory          factory app      00 00 00010000 00180000[0m
[0;32mI (92) boot: End of partition table[0m
[0;32mI (96) esp_image: segment 0: paddr=00010020 vaddr=3f400020 size=2dfa0h (188320) map[0m
[0;32mI (169) esp_image: segment 1: paddr=0003dfc8 vaddr=3ffbdb60 size=02050h (  8272) load[0m
[0;32mI (173) esp_image: segment 2: paddr=00040020 vaddr=400d0020 size=c5740h (808768) map[0m
[0;32mI (452) esp_image: segment 3: paddr=00105768 vaddr=3ffbfbb0 size=0408ch ( 16524) load[0m
[0;32mI (458) esp_image: segment 4: paddr=001097fc vaddr=40080000 size=1e1d8h (123352) load[0m
[0;32mI (522) boot: Loaded app from partition at offset 0x10000[0m
[0;32mI (522) boot: Disabling RNG early entropy source...[0m
[0;32mI (534) cpu_start: Multicore app[0m
[0;32mI (543) cpu_start: Pro cpu start user code[0m
[0;32mI (543) cpu_start: cpu freq: 160000000 Hz[0m
[0;32mI (543) cpu_start: Application information:[0m
[0;32mI (546) cpu_start: Project name:     main[0m
[0;32mI (551) cpu_start: App version:      c9125ae-dirty[0m
[0;32mI (557) cpu_start: Compile time:     Jun 11 2025 15:42:32[0m
[0;32mI (563) cpu_start: ELF file SHA256:  14bafc763...[0m
[0;32mI (568) cpu_start: ESP-IDF:          v5.2.5-dirty[0m
[0;32mI (573) cpu_start: Min chip rev:     v0.0[0m
[0;32mI (578) cpu_start: Max chip rev:     v3.99 [0m
[0;32mI (583) cpu_start: Chip rev:         v3.1[0m
[0;32mI (588) heap_init: Initializing. RAM available for dynamic allocation:[0m
[0;32mI (595) heap_init: At 3FFAFF10 len 000000F0 (0 KiB): DRAM[0m
[0;32mI (601) heap_init: At 3FFB6388 len 00001C78 (7 KiB): DRAM[0m
[0;32mI (607) heap_init: At 3FFB9A20 len 00004108 (16 KiB): DRAM[0m
[0;32mI (613) heap_init: At 3FFD4AE0 len 0000B520 (45 KiB): DRAM[0m
[0;32mI (619) heap_init: At 3FFE0440 len 00003AE0 (14 KiB): D/IRAM[0m
[0;32mI (626) heap_init: At 3FFE4350 len 0001BCB0 (111 KiB): D/IRAM[0m
[0;32mI (632) heap_init: At 4009E1D8 len 00001E28 (7 KiB): IRAM[0m
[0;32mI (640) spi_flash: detected chip: generic[0m
[0;32mI (643) spi_flash: flash io: dio[0m
[0;33mW (647) i2c: This driver is an old driver, please migrate your application code to adapt `driver/i2c_master.h`[0m
[0;32mI (658) coexist: coex firmware version: 994b23e[0m
[0;32mI (664) main_task: Started on CPU0[0m
[0;32mI (668) main_task: Calling app_main()[0m
[0;32mI (672) SD_CARD_SPI: Mounting SD card at /data[0m
[0;32mI (677) gpio: GPIO[5]| InputEn: 0| OutputEn: 1| OpenDrain: 0| Pullup: 0| Pulldown: 0| Intr:0 [0m
[0;32mI (687) sdspi_transaction: cmd=52, R1 response: command not supported[0m
[0;32mI (734) sdspi_transaction: cmd=5, R1 response: command not supported[0m
Name: 00000
Type: SDHC/SDXC
Speed: 20.00 MHz (limit: 20.00 MHz)
Size: 14910MB
CSD: ver=2, sector_size=512, capacity=30535680 read_bl_len=9
SSR: bus_width=1
[0;32mI (761) gpio: GPIO[0]| InputEn: 1| OutputEn: 0| OpenDrain: 0| Pullup: 1| Pulldown: 0| Intr:0 [0m
[0;32mI (770) gpio: GPIO[15]| InputEn: 0| OutputEn: 1| OpenDrain: 0| Pullup: 0| Pulldown: 0| Intr:0 [0m
[0;32mI (779) gpio: GPIO[22]| InputEn: 0| OutputEn: 1| OpenDrain: 0| Pullup: 0| Pulldown: 0| Intr:0 [0m
[0;32mI (793) INMP441_I2S: INMP441 I2S initialized with 16000, 32 bit, mono (left)[0m
[0;32mI (800) MPU6500: Initializating MPU6500[0m
[0;32mI (801) BMP280: Initializating BMP280[0m
[0;32mI (827) BTDM_INIT: BT controller compile version [f7360be][0m
[0;32mI (829) BTDM_INIT: Bluetooth MAC: cc:7b:5c:27:ec:d6[0m
[0;32mI (832) phy_init: phy_version 4840,02e0d70,Sep  2 2024,19:39:07[0m
[0;32mI (919) DS18B20_1_WIRE: Initializing DS18B20[0m
[0;32mI (1481) WIFI_UART: GAP event: 10[0m
[0;32mI (1488) WIFI_UART: Bluetooth ready[0m
[0;32mI (1492) main_task: Returned from app_main()[0m
[0;31mE (1800) MAIN: Failed to read DS18B20[0m
[0;31mE (2800) MAIN: Failed to read DS18B20[0m
[0;31mE (3800) MAIN: Failed to read DS18B20[0m
ets Jul 29 2019 12:21:46

rst:0x1 (POWERON_RESET),boot:0x17 (SPI_FAST_FLASH_BOOT)
configsip: 0, SPIWP:0xee
clk_drv:0x00,q_drv:0x00,d_drv:0x00,cs0_drv:0x00,hd_drv:0x00,wp_drv:0x00
mode:DIO, clock div:2
load:0x3fff0030,len:7172
load:0x40078000,len:15620
load:0x40080400,len:4
ho 8 tail 4 room 4
load:0x40080404,len:3904
entry 0x40080640
[0;32mI (31) boot: ESP-IDF v5.2.5-dirty 2nd stage bootloader[0m
[0;32mI (31) boot: compile time Jun  7 2025 18:27:38[0m
[0;32mI (31) boot: Multicore bootloader[0m
[0;32mI (36) boot: chip revision: v3.1[0m
[0;32mI (40) boot.esp32: SPI Speed      : 40MHz[0m
[0;32mI (44) boot.esp32: SPI Mode       : DIO[0m
[0;32mI (49) boot.esp32: SPI Flash Size : 4MB[0m
[0;32mI (53) boot: Enabling RNG early entropy source...[0m
[0;32mI (59) boot: Partition Table:[0m
[0;32mI (62) boot: ## Label            Usage          Type ST Offset   Length[0m
[0;32mI (70) boot:  0 nvs              WiFi data        01 02 00009000 00006000[0m
[0;32mI (77) boot:  1 phy_init         RF data          01 01 0000f000 00001000[0m
[0;32mI (85) boot:  2 factory          factory app      00 00 00010000 00180000[0m
[0;32mI (92) boot: End of partition table[0m
[0;32mI (96) esp_image: segment 0: paddr=00010020 vaddr=3f400020 size=2dfa0h (188320) map[0m
[0;32mI (169) esp_image: segment 1: paddr=0003dfc8 vaddr=3ffbdb60 size=02050h (  8272) load[0m
[0;32mI (173) esp_image: segment 2: paddr=00040020 vaddr=400d0020 size=c5740h (808768) map[0m
[0;32mI (452) esp_image: segment 3: paddr=00105768 vaddr=3ffbfbb0 size=0408ch ( 16524) load[0m
[0;32mI (458) esp_image: segment 4: paddr=001097fc vaddr=40080000 size=1e1d8h (123352) load[0m
[0;32mI (522) boot: Loaded app from partition at offset 0x10000[0m
[0;32mI (522) boot: Disabling RNG early entropy source...[0m
[0;32mI (534) cpu_start: Multicore app[0m
[0;32mI (543) cpu_start: Pro cpu start user code[0m
[0;32mI (543) cpu_start: cpu freq: 160000000 Hz[0m
[0;32mI (543) cpu_start: Application information:[0m
[0;32mI (546) cpu_start: Project name:     main[0m
[0;32mI (551) cpu_start: App version:      c9125ae-dirty[0m
[0;32mI (557) cpu_start: Compile time:     Jun 11 2025 15:42:32[0m
[0;32mI (563) cpu_start: ELF file SHA256:  14bafc763...[0m
[0;32mI (568) cpu_start: ESP-IDF:          v5.2.5-dirty[0m
[0;32mI (573) cpu_start: Min chip rev:     v0.0[0m
[0;32mI (578) cpu_start: Max chip rev:     v3.99 [0m
[0;32mI (583) cpu_start: Chip rev:         v3.1[0m
[0;32mI (588) heap_init: Initializing. RAM available for dynamic allocation:[0m
[0;32mI (595) heap_init: At 3FFAFF10 len 000000F0 (0 KiB): DRAM[0m
[0;32mI (601) heap_init: At 3FFB6388 len 00001C78 (7 KiB): DRAM[0m
[0;32mI (607) heap_init: At 3FFB9A20 len 00004108 (16 KiB): DRAM[0m
[0;32mI (613) heap_init: At 3FFD4AE0 len 0000B520 (45 KiB): DRAM[0m
[0;32mI (619) heap_init: At 3FFE0440 len 00003AE0 (14 KiB): D/IRAM[0m
[0;32mI (626) heap_init: At 3FFE4350 len 0001BCB0 (111 KiB): D/IRAM[0m
[0;32mI (632) heap_init: At 4009E1D8 len 00001E28 (7 KiB): IRAM[0m
[0;32mI (640) spi_flash: detected chip: generic[0m
[0;32mI (643) spi_flash: flash io: dio[0m
[0;33mW (647) i2c: This driver is an old driver, please migrate your application code to adapt `driver/i2c_master.h`[0m
[0;32mI (658) coexist: coex firmware version: 994b23e[0m
[0;32mI (664) main_task: Started on CPU0[0m
[0;32mI (668) main_task: Calling app_main()[0m
[0;32mI (672) SD_CARD_SPI: Mounting SD card at /data[0m
[0;32mI (677) gpio: GPIO[5]| InputEn: 0| OutputEn: 1| OpenDrain: 0| Pullup: 0| Pulldown: 0| Intr:0 [0m
[0;32mI (687) sdspi_transaction: cmd=52, R1 response: command not supported[0m
[0;32mI (734) sdspi_transaction: cmd=5, R1 response: command not supported[0m
Name: 00000
Type: SDHC/SDXC
Speed: 20.00 MHz (limit: 20.00 MHz)
Size: 14910MB
CSD: ver=2, sector_size=512, capacity=30535680 read_bl_len=9
SSR: bus_width=1
[0;32mI (761) gpio: GPIO[0]| InputEn: 1| OutputEn: 0| OpenDrain: 0| Pullup: 1| Pulldown: 0| Intr:0 [0m
[0;32mI (770) gpio: GPIO[15]| InputEn: 0| OutputEn: 1| OpenDrain: 0| Pullup: 0| Pulldown: 0| Intr:0 [0m
[0;32mI (779) gpio: GPIO[22]| InputEn: 0| OutputEn: 1| OpenDrain: 0| Pullup: 0| Pulldown: 0| Intr:0 [0m
[0;32mI (793) INMP441_I2S: INMP441 I2S initialized with 16000, 32 bit, mono (left)[0m
[0;32mI (800) MPU6500: Initializating MPU6500[0m
[0;32mI (801) BMP280: Initializating BMP280[0m
[0;32mI (829) BTDM_INIT: BT controller compile version [f7360be][0m
[0;32mI (831) BTDM_INIT: Bluetooth MAC: cc:7b:5c:27:ec:d6[0m
[0;32mI (834) phy_init: phy_version 4840,02e0d70,Sep  2 2024,19:39:07[0m
[0;32mI (919) DS18B20_1_WIRE: Initializing DS18B20[0m
[0;32mI (919) phy_init: Saving new calibration data due to checksum failure or outdated calibration data, mode(0)[0m
[0;31mE (920) MAIN:  Failed to initialize DS18B20[0m
[0;32mI (1526) WIFI_UART: GAP event: 10[0m
[0;32mI (1533) WIFI_UART: Bluetooth ready[0m
[0;32mI (1536) main_task: Returned from app_main()[0m
ets Jul 29 2019 12:21:46

rst:0x1 (POWERON_RESET),boot:0x17 (SPI_FAST_FLASH_BOOT)
configsip: 0, SPIWP:0xee
clk_drv:0x00,q_drv:0x00,d_drv:0x00,cs0_drv:0x00,hd_drv:0x00,wp_drv:0x00
mode:DIO, clock div:2
load:0x3fff0030,len:7172
load:0x40078000,len:15620
load:0x40080400,len:4
ho 8 tail 4 room 4
load:0x40080404,len:3904
entry 0x40080640
[0;32mI (31) boot: ESP-IDF v5.2.5-dirty 2nd stage bootloader[0m
[0;32mI (31) boot: compile time Jun  7 2025 18:27:38[0m
[0;32mI (31) boot: Multicore bootloader[0m
[0;32mI (36) boot: chip revision: v3.1[0m
[0;32mI (40) boot.esp32: SPI Speed      : 40MHz[0m
[0;32mI (44) boot.esp32: SPI Mode       : DIO[0m
[0;32mI (49) boot.esp32: SPI Flash Size : 4MB[0m
[0;32mI (53) boot: Enabling RNG early entropy source...[0m
[0;32mI (59) boot: Partition Table:[0m
[0;32mI (62) boot: ## Label            Usage          Type ST Offset   Length[0m
[0;32mI (70) boot:  0 nvs              WiFi data        01 02 00009000 00006000[0m
[0;32mI (77) boot:  1 phy_init         RF data          01 01 0000f000 00001000[0m
[0;32mI (85) boot:  2 factory          factory app      00 00 00010000 00180000[0m
[0;32mI (92) boot: End of partition table[0m
[0;32mI (96) esp_image: segment 0: paddr=00010020 vaddr=3f400020 size=2dfa0h (188320) map[0m
[0;32mI (169) esp_image: segment 1: paddr=0003dfc8 vaddr=3ffbdb60 size=02050h (  8272) load[0m
[0;32mI (173) esp_image: segment 2: paddr=00040020 vaddr=400d0020 size=c5740h (808768) map[0m
[0;32mI (452) esp_image: segment 3: paddr=00105768 vaddr=3ffbfbb0 size=0408ch ( 16524) load[0m
[0;32mI (458) esp_image: segment 4: paddr=001097fc vaddr=40080000 size=1e1d8h (123352) load[0m
[0;32mI (522) boot: Loaded app from partition at offset 0x10000[0m
[0;32mI (522) boot: Disabling RNG early entropy source...[0m
[0;32mI (534) cpu_start: Multicore app[0m
[0;32mI (543) cpu_start: Pro cpu start user code[0m
[0;32mI (543) cpu_start: cpu freq: 160000000 Hz[0m
[0;32mI (543) cpu_start: Application information:[0m
[0;32mI (546) cpu_start: Project name:     main[0m
[0;32mI (551) cpu_start: App version:      c9125ae-dirty[0m
[0;32mI (557) cpu_start: Compile time:     Jun 11 2025 15:42:32[0m
[0;32mI (563) cpu_start: ELF file SHA256:  14bafc763...[0m
[0;32mI (568) cpu_start: ESP-IDF:          v5.2.5-dirty[0m
[0;32mI (573) cpu_start: Min chip rev:     v0.0[0m
[0;32mI (578) cpu_start: Max chip rev:     v3.99 [0m
[0;32mI (583) cpu_start: Chip rev:         v3.1[0m
[0;32mI (588) heap_init: Initializing. RAM available for dynamic allocation:[0m
[0;32mI (595) heap_init: At 3FFAFF10 len 000000F0 (0 KiB): DRAM[0m
[0;32mI (601) heap_init: At 3FFB6388 len 00001C78 (7 KiB): DRAM[0m
[0;32mI (607) heap_init: At 3FFB9A20 len 00004108 (16 KiB): DRAM[0m
[0;32mI (613) heap_init: At 3FFD4AE0 len 0000B520 (45 KiB): DRAM[0m
[0;32mI (619) heap_init: At 3FFE0440 len 00003AE0 (14 KiB): D/IRAM[0m
[0;32mI (626) heap_init: At 3FFE4350 len 0001BCB0 (111 KiB): D/IRAM[0m
[0;32mI (632) heap_init: At 4009E1D8 len 00001E28 (7 KiB): IRAM[0m
[0;32mI (640) spi_flash: detected chip: generic[0m
[0;32mI (643) spi_flash: flash io: dio[0m
[0;33mW (647) i2c: This driver is an old driver, please migrate your application code to adapt `driver/i2c_master.h`[0m
[0;32mI (658) coexist: coex firmware version: 994b23e[0m
[0;32mI (664) main_task: Started on CPU0[0m
[0;32mI (668) main_task: Calling app_main()[0m
[0;32mI (672) SD_CARD_SPI: Mounting SD card at /data[0m
[0;32mI (677) gpio: GPIO[5]| InputEn: 0| OutputEn: 1| OpenDrain: 0| Pullup: 0| Pulldown: 0| Intr:0 [0m
[0;32mI (687) sdspi_transaction: cmd=52, R1 response: command not supported[0m
[0;32mI (734) sdspi_transaction: cmd=5, R1 response: command not supported[0m
Name: 00000
Type: SDHC/SDXC
Speed: 20.00 MHz (limit: 20.00 MHz)
Size: 14910MB
CSD: ver=2, sector_size=512, capacity=30535680 read_bl_len=9
SSR: bus_width=1
[0;32mI (761) gpio: GPIO[0]| InputEn: 1| OutputEn: 0| OpenDrain: 0| Pullup: 1| Pulldown: 0| Intr:0 [0m
[0;32mI (770) gpio: GPIO[15]| InputEn: 0| OutputEn: 1| OpenDrain: 0| Pullup: 0| Pulldown: 0| Intr:0 [0m
[0;32mI (779) gpio: GPIO[22]| InputEn: 0| OutputEn: 1| OpenDrain: 0| Pullup: 0| Pulldown: 0| Intr:0 [0m
[0;32mI (793) INMP441_I2S: INMP441 I2S initialized with 16000, 32 bit, mono (left)[0m
[0;32mI (800) MPU6500: Initializating MPU6500[0m
[0;32mI (801) BMP280: Initializating BMP280[0m
[0;32mI (828) BTDM_INIT: BT controller compile version [f7360be][0m
[0;32mI (831) BTDM_INIT: Bluetooth MAC: cc:7b:5c:27:ec:d6[0m
[0;32mI (834) phy_init: phy_version 4840,02e0d70,Sep  2 2024,19:39:07[0m
[0;32mI (919) DS18B20_1_WIRE: Initializing DS18B20[0m
[0;32mI (1483) WIFI_UART: GAP event: 10[0m
[0;32mI (1490) WIFI_UART: Bluetooth ready[0m
[0;32mI (1493) main_task: Returned from app_main()[0m
[0;31mE (1800) MAIN: Failed to read DS18B20[0m
[0;31mE (2800) MAIN: Failed to read DS18B20[0m
[0;31mE (3800) MAIN: Failed to read DS18B20[0m
[0;31mE (4800) MAIN: Failed to read DS18B20[0m
ï¿½ï¿½ï¿½ï¿½ï¿½ï¿½ï¿½ï¿½ï¿½ï¿½ï¿½ï¿½ï¿½ï¿½ï¿½ï¿½ï¿½ï¿½ï¿½ï¿½ï¿½ï¿½ï¿½ï¿½ï¿½ï¿½ï¿½ï¿½ï¿½ï¿½ï¿½ï¿½ï¿½ï¿½ï¿½ï¿½ï¿½ï¿½ï¿½ï¿½ï¿½ï¿½ï¿½ï¿½ï¿½ï¿½ï¿½ï¿½ï¿½ï¿½ï¿½ï¿½ï¿½ï¿½ï¿½ï¿½ï¿½ï¿½ï¿½ï¿½ï¿½ï¿½ï¿½ï¿½s Jul 29 2019 12:21:46

rst:0x1 (POWERON_RESET),boot:0x17 (SPI_FAST_FLASH_BOOT)
configsip: 0, SPIWP:0xee
clk_drv:0x00,q_drv:0x00,d_drv:0x00,cs0_drv:0x00,hd_drv:0x00,wp_drv:0x00
mode:DIO, clock div:2
load:0x3fff0030,len:7172
load:0x40078000,len:15620
load:0x40080400,len:4
ho 8 tail 4 room 4
load:0x40080404,len:3904
entry 0x40080640
[0;32mI (31) boot: ESP-IDF v5.2.5-dirty 2nd stage bootloader[0m
[0;32mI (31) boot: compile time Jun  7 2025 18:27:38[0m
[0;32mI (31) boot: Multicore bootloader[0m
[0;32mI (36) boot: chip revision: v3.1[0m
[0;32mI (40) boot.esp32: SPI Speed      : 40MHz[0m
[0;32mI (44) boot.esp32: SPI Mode       : DIO[0m
[0;32mI (49) boot.esp32: SPI Flash Size : 4MB[0m
[0;32mI (53) boot: Enabling RNG early entropy source...[0m
[0;32mI (59) boot: Partition Table:[0m
[0;32mI (62) boot: ## Label            Usage          Type ST Offset   Length[0m
[0;32mI (70) boot:  0 nvs              WiFi data        01 02 00009000 00006000[0m
[0;32mI (77) boot:  1 phy_init         RF data          01 01 0000f000 00001000[0m
[0;32mI (85) boot:  2 factory          factory app      00 00 00010000 00180000[0m
[0;32mI (92) boot: End of partition table[0m
[0;32mI (96) esp_image: segment 0: paddr=00010020 vaddr=3f400020 size=2dfa0h (188320) map[0m
[0;32mI (169) esp_image: segment 1: paddr=0003dfc8 vaddr=3ffbdb60 size=02050h (  8272) load[0m
[0;32mI (173) esp_image: segment 2: paddr=00040020 vaddr=400d0020 size=c5740h (808768) map[0m
[0;32mI (452) esp_image: segment 3: paddr=00105768 vaddr=3ffbfbb0 size=0408ch ( 16524) load[0m
[0;32mI (458) esp_image: segment 4: paddr=001097fc vaddr=40080000 size=1e1d8h (123352) load[0m
[0;32mI (522) boot: Loaded app from partition at offset 0x10000[0m
[0;32mI (522) boot: Disabling RNG early entropy source...[0m
[0;32mI (534) cpu_start: Multicore app[0m
[0;32mI (543) cpu_start: Pro cpu start user code[0m
[0;32mI (543) cpu_start: cpu freq: 160000000 Hz[0m
[0;32mI (543) cpu_start: Application information:[0m
[0;32mI (546) cpu_start: Project name:     main[0m
[0;32mI (551) cpu_start: App version:      c9125ae-dirty[0m
[0;32mI (557) cpu_start: Compile time:     Jun 11 2025 15:42:32[0m
[0;32mI (563) cpu_start: ELF file SHA256:  14bafc763...[0m
[0;32mI (568) cpu_start: ESP-IDF:          v5.2.5-dirty[0m
[0;32mI (573) cpu_start: Min chip rev:     v0.0[0m
[0;32mI (578) cpu_start: Max chip rev:     v3.99 [0m
[0;32mI (583) cpu_start: Chip rev:         v3.1[0m
[0;32mI (588) heap_init: Initializing. RAM available for dynamic allocation:[0m
[0;32mI (595) heap_init: At 3FFAFF10 len 000000F0 (0 KiB): DRAM[0m
[0;32mI (601) heap_init: At 3FFB6388 len 00001C78 (7 KiB): DRAM[0m
[0;32mI (607) heap_init: At 3FFB9A20 len 00004108 (16 KiB): DRAM[0m
[0;32mI (613) heap_init: At 3FFD4AE0 len 0000B520 (45 KiB): DRAM[0m
[0;32mI (619) heap_init: At 3FFE0440 len 00003AE0 (14 KiB): D/IRAM[0m
[0;32mI (626) heap_init: At 3FFE4350 len 0001BCB0 (111 KiB): D/IRAM[0m
[0;32mI (632) heap_init: At 4009E1D8 len 00001E28 (7 KiB): IRAM[0m
[0;32mI (640) spi_flash: detected chip: generic[0m
[0;32mI (643) spi_flash: flash io: dio[0m
[0;33mW (647) i2c: This driver is an old driver, please migrate your application code to adapt `driver/i2c_master.h`[0m
[0;32mI (658) coexist: coex firmware version: 994b23e[0m
[0;32mI (664) main_task: Started on CPU0[0m
[0;32mI (668) main_task: Calling app_main()[0m
[0;32mI (672) SD_CARD_SPI: Mounting SD card at /data[0m
[0;32mI (677) gpio: GPIO[5]| InputEn: 0| OutputEn: 1| OpenDrain: 0| Pullup: 0| Pulldown: 0| Intr:0 [0m
[0;32mI (687) sdspi_transaction: cmd=52, R1 response: command not supported[0m
[0;32mI (734) sdspi_transaction: cmd=5, R1 response: command not supported[0m
Name: 00000
Type: SDHC/SDXC
Speed: 20.00 MHz (limit: 20.00 MHz)
Size: 14910MB
CSD: ver=2, sector_size=512, capacity=30535680 read_bl_len=9
SSR: bus_width=1
[0;32mI (761) gpio: GPIO[0]| InputEn: 1| OutputEn: 0| OpenDrain: 0| Pullup: 1| Pulldown: 0| Intr:0 [0m
[0;32mI (770) gpio: GPIO[15]| InputEn: 0| OutputEn: 1| OpenDrain: 0| Pullup: 0| Pulldown: 0| Intr:0 [0m
[0;32mI (779) gpio: GPIO[22]| InputEn: 0| OutputEn: 1| OpenDrain: 0| Pullup: 0| Pulldown: 0| Intr:0 [0m
[0;32mI (793) INMP441_I2S: INMP441 I2S initialized with 16000, 32 bit, mono (left)[0m
[0;32mI (800) MPU6500: Initializating MPU6500[0m
[0;32mI (801) BMP280: Initializating BMP280[0m
[0;32mI (828) BTDM_INIT: BT controller compile version [f7360be][0m
[0;32mI (831) BTDM_INIT: Bluetooth MAC: cc:7b:5c:27:ec:d6[0m
[0;32mI (834) phy_init: phy_version 4840,02e0d70,Sep  2 2024,19:39:07[0m
[0;32mI (919) DS18B20_1_WIRE: Initializing DS18B20[0m
[0;31mE (920) MAIN:  Failed to initialize DS18B20[0m
[0;32mI (1495) WIFI_UART: GAP event: 10[0m
[0;32mI (1502) WIFI_UART: Bluetooth ready[0m
[0;32mI (1502) main_task: Returned from app_main()[0m
ets Jul 29 2019 12:21:46

rst:0x1 (POWERON_RESET),boot:0x17 (SPI_FAST_FLASH_BOOT)
configsip: 0, SPIWP:0xee
clk_drv:0x00,q_drv:0x00,d_drv:0x00,cs0_drv:0x00,hd_drv:0x00,wp_drv:0x00
mode:DIO, clock div:2
load:0x3fff0030,len:7172
load:0x40078000,len:15620
load:0x40080400,len:4
ho 8 tail 4 room 4
load:0x40080404,len:3904
entry 0x40080640
[0;32mI (31) boot: ESP-IDF v5.2.5-dirty 2nd stage bootloader[0m
[0;32mI (31) boot: compile time Jun  7 2025 18:27:38[0m
[0;32mI (31) boot: Multicore bootloader[0m
[0;32mI (36) boot: chip revision: v3.1[0m
[0;32mI (40) boot.esp32: SPI Speed      : 40MHz[0m
[0;32mI (44) boot.esp32: SPI Mode       : DIO[0m
[0;32mI (49) boot.esp32: SPI Flash Size : 4MB[0m
[0;32mI (53) boot: Enabling RNG early entropy source...[0m
[0;32mI (59) boot: Partition Table:[0m
[0;32mI (62) boot: ## Label            Usage          Type ST Offset   Length[0m
[0;32mI (70) boot:  0 nvs              WiFi data        01 02 00009000 00006000[0m
[0;32mI (77) boot:  1 phy_init         RF data          01 01 0000f000 00001000[0m
[0;32mI (85) boot:  2 factory          factory app      00 00 00010000 00180000[0m
[0;32mI (92) boot: End of partition table[0m
[0;32mI (96) esp_image: segment 0: paddr=00010020 vaddr=3f400020 size=2dfa0h (188320) map[0m
[0;32mI (169) esp_image: segment 1: paddr=0003dfc8 vaddr=3ffbdb60 size=02050h (  8272) load[0m
[0;32mI (173) esp_image: segment 2: paddr=00040020 vaddr=400d0020 size=c5740h (808768) map[0m
[0;32mI (452) esp_image: segment 3: paddr=00105768 vaddr=3ffbfbb0 size=0408ch ( 16524) load[0m
[0;32mI (458) esp_image: segment 4: paddr=001097fc vaddr=40080000 size=1e1d8h (123352) load[0m
[0;32mI (522) boot: Loaded app from partition at offset 0x10000[0m
[0;32mI (522) boot: Disabling RNG early entropy source...[0m
[0;32mI (534) cpu_start: Multicore app[0m
[0;32mI (543) cpu_start: Pro cpu start user code[0m
[0;32mI (543) cpu_start: cpu freq: 160000000 Hz[0m
[0;32mI (543) cpu_start: Application information:[0m
[0;32mI (546) cpu_start: Project name:     main[0m
[0;32mI (551) cpu_start: App version:      c9125ae-dirty[0m
[0;32mI (557) cpu_start: Compile time:     Jun 11 2025 15:42:32[0m
[0;32mI (563) cpu_start: ELF file SHA256:  14bafc763...[0m
[0;32mI (568) cpu_start: ESP-IDF:          v5.2.5-dirty[0m
[0;32mI (573) cpu_start: Min chip rev:     v0.0[0m
[0;32mI (578) cpu_start: Max chip rev:     v3.99 [0m
[0;32mI (583) cpu_start: Chip rev:         v3.1[0m
[0;32mI (588) heap_init: Initializing. RAM available for dynamic allocation:[0m
[0;32mI (595) heap_init: At 3FFAFF10 len 000000F0 (0 KiB): DRAM[0m
[0;32mI (601) heap_init: At 3FFB6388 len 00001C78 (7 KiB): DRAM[0m
[0;32mI (607) heap_init: At 3FFB9A20 len 00004108 (16 KiB): DRAM[0m
[0;32mI (613) heap_init: At 3FFD4AE0 len 0000B520 (45 KiB): DRAM[0m
[0;32mI (619) heap_init: At 3FFE0440 len 00003AE0 (14 KiB): D/IRAM[0m
[0;32mI (626) heap_init: At 3FFE4350 len 0001BCB0 (111 KiB): D/IRAM[0m
[0;32mI (632) heap_init: At 4009E1D8 len 00001E28 (7 KiB): IRAM[0m
[0;32mI (640) spi_flash: detected chip: generic[0m
[0;32mI (643) spi_flash: flash io: dio[0m
[0;33mW (647) i2c: This driver is an old driver, please migrate your application code to adapt `driver/i2c_master.h`[0m
[0;32mI (658) coexist: coex firmware version: 994b23e[0m
[0;32mI (664) main_task: Started on CPU0[0m
[0;32mI (668) main_task: Calling app_main()[0m
[0;32mI (672) SD_CARD_SPI: Mounting SD card at /data[0m
[0;32mI (677) gpio: GPIO[5]| InputEn: 0| OutputEn: 1| OpenDrain: 0| Pullup: 0| Pulldown: 0| Intr:0 [0m
[0;32mI (687) sdspi_transaction: cmd=52, R1 response: command not supported[0m
[0;32mI (734) sdspi_transaction: cmd=5, R1 response: command not supported[0m
Name: 00000
Type: SDHC/SDXC
Speed: 20.00 MHz (limit: 20.00 MHz)
Size: 14910MB
CSD: ver=2, sector_size=512, capacity=30535680 read_bl_len=9
SSR: bus_width=1
[0;32mI (761) gpio: GPIO[0]| InputEn: 1| OutputEn: 0| OpenDrain: 0| Pullup: 1| Pulldown: 0| Intr:0 [0m
[0;32mI (770) gpio: GPIO[15]| InputEn: 0| OutputEn: 1| OpenDrain: 0| Pullup: 0| Pulldown: 0| Intr:0 [0m
[0;32mI (779) gpio: GPIO[22]| InputEn: 0| OutputEn: 1| OpenDrain: 0| Pullup: 0| Pulldown: 0| Intr:0 [0m
[0;32mI (793) INMP441_I2S: INMP441 I2S initialized with 16000, 32 bit, mono (left)[0m
[0;32mI (800) MPU6500: Initializating MPU6500[0m
[0;32mI (801) BMP280: Initializating BMP280[0m
[0;32mI (828) BTDM_INIT: BT controller compile version [f7360be][0m
[0;32mI (831) BTDM_INIT: Bluetooth MAC: cc:7b:5c:27:ec:d6[0m
[0;32mI (834) phy_init: phy_version 4840,02e0d70,Sep  2 2024,19:39:07[0m
[0;32mI (919) DS18B20_1_WIRE: Initializing DS18B20[0m
[0;31mE (920) MAIN:  Failed to initialize DS18B20[0m
[0;32mI (1504) WIFI_UART: GAP event: 10[0m
[0;32mI (1511) WIFI_UART: Bluetooth ready[0m
[0;32mI (1513) main_task: Returned from app_main()[0m
ets Jul 29 2019 12:21:46

rst:0x1 (POWERON_RESET),boot:0x17 (SPI_FAST_FLASH_BOOT)
configsip: 0, SPIWP:0xee
clk_drv:0x00,q_drv:0x00,d_drv:0x00,cs0_drv:0x00,hd_drv:0x00,wp_drv:0x00
mode:DIO, clock div:2
load:0x3fff0030,len:7172
load:0x40078000,len:15620
load:0x40080400,len:4
ho 8 tail 4 room 4
load:0x40080404,len:3904
entry 0x40080640
[0;32mI (31) boot: ESP-IDF v5.2.5-dirty 2nd stage bootloader[0m
[0;32mI (31) boot: compile time Jun  7 2025 18:27:38[0m
[0;32mI (31) boot: Multicore bootloader[0m
[0;32mI (36) boot: chip revision: v3.1[0m
[0;32mI (40) boot.esp32: SPI Speed      : 40MHz[0m
[0;32mI (44) boot.esp32: SPI Mode       : DIO[0m
[0;32mI (49) boot.esp32: SPI Flash Size : 4MB[0m
[0;32mI (53) boot: Enabling RNG early entropy source...[0m
[0;32mI (59) boot: Partition Table:[0m
[0;32mI (62) boot: ## Label            Usage          Type ST Offset   Length[0m
[0;32mI (70) boot:  0 nvs              WiFi data        01 02 00009000 00006000[0m
[0;32mI (77) boot:  1 phy_init         RF data          01 01 0000f000 00001000[0m
[0;32mI (85) boot:  2 factory          factory app      00 00 00010000 00180000[0m
[0;32mI (92) boot: End of partition table[0m
[0;32mI (96) esp_image: segment 0: paddr=00010020 vaddr=3f400020 size=2dfa0h (188320) map[0m
[0;32mI (169) esp_image: segment 1: paddr=0003dfc8 vaddr=3ffbdb60 size=02050h (  8272) load[0m
[0;32mI (173) esp_image: segment 2: paddr=00040020 vaddr=400d0020 size=c5740h (808768) map[0m
[0;32mI (452) esp_image: segment 3: paddr=00105768 vaddr=3ffbfbb0 size=0408ch ( 16524) load[0m
[0;32mI (458) esp_image: segment 4: paddr=001097fc vaddr=40080000 size=1e1d8h (123352) load[0m
[0;32mI (522) boot: Loaded app from partition at offset 0x10000[0m
[0;32mI (522) boot: Disabling RNG early entropy source...[0m
[0;32mI (534) cpu_start: Multicore app[0m
[0;32mI (543) cpu_start: Pro cpu start user code[0m
[0;32mI (543) cpu_start: cpu freq: 160000000 Hz[0m
[0;32mI (543) cpu_start: Application information:[0m
[0;32mI (546) cpu_start: Project name:     main[0m
[0;32mI (551) cpu_start: App version:      c9125ae-dirty[0m
[0;32mI (557) cpu_start: Compile time:     Jun 11 2025 15:42:32[0m
[0;32mI (563) cpu_start: ELF file SHA256:  14bafc763...[0m
[0;32mI (568) cpu_start: ESP-IDF:          v5.2.5-dirty[0m
[0;32mI (573) cpu_start: Min chip rev:     v0.0[0m
[0;32mI (578) cpu_start: Max chip rev:     v3.99 [0m
[0;32mI (583) cpu_start: Chip rev:         v3.1[0m
[0;32mI (588) heap_init: Initializing. RAM available for dynamic allocation:[0m
[0;32mI (595) heap_init: At 3FFAFF10 len 000000F0 (0 KiB): DRAM[0m
[0;32mI (601) heap_init: At 3FFB6388 len 00001C78 (7 KiB): DRAM[0m
[0;32mI (607) heap_init: At 3FFB9A20 len 00004108 (16 KiB): DRAM[0m
[0;32mI (613) heap_init: At 3FFD4AE0 len 0000B520 (45 KiB): DRAM[0m
[0;32mI (619) heap_init: At 3FFE0440 len 00003AE0 (14 KiB): D/IRAM[0m
[0;32mI (626) heap_init: At 3FFE4350 len 0001BCB0 (111 KiB): D/IRAM[0m
[0;32mI (632) heap_init: At 4009E1D8 len 00001E28 (7 KiB): IRAM[0m
[0;32mI (640) spi_flash: detected chip: generic[0m
[0;32mI (643) spi_flash: flash io: dio[0m
[0;33mW (647) i2c: This driver is an old driver, please migrate your application code to adapt `driver/i2c_master.h`[0m
[0;32mI (658) coexist: coex firmware version: 994b23e[0m
[0;32mI (664) main_task: Started on CPU0[0m
[0;32mI (668) main_task: Calling app_main()[0m
[0;32mI (672) SD_CARD_SPI: Mounting SD card at /data[0m
[0;32mI (677) gpio: GPIO[5]| InputEn: 0| OutputEn: 1| OpenDrain: 0| Pullup: 0| Pulldown: 0| Intr:0 [0m
[0;32mI (687) sdspi_transaction: cmd=52, R1 response: command not supported[0m
[0;32mI (734) sdspi_transaction: cmd=5, R1 response: command not supported[0m
Name: 00000
Type: SDHC/SDXC
Speed: 20.00 MHz (limit: 20.00 MHz)
Size: 14910MB
CSD: ver=2, sector_size=512, capacity=30535680 read_bl_len=9
SSR: bus_width=1
[0;32mI (761) gpio: GPIO[0]| InputEn: 1| OutputEn: 0| OpenDrain: 0| Pullup: 1| Pulldown: 0| Intr:0 [0m
[0;32mI (770) gpio: GPIO[15]| InputEn: 0| OutputEn: 1| OpenDrain: 0| Pullup: 0| Pulldown: 0| Intr:0 [0m
[0;32mI (779) gpio: GPIO[22]| InputEn: 0| OutputEn: 1| OpenDrain: 0| Pullup: 0| Pulldown: 0| Intr:0 [0m
[0;32mI (793) INMP441_I2S: INMP441 I2S initialized with 16000, 32 bit, mono (left)[0m
[0;32mI (800) MPU6500: Initializating MPU6500[0m
[0;32mI (801) BMP280: Initializating BMP280[0m
[0;32mI (828) BTDM_INIT: BT controller compile version [f7360be][0m
[0;32mI (831) BTDM_INIT: Bluetooth MAC: cc:7b:5c:27:ec:d6[0m
[0;32mI (834) phy_init: phy_version 4840,02e0d70,Sep  2 2024,19:39:07[0m
[0;32mI (919) DS18B20_1_WIRE: Initializing DS18B20[0m
[0;31mE (920) MAIN:  Failed to initialize DS18B20[0m
[0;32mI (1491) WIFI_UART: GAP event: 10[0m
[0;32mI (1498) WIFI_UART: Bluetooth ready[0m
[0;32mI (1500) main_task: Returned from app_main()[0m
ets Jul 29 2019 12:21:46

rst:0x1 (POWERON_RESET),boot:0x17 (SPI_FAST_FLASH_BOOT)
configsip: 0, SPIWP:0xee
clk_drv:0x00,q_drv:0x00,d_drv:0x00,cs0_drv:0x00,hd_drv:0x00,wp_drv:0x00
mode:DIO, clock div:2
load:0x3fff0030,len:7172
load:0x40078000,len:15620
load:0x40080400,len:4
ho 8 tail 4 room 4
load:0x40080404,len:3904
entry 0x40080640
[0;32mI (31) boot: ESP-IDF v5.2.5-dirty 2nd stage bootloader[0m
[0;32mI (31) boot: compile time Jun  7 2025 18:27:38[0m
[0;32mI (31) boot: Multicore bootloader[0m
[0;32mI (36) boot: chip revision: v3.1[0m
[0;32mI (40) boot.esp32: SPI Speed      : 40MHz[0m
[0;32mI (44) boot.esp32: SPI Mode       : DIO[0m
[0;32mI (49) boot.esp32: SPI Flash Size : 4MB[0m
[0;32mI (53) boot: Enabling RNG early entropy source...[0m
[0;32mI (59) boot: Partition Table:[0m
[0;32mI (62) boot: ## Label            Usage          Type ST Offset   Length[0m
[0;32mI (70) boot:  0 nvs              WiFi data        01 02 00009000 00006000[0m
[0;32mI (77) boot:  1 phy_init         RF data          01 01 0000f000 00001000[0m
[0;32mI (85) boot:  2 factory          factory app      00 00 00010000 00180000[0m
[0;32mI (92) boot: End of partition table[0m
[0;32mI (96) esp_image: segment 0: paddr=00010020 vaddr=3f400020 size=2dfa0h (188320) map[0m
[0;32mI (169) esp_image: segment 1: paddr=0003dfc8 vaddr=3ffbdb60 size=02050h (  8272) load[0m
[0;32mI (173) esp_image: segment 2: paddr=00040020 vaddr=400d0020 size=c5740h (808768) map[0m
[0;32mI (452) esp_image: segment 3: paddr=00105768 vaddr=3ffbfbb0 size=0408ch ( 16524) load[0m
[0;32mI (458) esp_image: segment 4: paddr=001097fc vaddr=40080000 size=1e1d8h (123352) load[0m
[0;32mI (522) boot: Loaded app from partition at offset 0x10000[0m
[0;32mI (522) boot: Disabling RNG early entropy source...[0m
[0;32mI (534) cpu_start: Multicore app[0m
[0;32mI (543) cpu_start: Pro cpu start user code[0m
[0;32mI (543) cpu_start: cpu freq: 160000000 Hz[0m
[0;32mI (543) cpu_start: Application information:[0m
[0;32mI (546) cpu_start: Project name:     main[0m
[0;32mI (551) cpu_start: App version:      c9125ae-dirty[0m
[0;32mI (557) cpu_start: Compile time:     Jun 11 2025 15:42:32[0m
[0;32mI (563) cpu_start: ELF file SHA256:  14bafc763...[0m
[0;32mI (568) cpu_start: ESP-IDF:          v5.2.5-dirty[0m
[0;32mI (573) cpu_start: Min chip rev:     v0.0[0m
[0;32mI (578) cpu_start: Max chip rev:     v3.99 [0m
[0;32mI (583) cpu_start: Chip rev:         v3.1[0m
[0;32mI (588) heap_init: Initializing. RAM available for dynamic allocation:[0m
[0;32mI (595) heap_init: At 3FFAFF10 len 000000F0 (0 KiB): DRAM[0m
[0;32mI (601) heap_init: At 3FFB6388 len 00001C78 (7 KiB): DRAM[0m
[0;32mI (607) heap_init: At 3FFB9A20 len 00004108 (16 KiB): DRAM[0m
[0;32mI (613) heap_init: At 3FFD4AE0 len 0000B520 (45 KiB): DRAM[0m
[0;32mI (619) heap_init: At 3FFE0440 len 00003AE0 (14 KiB): D/IRAM[0m
[0;32mI (626) heap_init: At 3FFE4350 len 0001BCB0 (111 KiB): D/IRAM[0m
[0;32mI (632) heap_init: At 4009E1D8 len 00001E28 (7 KiB): IRAM[0m
[0;32mI (640) spi_flash: detected chip: generic[0m
[0;32mI (643) spi_flash: flash io: dio[0m
[0;33mW (647) i2c: This driver is an old driver, please migrate your application code to adapt `driver/i2c_master.h`[0m
[0;32mI (658) coexist: coex firmware version: 994b23e[0m
[0;32mI (664) main_task: Started on CPU0[0m
[0;32mI (668) main_task: Calling app_main()[0m
[0;32mI (672) SD_CARD_SPI: Mounting SD card at /data[0m
[0;32mI (677) gpio: GPIO[5]| InputEn: 0| OutputEn: 1| OpenDrain: 0| Pullup: 0| Pulldown: 0| Intr:0 [0m
[0;32mI (687) sdspi_transaction: cmd=52, R1 response: command not supported[0m
[0;32mI (734) sdspi_transaction: cmd=5, R1 response: command not supported[0m
Name: 00000
Type: SDHC/SDXC
Speed: 20.00 MHz (limit: 20.00 MHz)
Size: 14910MB
CSD: ver=2, sector_size=512, capacity=30535680 read_bl_len=9
SSR: bus_width=1
[0;32mI (761) gpio: GPIO[0]| InputEn: 1| OutputEn: 0| OpenDrain: 0| Pullup: 1| Pulldown: 0| Intr:0 [0m
[0;32mI (770) gpio: GPIO[15]| InputEn: 0| OutputEn: 1| OpenDrain: 0| Pullup: 0| Pulldown: 0| Intr:0 [0m
[0;32mI (779) gpio: GPIO[22]| InputEn: 0| OutputEn: 1| OpenDrain: 0| Pullup: 0| Pulldown: 0| Intr:0 [0m
[0;32mI (793) INMP441_I2S: INMP441 I2S initialized with 16000, 32 bit, mono (left)[0m
[0;32mI (800) MPU6500: Initializating MPU6500[0m
[0;32mI (801) BMP280: Initializating BMP280[0m
[0;32mI (828) BTDM_INIT: BT controller compile version [f7360be][0m
[0;32mI (831) BTDM_INIT: Bluetooth MAC: cc:7b:5c:27:ec:d6[0m
[0;32mI (834) phy_init: phy_version 4840,02e0d70,Sep  2 2024,19:39:07[0m
[0;32mI (919) DS18B20_1_WIRE: Initializing DS18B20[0m
[0;32mI (1488) WIFI_UART: GAP event: 10[0m
[0;32mI (1495) WIFI_UART: Bluetooth ready[0m
[0;32mI (1498) main_task: Returned from app_main()[0m
[0;31mE (1800) MAIN: Failed to read DS18B20[0m
[0;31mE (2794) MAIN: Failed to read DS18B20[0m
[0;31mE (3800) MAIN: Failed to read DS18B20[0m
[0;31mE (4800) MAIN: Failed to read DS18B20[0m
[0;31mE (5800) MAIN: Failed to read DS18B20[0m
[0;31mE (6800) MAIN: Failed to read DS18B20[0m
[0;31mE (7800) MAIN: Failed to read DS18B20[0m
[0;31mE (8800) MAIN: Failed to read DS18B20[0m
[0;31mE (9800) MAIN: Failed to read DS18B20[0m
[0;31mE (10800) MAIN: Failed to read DS18B20[0m
[0;31mE (11800) MAIN: Failed to read DS18B20[0m
[0;31mE (12800) MAIN: Failed to read DS18B20[0m
[0;31mE (13800) MAIN: Failed to read DS18B20[0m
[0;31mE (14800) MAIN: Failed to read DS18B20[0m
[0;31mE (15800) MAIN: Failed to read DS18B20[0m
[0;31mE (16800) MAIN: Failed to read DS18B20[0m
[0;31mE (17800) MAIN: Failed to read DS18B20[0m
[0;31mE (18800) MAIN: Failed to read DS18B20[0m
[0;31mE (19800) MAIN: Failed to read DS18B20[0m
[0;31mE (20800) MAIN: Failed to read DS18B20[0m
[0;31mE (21800) MAIN: Failed to read DS18B20[0m
[0;31mE (22800) MAIN: Failed to read DS18B20[0m
[0;31mE (23800) MAIN: Failed to read DS18B20[0m
[0;31mE (24800) MAIN: Failed to read DS18B20[0m
[0;31mE (25800) MAIN: Failed to read DS18B20[0m
[0;31mE (26800) MAIN: Failed to read DS18B20[0m
[0;31mE (27800) MAIN: Failed to read DS18B20[0m
[0;31mE (28800) MAIN: Failed to read DS18B20[0m
[0;31mE (29800) MAIN: Failed to read DS18B20[0m
[0;31mE (30800) MAIN: Failed to read DS18B20[0m
[0;31mE (31800) MAIN: Failed to read DS18B20[0m
[0;31mE (32800) MAIN: Failed to read DS18B20[0m
[0;31mE (33800) MAIN: Failed to read DS18B20[0m
[0;31mE (34800) MAIN: Failed to read DS18B20[0m
[0;31mE (35800) MAIN: Failed to read DS18B20[0m
[0;31mE (36800) MAIN: Failed to read DS18B20[0m
[0;31mE (37800) MAIN: Failed to read DS18B20[0m
[0;31mE (38800) MAIN: Failed to read DS18B20[0m
[0;31mE (39800) MAIN: Failed to read DS18B20[0m
[0;31mE (40800) MAIN: Failed to read DS18B20[0m
[0;31mE (41800) MAIN: Failed to read DS18B20[0m
[0;31mE (42800) MAIN: Failed to read DS18B20[0m
[0;31mE (43800) MAIN: Failed to read DS18B20[0m
[0;31mE (44800) MAIN: Failed to read DS18B20[0m
[0;31mE (45800) MAIN: Failed to read DS18B20[0m
[0;31mE (46800) MAIN: Failed to read DS18B20[0m
[0;31mE (47800) MAIN: Failed to read DS18B20[0m
[0;31mE (48800) MAIN: Failed to read DS18B20[0m
[0;31mE (49800) MAIN: Failed to read DS18B20[0m
[0;31mE (50800) MAIN: Failed to read DS18B20[0m
[0;31mE (51800) MAIN: Failed to read DS18B20[0m
[0;31mE (52800) MAIN: Failed to read DS18B20[0m
[0;31mE (53800) MAIN: Failed to read DS18B20[0m
[0;31mE (54800) MAIN: Failed to read DS18B20[0m
[0;31mE (55800) MAIN: Failed to read DS18B20[0m
[0;31mE (56800) MAIN: Failed to read DS18B20[0m
[0;31mE (57800) MAIN: Failed to read DS18B20[0m
[0;31mE (58800) MAIN: Failed to read DS18B20[0m
[0;31mE (59800) MAIN: Failed to read DS18B20[0m
[0;31mE (60800) MAIN: Failed to read DS18B20[0m
[0;31mE (61800) MAIN: Failed to read DS18B20[0m
[0;31mE (62800) MAIN: Failed to read DS18B20[0m
[0;31mE (63800) MAIN: Failed to read DS18B20[0m
[0;31mE (64800) MAIN: Failed to read DS18B20[0m
[0;31mE (65800) MAIN: Failed to read DS18B20[0m
[0;31mE (66800) MAIN: Failed to read DS18B20[0m
[0;31mE (67800) MAIN: Failed to read DS18B20[0m
[0;31mE (68800) MAIN: Failed to read DS18B20[0m
[0;31mE (69800) MAIN: Failed to read DS18B20[0m
[0;31mE (70800) MAIN: Failed to read DS18B20[0m
[0;31mE (71800) MAIN: Failed to read DS18B20[0m
[0;31mE (72800) MAIN: Failed to read DS18B20[0m
[0;31mE (73800) MAIN: Failed to read DS18B20[0m
[0;31mE (74800) MAIN: Failed to read DS18B20[0m
[0;31mE (75800) MAIN: Failed to read DS18B20[0m
[0;31mE (76800) MAIN: Failed to read DS18B20[0m
ï¿½ï¿½ï¿½ï¿½ï¿½ï¿½ï¿½ï¿½ï¿½ï¿½ï¿½ï¿½ï¿½ï¿½ï¿½ï¿½ï¿½ï¿½ï¿½ï¿½ï¿½ï¿½ï¿½ï¿½ï¿½ï¿½ï¿½ï¿½ï¿½ï¿½ï¿½ï¿½ï¿½ï¿½ï¿½ï¿½ï¿½ï¿½ï¿½ï¿½ï¿½ï¿½ï¿½ï¿½ï¿½ï¿½ï¿½ï¿½ï¿½ï¿½ï¿½ï¿½ï¿½ï¿½ï¿½ï¿½ï¿½ï¿½ï¿½ï¿½ï¿½ï¿½ï¿½ï¿½31mE (77800) MAIN: Failed to read DS18B20[0m
[0;31mE (78800) MAIN: Failed to read DS18B20[0m
[0;31mE (79800) MAIN: Failed to read DS18B20[0m
[0;31mE (80800) MAIN: Failed to read DS18B20[0m
[0;31mE (81800) MAIN: Failed to read DS18B20[0m
[0;31mE (82800) MAIN: Failed to read DS18B20[0m
[0;31mE (83800) MAIN: Failed to read DS18B20[0m
[0;31mE (84800) MAIN: Failed to read DS18B20[0m
[0;31mE (85800) MAIN: Failed to read DS18B20[0m
[0;31mE (86800) MAIN: Failed to read DS18B20[0m
[0;31mE (87800) MAIN: Failed to read DS18B20[0m
[0;31mE (88800) MAIN: Failed to read DS18B20[0m
[0;31mE (89800) MAIN: Failed to read DS18B20[0m
[0;31mE (90800) MAIN: Failed to read DS18B20[0m
[0;31mE (91800) MAIN: Failed to read DS18B20[0m
[0;31mE (92800) MAIN: Failed to read DS18B20[0m
[0;31mE (93800) MAIN: Failed to read DS18B20[0m
[0;31mE (94800) MAIN: Failed to read DS18B20[0m
[0;31mE (95800) MAIN: Failed to read DS18B20[0m
[0;31mE (96800) MAIN: Failed to read DS18B20[0m
[0;31mE (97800) MAIN: Failed to read DS18B20[0m
[0;31mE (98800) MAIN: Failed to read DS18B20[0m
[0;31mE (99800) MAIN: Failed to read DS18B20[0m
[0;31mE (100800) MAIN: Failed to read DS18B20[0m
[0;31mE (101800) MAIN: Failed to read DS18B20[0m
[0;31mE (102800) MAIN: Failed to read DS18B20[0m
[0;31mE (103800) MAIN: Failed to read DS18B20[0m
[0;31mE (104800) MAIN: Failed to read DS18B20[0m
[0;31mE (105800) MAIN: Failed to read DS18B20[0m
[0;31mE (106800) MAIN: Failed to read DS18B20[0m
[0;31mE (107800) MAIN: Failed to read DS18B20[0m
[0;31mE (108800) MAIN: Failed to read DS18B20[0m
[0;31mE (109800) MAIN: Failed to read DS18B20[0m
[0;31mE (110800) MAIN: Failed to read DS18B20[0m
[0;31mE (111800) MAIN: Failed to read DS18B20[0m
[0;31mE (112800) MAIN: Failed to read DS18B20[0m
[0;31mE (113800) MAIN: Failed to read DS18B20[0m
[0;31mE (114800) MAIN: Failed to read DS18B20[0m
[0;31mE (115800) MAIN: Failed to read DS18B20[0m
[0;31mE (116800) MAIN: Failed to read DS18B20[0m
[0;31mE (117800) MAIN: Failed to read DS18B20[0m
[0;31mE (118800) MAIN: Failed to read DS18B20[0m
[0;31mE (119800) MAIN: Failed to read DS18B20[0m
[0;31mE (120800) MAIN: Failed to read DS18B20[0m
[0;31mE (121800) MAIN: Failed to read DS18B20[0m
[0;31mE (122800) MAIN: Failed to read DS18B20[0m
[0;31mE (123800) MAIN: Failed to read DS18B20[0m
[0;31mE (124800) MAIN: Failed to read DS18B20[0m
[0;31mE (125800) MAIN: Failed to read DS18B20[0m
[0;31mE (126800) MAIN: Failed to read DS18B20[0m
[0;31mE (127800) MAIN: Failed to read DS18B20[0m
[0;31mE (128800) MAIN: Failed to read DS18B20[0m
[0;31mE (129800) MAIN: Failed to read DS18B20[0m
[0;31mE (130800) MAIN: Failed to read DS18B20[0m
[0;31mE (131800) MAIN: Failed to read DS18B20[0m
[0;31mE (132800) MAIN: Failed to read DS18B20[0m
[0;31mE (133800) MAIN: Failed to read DS18B20[0m
[0;31mE (134800) MAIN: Failed to read DS18B20[0m
[0;31mE (135800) MAIN: Failed to read DS18B20[0m
[0;31mE (136800) MAIN: Failed to read DS18B20[0m
[0;31mE (137800) MAIN: Failed to read DS18B20[0m
[0;31mE (138800) MAIN: Failed to read DS18B20[0m
[0;31mE (139799) MAIN: Failed to read DS18B20[0m
[0;31mE (140800) MAIN: Failed to read DS18B20[0m
[0;31mE (141800) MAIN: Failed to read DS18B20[0m
[0;31mE (142800) MAIN: Failed to read DS18B20[0m
[0;31mE (143800) MAIN: Failed to read DS18B20[0m
[0;31mE (144800) MAIN: Failed to read DS18B20[0m
[0;31mE (145800) MAIN: Failed to read DS18B20[0m
ï¿½ï¿½ï¿½ï¿½ï¿½ï¿½ï¿½ï¿½ï¿½ï¿½ï¿½ï¿½ï¿½ï¿½ï¿½ï¿½ï¿½ï¿½ï¿½ï¿½ï¿½ï¿½ï¿½ï¿½ï¿½ï¿½ï¿½ï¿½ï¿½ï¿½ï¿½ï¿½ï¿½ï¿½ï¿½ï¿½ï¿½ï¿½ï¿½ï¿½ï¿½ï¿½ï¿½ï¿½ï¿½ï¿½ï¿½ï¿½ï¿½ï¿½ï¿½ï¿½ï¿½ï¿½ï¿½ï¿½ï¿½ï¿½ï¿½ï¿½ï¿½ï¿½ï¿½ï¿½[0;31mE (146800) MAIN: Failed to read DS18B20[0m
[0;31mE (147800) MAIN: Failed to read DS18B20[0m
[0;31mE (148800) MAIN: Failed to read DS18B20[0m
[0;31mE (149800) MAIN: Failed to read DS18B20[0m
[0;31mE (150800) MAIN: Failed to read DS18B20[0m
[0;31mE (151800) MAIN: Failed to read DS18B20[0m
[0;31mE (152800) MAIN: Failed to read DS18B20[0m
[0;31mE (153800) MAIN: Failed to read DS18B20[0m
[0;31mE (154800) MAIN: Failed to read DS18B20[0m
[0;31mE (155800) MAIN: Failed to read DS18B20[0m
[0;31mE (156800) MAIN: Failed to read DS18B20[0m
[0;31mE (157800) MAIN: Failed to read DS18B20[0m
[0;31mE (158800) MAIN: Failed to read DS18B20[0m
[0;31mE (159800) MAIN: Failed to read DS18B20[0m
[0;31mE (160800) MAIN: Failed to read DS18B20[0m
[0;31mE (161800) MAIN: Failed to read DS18B20[0m
[0;31mE (162800) MAIN: Failed to read DS18B20[0m
[0;31mE (163800) MAIN: Failed to read DS18B20[0m
[0;31mE (164800) MAIN: Failed to read DS18B20[0m
[0;31mE (165800) MAIN: Failed to read DS18B20[0m
[0;31mE (166800) MAIN: Failed to read DS18B20[0m
[0;31mE (167800) MAIN: Failed to read DS18B20[0m
[0;31mE (168800) MAIN: Failed to read DS18B20[0m
[0;31mE (169800) MAIN: Failed to read DS18B20[0m
[0;31mE (170800) MAIN: Failed to read DS18B20[0m
[0;31mE (171800) MAIN: Failed to read DS18B20[0m
[0;31mE (172800) MAIN: Failed to read DS18B20[0m
[0;31mE (173800) MAIN: Failed to read DS18B20[0m
[0;31mE (174800) MAIN: Failed to read DS18B20[0m
[0;31mE (175800) MAIN: Failed to read DS18B20[0m
[0;31mE (176800) MAIN: Failed to read DS18B20[0m
[0;31mE (177800) MAIN: Failed to read DS18B20[0m
[0;31mE (178800) MAIN: Failed to read DS18B20[0m
[0;31mE (179800) MAIN: Failed to read DS18B20[0m
[0;31mE (180800) MAIN: Failed to read DS18B20[0m
[0;31mE (181800) MAIN: Failed to read DS18B20[0m
[0;31mE (182800) MAIN: Failed to read DS18B20[0m
[0;31mE (183800) MAIN: Failed to read DS18B20[0m
[0;31mE (184800) MAIN: Failed to read DS18B20[0m
[0;31mE (185800) MAIN: Failed to read DS18B20[0m
[0;31mE (186800) MAIN: Failed to read DS18B20[0m
[0;31mE (187800) MAIN: Failed to read DS18B20[0m
[0;31mE (188800) MAIN: Failed to read DS18B20[0m
[0;31mE (189800) MAIN: Failed to read DS18B20[0m
[0;31mE (190800) MAIN: Failed to read DS18B20[0m
[0;31mE (191800) MAIN: Failed to read DS18B20[0m
[0;31mE (192800) MAIN: Failed to read DS18B20[0m
[0;31mE (193800) MAIN: Failed to read DS18B20[0m
[0;31mE (194800) MAIN: Failed to read DS18B20[0m
[0;31mE (195800) MAIN: Failed to read DS18B20[0m
[0;31mE (196800) MAIN: Failed to read DS18B20[0m
[0;31mE (197800) MAIN: Failed to read DS18B20[0m
[0;31mE (198800) MAIN: Failed to read DS18B20[0m
[0;31mE (199800) MAIN: Failed to read DS18B20[0m
[0;31mE (200800) MAIN: Failed to read DS18B20[0m
[0;31mE (201800) MAIN: Failed to read DS18B20[0m
[0;31mE (202800) MAIN: Failed to read DS18B20[0m
[0;31mE (203799) MAIN: Failed to read DS18B20[0m
[0;31mE (204800) MAIN: Failed to read DS18B20[0m
[0;31mE (205800) MAIN: Failed to read DS18B20[0m
[0;31mE (206800) MAIN: Failed to read DS18B20[0m
[0;31mE (207800) MAIN: Failed to read DS18B20[0m
[0;31mE (208800) MAIN: Failed to read DS18B20[0m
[0;31mE (209800) MAIN: Failed to read DS18B20[0m
[0;31mE (210800) MAIN: Failed to read DS18B20[0m
[0;31mE (211800) MAIN: Failed to read DS18B20[0m
[0;31mE (212800) MAIN: Failed to read DS18B20[0m
[0;31mE (213800) MAIN: Failed to read DS18B20[0m
[0;31mE (214800) MAIN: Failed to read DS18B20[0m
[0;31mE (215800) MAIN: Failed to read DS18B20[0m
[0;31mE (216800) MAIN: Failed to read DS18B20[0m
[0;31mE (217800) MAIN: Failed to read DS18B20[0m
[0;31mE (218800) MAIN: Failed to read DS18B20[0m
[0;31mE (219800) MAIN: Failed to read DS18B20[0m
[0;31mE (220800) MAIN: Failed to read DS18B20[0m
[0;31mE (221800) MAIN: Failed to read DS18B20[0m
[0;31mE (222800) MAIN: Failed to read DS18B20[0m
[0;31mE (223800) MAIN: Failed to read DS18B20[0m
[0;31mE (224800) MAIN: Failed to read DS18B20[0m
[0;31mE (225800) MAIN: Failed to read DS18B20[0m
[0;31mE (226800) MAIN: Failed to read DS18B20[0m
[0;31mE (227800) MAIN: Failed to read DS18B20[0m
[0;31mE (228800) MAIN: Failed to read DS18B20[0m
[0;31mE (229800) MAIN: Failed to read DS18B20[0m
[0;31mE (230800) MAIN: Failed to read DS18B20[0m
[0;31mE (231800) MAIN: Failed to read DS18B20[0m
[0;31mE (232800) MAIN: Failed to read DS18B20[0m
[0;31mE (233800) MAIN: Failed to read DS18B20[0m
[0;31mE (234800) MAIN: Failed to read DS18B20[0m
[0;31mE (235800) MAIN: Failed to read DS18B20[0m
[0;31mE (236800) MAIN: Failed to read DS18B20[0m
[0;31mE (237800) MAIN: Failed to read DS18B20[0m
[0;31mE (238800) MAIN: Failed to read DS18B20[0m
[0;31mE (239800) MAIN: Failed to read DS18B20[0m
[0;31mE (240800) MAIN: Failed to read DS18B20[0m
[0;31mE (241800) MAIN: Failed to read DS18B20[0m
[0;31mE (242800) MAIN: Failed to read DS18B20[0m
[0;31mE (243800) MAIN: Failed to read DS18B20[0m
[0;31mE (244800) MAIN: Failed to read DS18B20[0m
[0;31mE (245800) MAIN: Failed to read DS18B20[0m
[0;31mE (246800) MAIN: Failed to read DS18B20[0m
[0;31mE (247800) MAIN: Failed to read DS18B20[0m
[0;31mE (248800) MAIN: Failed to read DS18B20[0m
