ets Jul 29 2019 12:21:46

rst:0x1 (POWERON_RESET),boot:0x17 (SPI_FAST_FLASH_BOOT)
configsip: 0, SPIWP:0xee
clk_drv:0x00,q_drv:0x00,d_drv:0x00,cs0_drv:0x00,hd_drv:0x00,wp_drv:0x00
mode:DIO, clock div:2
load:0x3fff0030,len:7172
load:0x40078000,len:15620
load:0x40080400,len:4
ho 8 tail 4 room 4
load:0x40080404,len:3904
entry 0x40080640
[0;32mI (31) boot: ESP-IDF v5.2.5-dirty 2nd stage bootloader[0m
[0;32mI (31) boot: compile time Jun  7 2025 18:27:38[0m
[0;32mI (31) boot: Multicore bootloader[0m
[0;32mI (36) boot: chip revision: v3.1[0m
[0;32mI (40) boot.esp32: SPI Speed      : 40MHz[0m
[0;32mI (44) boot.esp32: SPI Mode       : DIO[0m
[0;32mI (49) boot.esp32: SPI Flash Size : 4MB[0m
[0;32mI (53) boot: Enabling RNG early entropy source...[0m
[0;32mI (59) boot: Partition Table:[0m
[0;32mI (62) boot: ## Label            Usage          Type ST Offset   Length[0m
[0;32mI (70) boot:  0 nvs              WiFi data        01 02 00009000 00006000[0m
[0;32mI (77) boot:  1 phy_init         RF data          01 01 0000f000 00001000[0m
[0;32mI (85) boot:  2 factory          factory app      00 00 00010000 00180000[0m
[0;32mI (92) boot: End of partition table[0m
[0;32mI (96) esp_image: segment 0: paddr=00010020 vaddr=3f400020 size=11d44h ( 73028) map[0m
[0;32mI (130) esp_image: segment 1: paddr=00021d6c vaddr=3ffbdb60 size=03be0h ( 15328) load[0m
[0;32mI (136) esp_image: segment 2: paddr=00025954 vaddr=40080000 size=0a6c4h ( 42692) load[0m
[0;32mI (153) esp_image: segment 3: paddr=00030020 vaddr=400d0020 size=2c480h (181376) map[0m
[0;32mI (215) esp_image: segment 4: paddr=0005c4a8 vaddr=4008a6c4 size=06910h ( 26896) load[0m
[0;32mI (235) boot: Loaded app from partition at offset 0x10000[0m
[0;32mI (235) boot: Disabling RNG early entropy source...[0m
[0;32mI (246) cpu_start: Multicore app[0m
[0;32mI (256) cpu_start: Pro cpu start user code[0m
[0;32mI (256) cpu_start: cpu freq: 160000000 Hz[0m
[0;32mI (256) cpu_start: Application information:[0m
[0;32mI (259) cpu_start: Project name:     main[0m
[0;32mI (263) cpu_start: App version:      c9125ae-dirty[0m
[0;32mI (269) cpu_start: Compile time:     Jun 11 2025 15:42:32[0m
[0;32mI (275) cpu_start: ELF file SHA256:  cd222bb6a...[0m
[0;32mI (280) cpu_start: ESP-IDF:          v5.2.5-dirty[0m
[0;32mI (286) cpu_start: Min chip rev:     v0.0[0m
[0;32mI (290) cpu_start: Max chip rev:     v3.99 [0m
[0;32mI (295) cpu_start: Chip rev:         v3.1[0m
[0;32mI (300) heap_init: Initializing. RAM available for dynamic allocation:[0m
[0;32mI (307) heap_init: At 3FFAE6E0 len 0000F480 (61 KiB): DRAM[0m
[0;32mI (313) heap_init: At 3FFCC880 len 00013780 (77 KiB): DRAM[0m
[0;32mI (319) heap_init: At 3FFE0440 len 00003AE0 (14 KiB): D/IRAM[0m
[0;32mI (326) heap_init: At 3FFE4350 len 0001BCB0 (111 KiB): D/IRAM[0m
[0;32mI (332) heap_init: At 40090FD4 len 0000F02C (60 KiB): IRAM[0m
[0;32mI (340) spi_flash: detected chip: generic[0m
[0;32mI (343) spi_flash: flash io: dio[0m
[0;33mW (347) i2c: This driver is an old driver, please migrate your application code to adapt `driver/i2c_master.h`[0m
[0;32mI (358) coexist: coex firmware version: 994b23e[0m
[0;32mI (364) main_task: Started on CPU0[0m
[0;32mI (367) main_task: Calling app_main()[0m
[0;32mI (372) SD_CARD_SPI: Mounting SD card at /data[0m
[0;32mI (377) gpio: GPIO[5]| InputEn: 0| OutputEn: 1| OpenDrain: 0| Pullup: 0| Pulldown: 0| Intr:0 [0m
[0;32mI (387) sdspi_transaction: cmd=52, R1 response: command not supported[0m
[0;32mI (435) sdspi_transaction: cmd=5, R1 response: command not supported[0m
Name: 00000
Type: SDHC/SDXC
Speed: 20.00 MHz (limit: 20.00 MHz)
Size: 14910MB
CSD: ver=2, sector_size=512, capacity=30535680 read_bl_len=9
SSR: bus_width=1
[0;32mI (462) gpio: GPIO[0]| InputEn: 1| OutputEn: 0| OpenDrain: 0| Pullup: 1| Pulldown: 0| Intr:0 [0m
[0;32mI (471) gpio: GPIO[15]| InputEn: 0| OutputEn: 1| OpenDrain: 0| Pullup: 0| Pulldown: 0| Intr:0 [0m
[0;32mI (481) main_task: Returned from app_main()[0m
[0;32mI (482) INMP441_I2S: INMP441 I2S initialized with 16000, 32 bit, mono (left)[0m
[0;32mI (483) MPU6500: Initializating MPU6500[0m
[0;32mI (483) BMP280: Initializating BMP280[0m
[0;32mI (615) DS18B20_1_WIRE: Initializating DS18B20[0m
32.250000            1144169
32.250000            2144082
32.250000            3144082
32.250000            4144082
32.250000            5144082
32.250000            6144082
32.250000            7144082
32.250000            8144082
32.250000            9144082
[0;32mI (10580) MAIN: Recording: ON[0m
[0;32mI (10587) SD_CARD_SPI: Started writing to file: /data/data2.bin[0m
32.250000            10144082
32.250000            11144083
32.250000            12144083
32.250000            13144087
32.250000            14144163
32.250000            15144083
32.250000            16144101
32.250000            17144101
32.250000            18144101
32.250000            19144101
32.250000            20144083
32.250000            21144173
32.250000            22144101
32.250000            23144101
32.250000            24144101
32.250000            25144175
32.250000            26144083
32.250000            27144083
32.250000            28144101
32.250000            29144101
32.250000            30144083
32.250000            31144083
32.250000            32144083
32.250000            33144083
32.250000            34144083
32.250000            35144083
32.250000            36144083
32.250000            37144181
32.250000            38144083
32.250000            39144101
32.250000            40144083
32.250000            41144083
32.250000            42144083
32.250000            43144101
32.250000            44144083
[0;32mI (45330) MAIN: Recording: OFF[0m
[0;32mI (45358) SD_CARD_SPI: File closed[0m
32.250000            45144081
32.250000            46144080
32.250000            47144080
32.250000            48144080
32.250000            49144080
32.250000            50144080
32.250000            51144080
32.250000            52144080
32.250000            53144080
32.250000            54144080
32.250000            55144080
32.250000            56144080
32.250000            57144080
32.250000            58144080
32.250000            59144080
ï¿½ï¿½ï¿½ï¿½ï¿½ï¿½ï¿½ï¿½ï¿½ï¿½ï¿½ï¿½ï¿½ï¿½ï¿½ï¿½ï¿½ï¿½ï¿½ï¿½ï¿½ï¿½ï¿½ï¿½ï¿½ï¿½ï¿½ï¿½ï¿½ï¿½ï¿½ï¿½ï¿½ï¿½ï¿½ï¿½ï¿½ï¿½ï¿½ï¿½ï¿½ï¿½ï¿½ï¿½ï¿½ï¿½ï¿½ï¿½ï¿½ï¿½ï¿½ï¿½ï¿½ï¿½ï¿½ï¿½ï¿½ï¿½ï¿½ï¿½ï¿½ï¿½ï¿½ï¿½2.250000            60144080
32.250000            61144080
32.250000            62144080
32.250000            63144080
32.250000            64144080
32.250000            65144080
32.250000            66144080
32.250000            67144080
32.250000            68144080
32.250000            69144080
32.250000            70144080
32.250000            71144080
32.250000            72144080
ï¿½ï¿½ï¿½ï¿½ï¿½ï¿½ï¿½ï¿½ï¿½ï¿½ï¿½ï¿½ï¿½ï¿½ï¿½ï¿½ï¿½ï¿½ï¿½ï¿½ï¿½ï¿½ï¿½ï¿½ï¿½ï¿½ï¿½ï¿½ï¿½ï¿½ï¿½ï¿½ï¿½ï¿½ï¿½ï¿½ï¿½ï¿½ï¿½ï¿½ï¿½ï¿½ï¿½ï¿½ï¿½ï¿½ï¿½ï¿½ï¿½ï¿½ï¿½ï¿½ï¿½ï¿½ï¿½ï¿½ï¿½ï¿½ï¿½ï¿½ï¿½ï¿½ï¿½ï¿½.250000            73144080
32.250000            74144080
32.250000            75144080
32.250000            76144080
32.250000            77144080
32.250000            78144080
32.250000            79144080
32.250000            80144080
32.250000            81144080
32.250000            82144080
32.250000            83144080
32.250000            84144080
32.250000            85144080
32.250000            86144080
32.250000            87144080
32.250000            88144080
32.250000            89144080
